Component: ARM Compiler 5.06 update 7 (build 960) Tool: armlink [4d3601]

==============================================================================

Section Cross References

    startup_stm32f407xx.o(STACK) refers (Special) to heapauxi.o(.text) for __use_two_region_memory
    startup_stm32f407xx.o(HEAP) refers (Special) to heapauxi.o(.text) for __use_two_region_memory
    startup_stm32f407xx.o(RESET) refers (Special) to heapauxi.o(.text) for __use_two_region_memory
    startup_stm32f407xx.o(RESET) refers to startup_stm32f407xx.o(STACK) for __initial_sp
    startup_stm32f407xx.o(RESET) refers to startup_stm32f407xx.o(.text) for Reset_Handler
    startup_stm32f407xx.o(RESET) refers to stm32f4xx_it.o(i.NMI_Handler) for NMI_Handler
    startup_stm32f407xx.o(RESET) refers to stm32f4xx_it.o(i.HardFault_Handler) for HardFault_Handler
    startup_stm32f407xx.o(RESET) refers to stm32f4xx_it.o(i.MemManage_Handler) for MemManage_Handler
    startup_stm32f407xx.o(RESET) refers to stm32f4xx_it.o(i.BusFault_Handler) for BusFault_Handler
    startup_stm32f407xx.o(RESET) refers to stm32f4xx_it.o(i.UsageFault_Handler) for UsageFault_Handler
    startup_stm32f407xx.o(RESET) refers to stm32f4xx_it.o(i.SVC_Handler) for SVC_Handler
    startup_stm32f407xx.o(RESET) refers to stm32f4xx_it.o(i.DebugMon_Handler) for DebugMon_Handler
    startup_stm32f407xx.o(RESET) refers to stm32f4xx_it.o(i.PendSV_Handler) for PendSV_Handler
    startup_stm32f407xx.o(RESET) refers to stm32f4xx_it.o(i.SysTick_Handler) for SysTick_Handler
    startup_stm32f407xx.o(RESET) refers to stm32f4xx_it.o(i.TIM3_IRQHandler) for TIM3_IRQHandler
    startup_stm32f407xx.o(RESET) refers to stm32f4xx_it.o(i.USART1_IRQHandler) for USART1_IRQHandler
    startup_stm32f407xx.o(RESET) refers to stm32f4xx_it.o(i.USART2_IRQHandler) for USART2_IRQHandler
    startup_stm32f407xx.o(RESET) refers to stm32f4xx_it.o(i.DMA2_Stream0_IRQHandler) for DMA2_Stream0_IRQHandler
    startup_stm32f407xx.o(RESET) refers to stm32f4xx_it.o(i.DMA2_Stream7_IRQHandler) for DMA2_Stream7_IRQHandler
    startup_stm32f407xx.o(.text) refers (Special) to heapauxi.o(.text) for __use_two_region_memory
    startup_stm32f407xx.o(.text) refers to system_stm32f4xx.o(i.SystemInit) for SystemInit
    startup_stm32f407xx.o(.text) refers to __main.o(!!!main) for __main
    startup_stm32f407xx.o(.text) refers to startup_stm32f407xx.o(HEAP) for Heap_Mem
    startup_stm32f407xx.o(.text) refers to startup_stm32f407xx.o(STACK) for Stack_Mem
    main.o(i.HAL_UART_RxCpltCallback) refers to jy901s.o(i.JY901S_UART_RxHandler) for JY901S_UART_RxHandler
    main.o(i.HAL_UART_RxCpltCallback) refers to stm32f4xx_hal_uart.o(i.HAL_UART_Receive_IT) for HAL_UART_Receive_IT
    main.o(i.HAL_UART_RxCpltCallback) refers to main.o(.bss) for jy_rx_buf
    main.o(i.HAL_UART_RxCpltCallback) refers to main.o(.data) for flag2
    main.o(i.LED_Init_All) refers to led.o(i.LED_Init) for LED_Init
    main.o(i.LED_Init_All) refers to main.o(.data) for LED0
    main.o(i.LED_Test) refers to led.o(i.LED_On) for LED_On
    main.o(i.LED_Test) refers to stm32f4xx_hal.o(i.HAL_Delay) for HAL_Delay
    main.o(i.LED_Test) refers to led.o(i.LED_Off) for LED_Off
    main.o(i.LED_Test) refers to main.o(.data) for LED0
    main.o(i.MOTOR_Test) refers to a4950.o(i.A4950_SetLeft) for A4950_SetLeft
    main.o(i.MOTOR_Test) refers to a4950.o(i.A4950_SetRight) for A4950_SetRight
    main.o(i.MOTOR_Test) refers to stm32f4xx_hal.o(i.HAL_Delay) for HAL_Delay
    main.o(i.MOTOR_Test) refers to a4950.o(i.A4950_Brake) for A4950_Brake
    main.o(i.MOTOR_Test) refers to main.o(.bss) for htim1
    main.o(i.MX_ADC1_Init) refers to stm32f4xx_hal_adc.o(i.HAL_ADC_Init) for HAL_ADC_Init
    main.o(i.MX_ADC1_Init) refers to main.o(i.Error_Handler) for Error_Handler
    main.o(i.MX_ADC1_Init) refers to stm32f4xx_hal_adc.o(i.HAL_ADC_ConfigChannel) for HAL_ADC_ConfigChannel
    main.o(i.MX_ADC1_Init) refers to main.o(.bss) for hadc1
    main.o(i.MX_DMA_Init) refers to stm32f4xx_hal_cortex.o(i.HAL_NVIC_SetPriority) for HAL_NVIC_SetPriority
    main.o(i.MX_DMA_Init) refers to stm32f4xx_hal_cortex.o(i.HAL_NVIC_EnableIRQ) for HAL_NVIC_EnableIRQ
    main.o(i.MX_GPIO_Init) refers to rt_memclr_w.o(.text) for __aeabi_memclr4
    main.o(i.MX_GPIO_Init) refers to stm32f4xx_hal_gpio.o(i.HAL_GPIO_WritePin) for HAL_GPIO_WritePin
    main.o(i.MX_GPIO_Init) refers to stm32f4xx_hal_gpio.o(i.HAL_GPIO_Init) for HAL_GPIO_Init
    main.o(i.MX_TIM1_Init) refers to rt_memclr_w.o(.text) for __aeabi_memclr4
    main.o(i.MX_TIM1_Init) refers to stm32f4xx_hal_tim.o(i.HAL_TIM_Base_Init) for HAL_TIM_Base_Init
    main.o(i.MX_TIM1_Init) refers to main.o(i.Error_Handler) for Error_Handler
    main.o(i.MX_TIM1_Init) refers to stm32f4xx_hal_tim.o(i.HAL_TIM_ConfigClockSource) for HAL_TIM_ConfigClockSource
    main.o(i.MX_TIM1_Init) refers to stm32f4xx_hal_tim.o(i.HAL_TIM_PWM_Init) for HAL_TIM_PWM_Init
[...]
    ..\Core\Src\stm32f4xx_it.c               0x00000000   Number         0  stm32f4xx_it.o ABSOLUTE
    ..\Core\Src\system_stm32f4xx.c           0x00000000   Number         0  system_stm32f4xx.o ABSOLUTE
    ..\Drivers\STM32F4xx_HAL_Driver\Src\stm32f4xx_hal.c 0x00000000   Number         0  stm32f4xx_hal.o ABSOLUTE
    ..\Drivers\STM32F4xx_HAL_Driver\Src\stm32f4xx_hal_adc.c 0x00000000   Number         0  stm32f4xx_hal_adc.o ABSOLUTE
    ..\Drivers\STM32F4xx_HAL_Driver\Src\stm32f4xx_hal_adc_ex.c 0x00000000   Number         0  stm32f4xx_hal_adc_ex.o ABSOLUTE
    ..\Drivers\STM32F4xx_HAL_Driver\Src\stm32f4xx_hal_cortex.c 0x00000000   Number         0  stm32f4xx_hal_cortex.o ABSOLUTE
    ..\Drivers\STM32F4xx_HAL_Driver\Src\stm32f4xx_hal_dma.c 0x00000000   Number         0  stm32f4xx_hal_dma.o ABSOLUTE
    ..\Drivers\STM32F4xx_HAL_Driver\Src\stm32f4xx_hal_dma_ex.c 0x00000000   Number         0  stm32f4xx_hal_dma_ex.o ABSOLUTE
    ..\Drivers\STM32F4xx_HAL_Driver\Src\stm32f4xx_hal_exti.c 0x00000000   Number         0  stm32f4xx_hal_exti.o ABSOLUTE
    ..\Drivers\STM32F4xx_HAL_Driver\Src\stm32f4xx_hal_flash.c 0x00000000   Number         0  stm32f4xx_hal_flash.o ABSOLUTE
    ..\Drivers\STM32F4xx_HAL_Driver\Src\stm32f4xx_hal_flash_ex.c 0x00000000   Number         0  stm32f4xx_hal_flash_ex.o ABSOLUTE
    ..\Drivers\STM32F4xx_HAL_Driver\Src\stm32f4xx_hal_flash_ramfunc.c 0x00000000   Number         0  stm32f4xx_hal_flash_ramfunc.o ABSOLUTE
    ..\Drivers\STM32F4xx_HAL_Driver\Src\stm32f4xx_hal_gpio.c 0x00000000   Number         0  stm32f4xx_hal_gpio.o ABSOLUTE
    ..\Drivers\STM32F4xx_HAL_Driver\Src\stm32f4xx_hal_pwr.c 0x00000000   Number         0  stm32f4xx_hal_pwr.o ABSOLUTE
    ..\Drivers\STM32F4xx_HAL_Driver\Src\stm32f4xx_hal_pwr_ex.c 0x00000000   Number         0  stm32f4xx_hal_pwr_ex.o ABSOLUTE
    ..\Drivers\STM32F4xx_HAL_Driver\Src\stm32f4xx_hal_rcc.c 0x00000000   Number         0  stm32f4xx_hal_rcc.o ABSOLUTE
    ..\Drivers\STM32F4xx_HAL_Driver\Src\stm32f4xx_hal_rcc_ex.c 0x00000000   Number         0  stm32f4xx_hal_rcc_ex.o ABSOLUTE
    ..\Drivers\STM32F4xx_HAL_Driver\Src\stm32f4xx_hal_tim.c 0x00000000   Number         0  stm32f4xx_hal_tim.o ABSOLUTE
    ..\Drivers\STM32F4xx_HAL_Driver\Src\stm32f4xx_hal_tim_ex.c 0x00000000   Number         0  stm32f4xx_hal_tim_ex.o ABSOLUTE
    ..\Drivers\STM32F4xx_HAL_Driver\Src\stm32f4xx_hal_uart.c 0x00000000   Number         0  stm32f4xx_hal_uart.o ABSOLUTE
    ..\\app\\A4950\\A4950.c                  0x00000000   Number         0  a4950.o ABSOLUTE
    ..\\app\\JY901S\\JY901S.c                0x00000000   Number         0  jy901s.o ABSOLUTE
    ..\\app\\KEY\\key.c                      0x00000000   Number         0  key.o ABSOLUTE
    ..\\app\\LED\\led.c                      0x00000000   Number         0  led.o ABSOLUTE
    ..\\app\\cliff_sensor\\cliff_sensor.c    0x00000000   Number         0  cliff_sensor.o ABSOLUTE
    ..\\app\\crash_sensor\\crash_sensor.c    0x00000000   Number         0  crash_sensor.o ABSOLUTE
    ..\\app\\encoder\\encoder.c              0x00000000   Number         0  encoder.o ABSOLUTE
    ..\app\A4950\A4950.c                     0x00000000   Number         0  a4950.o ABSOLUTE
    ..\app\JY901S\JY901S.c                   0x00000000   Number         0  jy901s.o ABSOLUTE
    ..\app\KEY\key.c                         0x00000000   Number         0  key.o ABSOLUTE
    ..\app\LED\led.c                         0x00000000   Number         0  led.o ABSOLUTE
    ..\app\cliff_sensor\cliff_sensor.c       0x00000000   Number         0  cliff_sensor.o ABSOLUTE
    ..\app\crash_sensor\crash_sensor.c       0x00000000   Number         0  crash_sensor.o ABSOLUTE
    ..\app\encoder\encoder.c                 0x00000000   Number         0  encoder.o ABSOLUTE
    dc.s                                     0x00000000   Number         0  dc.o ABSOLUTE
    startup_stm32f407xx.s                    0x00000000   Number         0  startup_stm32f407xx.o ABSOLUTE
    RESET                                    0x08000000   Section      392  startup_stm32f407xx.o(RESET)
    !!!main                                  0x08000188   Section        8  __main.o(!!!main)
    !!!scatter                               0x08000190   Section       52  __scatter.o(!!!scatter)
    !!handler_copy                           0x080001c4   Section       26  __scatter_copy.o(!!handler_copy)
    !!handler_zi                             0x080001e0   Section       28  __scatter_zi.o(!!handler_zi)
    .ARM.Collect$$libinit$$00000000          0x080001fc   Section        2  libinit.o(.ARM.Collect$$libinit$$00000000)
    .ARM.Collect$$libinit$$00000001          0x080001fe   Section        4  libinit2.o(.ARM.Collect$$libinit$$00000001)
    .ARM.Collect$$libinit$$00000004          0x08000202   Section        0  libinit2.o(.ARM.Collect$$libinit$$00000004)
    .ARM.Collect$$libinit$$0000000A          0x08000202   Section        0  libinit2.o(.ARM.Collect$$libinit$$0000000A)
    .ARM.Collect$$libinit$$0000000C          0x08000202   Section        0  libinit2.o(.ARM.Collect$$libinit$$0000000C)
    .ARM.Collect$$libinit$$0000000E          0x08000202   Section        0  libinit2.o(.ARM.Collect$$libinit$$0000000E)
    .ARM.Collect$$libinit$$00000011          0x08000202   Section        0  libinit2.o(.ARM.Collect$$libinit$$00000011)
    .ARM.Collect$$libinit$$00000013          0x08000202   Section        0  libinit2.o(.ARM.Collect$$libinit$$00000013)
    .ARM.Collect$$libinit$$00000015          0x08000202   Section        0  libinit2.o(.ARM.Collect$$libinit$$00000015)
    .ARM.Collect$$libinit$$00000017          0x08000202   Section        0  libinit2.o(.ARM.Collect$$libinit$$00000017)
    .ARM.Collect$$libinit$$00000019          0x08000202   Section        0  libinit2.o(.ARM.Collect$$libinit$$00000019)
    .ARM.Collect$$libinit$$0000001B          0x08000202   Section        0  libinit2.o(.ARM.Collect$$libinit$$0000001B)
    .ARM.Collect$$libinit$$0000001D          0x08000202   Section        0  libinit2.o(.ARM.Collect$$libinit$$0000001D)
    .ARM.Collect$$libinit$$0000001F          0x08000202   Section        0  libinit2.o(.ARM.Collect$$libinit$$0000001F)
    .ARM.Collect$$libinit$$00000021          0x08000202   Section        0  libinit2.o(.ARM.Collect$$libinit$$00000021)
    .ARM.Collect$$libinit$$00000023          0x08000202   Section        0  libinit2.o(.ARM.Collect$$libinit$$00000023)
    .ARM.Collect$$libinit$$00000025          0x08000202   Section        0  libinit2.o(.ARM.Collect$$libinit$$00000025)
    .ARM.Collect$$libinit$$0000002C          0x08000202   Section        0  libinit2.o(.ARM.Collect$$libinit$$0000002C)
    .ARM.Collect$$libinit$$0000002E          0x08000202   Section        0  libinit2.o(.ARM.Collect$$libinit$$0000002E)
    .ARM.Collect$$libinit$$00000030          0x08000202   Section        0  libinit2.o(.ARM.Collect$$libinit$$00000030)
    .ARM.Collect$$libinit$$00000032          0x08000202   Section        0  libinit2.o(.ARM.Collect$$libinit$$00000032)
    .ARM.Collect$$libinit$$00000033          0x08000202   Section        2  libinit2.o(.ARM.Collect$$libinit$$00000033)
    .ARM.Collect$$libshutdown$$00000000      0x08000204   Section        2  libshutdown.o(.ARM.Collect$$libshutdown$$00000000)
    .ARM.Collect$$libshutdown$$00000002      0x08000206   Section        0  libshutdown2.o(.ARM.Collect$$libshutdown$$00000002)
    .ARM.Collect$$libshutdown$$00000004      0x08000206   Section        0  libshutdown2.o(.ARM.Collect$$libshutdown$$00000004)
    .ARM.Collect$$libshutdown$$00000006      0x08000206   Section        0  libshutdown2.o(.ARM.Collect$$libshutdown$$00000006)
    .ARM.Collect$$libshutdown$$00000009      0x08000206   Section        0  libshutdown2.o(.ARM.Collect$$libshutdown$$00000009)
    .ARM.Collect$$libshutdown$$0000000C      0x08000206   Section        0  libshutdown2.o(.ARM.Collect$$libshutdown$$0000000C)
    .ARM.Collect$$libshutdown$$0000000E      0x08000206   Section        0  libshutdown2.o(.ARM.Collect$$libshutdown$$0000000E)
    .ARM.Collect$$libshutdown$$00000011      0x08000206   Section        0  libshutdown2.o(.ARM.Collect$$libshutdown$$00000011)
    .ARM.Collect$$libshutdown$$00000012      0x08000206   Section        2  libshutdown2.o(.ARM.Collect$$libshutdown$$00000012)
    .ARM.Collect$$rtentry$$00000000          0x08000208   Section        0  __rtentry.o(.ARM.Collect$$rtentry$$00000000)
    .ARM.Collect$$rtentry$$00000002          0x08000208   Section        0  __rtentry2.o(.ARM.Collect$$rtentry$$00000002)
    .ARM.Collect$$rtentry$$00000004          0x08000208   Section        6  __rtentry4.o(.ARM.Collect$$rtentry$$00000004)
    .ARM.Collect$$rtentry$$00000009          0x0800020e   Section        0  __rtentry2.o(.ARM.Collect$$rtentry$$00000009)
    .ARM.Collect$$rtentry$$0000000A          0x0800020e   Section        4  __rtentry2.o(.ARM.Collect$$rtentry$$0000000A)
    .ARM.Collect$$rtentry$$0000000C          0x08000212   Section        0  __rtentry2.o(.ARM.Collect$$rtentry$$0000000C)
    .ARM.Collect$$rtentry$$0000000D          0x08000212   Section        8  __rtentry2.o(.ARM.Collect$$rtentry$$0000000D)
    .ARM.Collect$$rtexit$$00000000           0x0800021a   Section        2  rtexit.o(.ARM.Collect$$rtexit$$00000000)
    .ARM.Collect$$rtexit$$00000002           0x0800021c   Section        0  rtexit2.o(.ARM.Collect$$rtexit$$00000002)
    .ARM.Collect$$rtexit$$00000003           0x0800021c   Section        4  rtexit2.o(.ARM.Collect$$rtexit$$00000003)
    .ARM.Collect$$rtexit$$00000004           0x08000220   Section        6  rtexit2.o(.ARM.Collect$$rtexit$$00000004)
    .text                                    0x08000228   Section       64  startup_stm32f407xx.o(.text)
    $v0                                      0x08000228   Number         0  startup_stm32f407xx.o(.text)
    .text                                    0x08000268   Section      238  lludivv7m.o(.text)
    .text                                    0x08000356   Section       78  rt_memclr_w.o(.text)
    .text                                    0x080003a4   Section        0  heapauxi.o(.text)
    .text                                    0x080003aa   Section       74  sys_stackheap_outer.o(.text)
    .text                                    0x080003f4   Section        0  exit.o(.text)
    .text                                    0x08000408   Section        8  libspace.o(.text)
    .text                                    0x08000410   Section        0  sys_exit.o(.text)
    .text                                    0x0800041c   Section        2  use_no_semi.o(.text)
    .text                                    0x0800041e   Section        0  indicate_semi.o(.text)
    i.A4950_Init                             0x08000420   Section        0  a4950.o(i.A4950_Init)
    i.A4950_SetLeft                          0x0800044c   Section        0  a4950.o(i.A4950_SetLeft)
    i.A4950_SetRight                         0x0800049c   Section        0  a4950.o(i.A4950_SetRight)
    i.ADC_DMAConvCplt                        0x080004f0   Section        0  stm32f4xx_hal_adc.o(i.ADC_DMAConvCplt)
    ADC_DMAConvCplt                          0x080004f1   Thumb Code   126  stm32f4xx_hal_adc.o(i.ADC_DMAConvCplt)
    i.ADC_DMAError                           0x0800056e   Section        0  stm32f4xx_hal_adc.o(i.ADC_DMAError)
    ADC_DMAError                             0x0800056f   Thumb Code    26  stm32f4xx_hal_adc.o(i.ADC_DMAError)
    i.ADC_DMAHalfConvCplt                    0x08000588   Section        0  stm32f4xx_hal_adc.o(i.ADC_DMAHalfConvCplt)
    ADC_DMAHalfConvCplt                      0x08000589   Thumb Code    14  stm32f4xx_hal_adc.o(i.ADC_DMAHalfConvCplt)
    i.ADC_Init                               0x08000598   Section        0  stm32f4xx_hal_adc.o(i.ADC_Init)
    ADC_Init                                 0x08000599   Thumb Code   344  stm32f4xx_hal_adc.o(i.ADC_Init)
    i.BusFault_Handler                       0x080006f8   Section        0  stm32f4xx_it.o(i.BusFault_Handler)
    i.CliffSensor_Init                       0x080006fc   Section        0  cliff_sensor.o(i.CliffSensor_Init)
    i.DMA2_Stream0_IRQHandler                0x0800071c   Section        0  stm32f4xx_it.o(i.DMA2_Stream0_IRQHandler)
    i.DMA2_Stream7_IRQHandler                0x0800072c   Section        0  stm32f4xx_it.o(i.DMA2_Stream7_IRQHandler)
    i.DMA_CalcBaseAndBitshift                0x0800073c   Section        0  stm32f4xx_hal_dma.o(i.DMA_CalcBaseAndBitshift)
    DMA_CalcBaseAndBitshift                  0x0800073d   Thumb Code    46  stm32f4xx_hal_dma.o(i.DMA_CalcBaseAndBitshift)
    i.DMA_CheckFifoParam                     0x08000770   Section        0  stm32f4xx_hal_dma.o(i.DMA_CheckFifoParam)
    DMA_CheckFifoParam                       0x08000771   Thumb Code   170  stm32f4xx_hal_dma.o(i.DMA_CheckFifoParam)
    i.DMA_SetConfig                          0x0800081a   Section        0  stm32f4xx_hal_dma.o(i.DMA_SetConfig)
    DMA_SetConfig                            0x0800081b   Thumb Code    44  stm32f4xx_hal_dma.o(i.DMA_SetConfig)
    i.DebugMon_Handler                       0x08000846   Section        0  stm32f4xx_it.o(i.DebugMon_Handler)
    i.Encoder_GetCount                       0x08000848   Section        0  encoder.o(i.Encoder_GetCount)
    i.Encoder_Init                           0x08000876   Section        0  encoder.o(i.Encoder_Init)
    i.Encoder_Reset                          0x0800088c   Section        0  encoder.o(i.Encoder_Reset)
    i.Error_Handler                          0x08000898   Section        0  main.o(i.Error_Handler)
    i.HAL_ADC_ConfigChannel                  0x080008a0   Section        0  stm32f4xx_hal_adc.o(i.HAL_ADC_ConfigChannel)
    i.HAL_ADC_ConvCpltCallback               0x08000a2c   Section        0  cliff_sensor.o(i.HAL_ADC_ConvCpltCallback)
    i.HAL_ADC_ConvHalfCpltCallback           0x08000a2e   Section        0  stm32f4xx_hal_adc.o(i.HAL_ADC_ConvHalfCpltCallback)
    i.HAL_ADC_ErrorCallback                  0x08000a30   Section        0  stm32f4xx_hal_adc.o(i.HAL_ADC_ErrorCallback)
    i.HAL_ADC_Init                           0x08000a34   Section        0  stm32f4xx_hal_adc.o(i.HAL_ADC_Init)
    i.HAL_ADC_MspInit                        0x08000a9c   Section        0  stm32f4xx_hal_msp.o(i.HAL_ADC_MspInit)
    i.HAL_ADC_Start_DMA                      0x08000b98   Section        0  stm32f4xx_hal_adc.o(i.HAL_ADC_Start_DMA)
    i.HAL_DMA_Abort                          0x08000d4c   Section        0  stm32f4xx_hal_dma.o(i.HAL_DMA_Abort)
    i.HAL_DMA_Abort_IT                       0x08000df8   Section        0  stm32f4xx_hal_dma.o(i.HAL_DMA_Abort_IT)
    i.HAL_DMA_IRQHandler                     0x08000e20   Section        0  stm32f4xx_hal_dma.o(i.HAL_DMA_IRQHandler)
    i.HAL_DMA_Init                           0x08001060   Section        0  stm32f4xx_hal_dma.o(i.HAL_DMA_Init)
    i.HAL_DMA_Start_IT                       0x0800114c   Section        0  stm32f4xx_hal_dma.o(i.HAL_DMA_Start_IT)
    i.HAL_Delay                              0x080011e0   Section        0  stm32f4xx_hal.o(i.HAL_Delay)
    i.HAL_GPIO_Init                          0x08001208   Section        0  stm32f4xx_hal_gpio.o(i.HAL_GPIO_Init)
    i.HAL_GPIO_WritePin                      0x080013fc   Section        0  stm32f4xx_hal_gpio.o(i.HAL_GPIO_WritePin)
    i.HAL_GetTick                            0x08001408   Section        0  stm32f4xx_hal.o(i.HAL_GetTick)
    i.HAL_IncTick                            0x08001414   Section        0  stm32f4xx_hal.o(i.HAL_IncTick)
    i.HAL_Init                               0x0800142c   Section        0  stm32f4xx_hal.o(i.HAL_Init)
    i.HAL_InitTick                           0x08001468   Section        0  stm32f4xx_hal.o(i.HAL_InitTick)
    i.HAL_MspInit                            0x080014b4   Section        0  stm32f4xx_hal_msp.o(i.HAL_MspInit)
    i.HAL_NVIC_EnableIRQ                     0x080014fc   Section        0  stm32f4xx_hal_cortex.o(i.HAL_NVIC_EnableIRQ)
    i.HAL_NVIC_SetPriority                   0x08001524   Section        0  stm32f4xx_hal_cortex.o(i.HAL_NVIC_SetPriority)
    i.HAL_NVIC_SetPriorityGrouping           0x080015a0   Section        0  stm32f4xx_hal_cortex.o(i.HAL_NVIC_SetPriorityGrouping)
    i.HAL_RCC_ClockConfig                    0x080015c8   Section        0  stm32f4xx_hal_rcc.o(i.HAL_RCC_ClockConfig)
    i.HAL_RCC_GetHCLKFreq                    0x0800174c   Section        0  stm32f4xx_hal_rcc.o(i.HAL_RCC_GetHCLKFreq)
    i.HAL_RCC_GetPCLK1Freq                   0x08001758   Section        0  stm32f4xx_hal_rcc.o(i.HAL_RCC_GetPCLK1Freq)
    i.HAL_RCC_GetPCLK2Freq                   0x08001778   Section        0  stm32f4xx_hal_rcc.o(i.HAL_RCC_GetPCLK2Freq)
    i.HAL_RCC_GetSysClockFreq                0x08001798   Section        0  stm32f4xx_hal_rcc.o(i.HAL_RCC_GetSysClockFreq)
    i.HAL_RCC_OscConfig                      0x08001848   Section        0  stm32f4xx_hal_rcc.o(i.HAL_RCC_OscConfig)
    i.HAL_SYSTICK_Config                     0x08001ce4   Section        0  stm32f4xx_hal_cortex.o(i.HAL_SYSTICK_Config)
    i.HAL_TIMEx_BreakCallback                0x08001d18   Section        0  stm32f4xx_hal_tim_ex.o(i.HAL_TIMEx_BreakCallback)
    i.HAL_TIMEx_CommutCallback               0x08001d1a   Section        0  stm32f4xx_hal_tim_ex.o(i.HAL_TIMEx_CommutCallback)
    i.HAL_TIMEx_ConfigBreakDeadTime          0x08001d1c   Section        0  stm32f4xx_hal_tim_ex.o(i.HAL_TIMEx_ConfigBreakDeadTime)
    i.HAL_TIMEx_MasterConfigSynchronization  0x08001d90   Section        0  stm32f4xx_hal_tim_ex.o(i.HAL_TIMEx_MasterConfigSynchronization)
    i.HAL_TIM_Base_Init                      0x08001e44   Section        0  stm32f4xx_hal_tim.o(i.HAL_TIM_Base_Init)
    i.HAL_TIM_Base_MspInit                   0x08001eac   Section        0  stm32f4xx_hal_msp.o(i.HAL_TIM_Base_MspInit)
    i.HAL_TIM_Base_Start                     0x08001f50   Section        0  stm32f4xx_hal_tim.o(i.HAL_TIM_Base_Start)
    i.HAL_TIM_ConfigClockSource              0x08001fec   Section        0  stm32f4xx_hal_tim.o(i.HAL_TIM_ConfigClockSource)
    i.HAL_TIM_Encoder_Init                   0x080020f8   Section        0  stm32f4xx_hal_tim.o(i.HAL_TIM_Encoder_Init)
    i.HAL_TIM_Encoder_MspInit                0x080021c0   Section        0  stm32f4xx_hal_msp.o(i.HAL_TIM_Encoder_MspInit)
    i.HAL_TIM_Encoder_Start                  0x080022ec   Section        0  stm32f4xx_hal_tim.o(i.HAL_TIM_Encoder_Start)
    i.HAL_TIM_IC_CaptureCallback             0x080023b8   Section        0  stm32f4xx_hal_tim.o(i.HAL_TIM_IC_CaptureCallback)
    i.HAL_TIM_IRQHandler                     0x080023ba   Section        0  stm32f4xx_hal_tim.o(i.HAL_TIM_IRQHandler)
    i.HAL_TIM_MspPostInit                    0x08002528   Section        0  stm32f4xx_hal_msp.o(i.HAL_TIM_MspPostInit)
    i.HAL_TIM_OC_DelayElapsedCallback        0x080025d4   Section        0  stm32f4xx_hal_tim.o(i.HAL_TIM_OC_DelayElapsedCallback)
    i.HAL_TIM_PWM_ConfigChannel              0x080025d6   Section        0  stm32f4xx_hal_tim.o(i.HAL_TIM_PWM_ConfigChannel)
    i.HAL_TIM_PWM_Init                       0x080026da   Section        0  stm32f4xx_hal_tim.o(i.HAL_TIM_PWM_Init)
    i.HAL_TIM_PWM_MspInit                    0x08002740   Section        0  stm32f4xx_hal_tim.o(i.HAL_TIM_PWM_MspInit)
    i.HAL_TIM_PWM_PulseFinishedCallback      0x08002742   Section        0  stm32f4xx_hal_tim.o(i.HAL_TIM_PWM_PulseFinishedCallback)
    i.HAL_TIM_PWM_Start                      0x08002744   Section        0  stm32f4xx_hal_tim.o(i.HAL_TIM_PWM_Start)
    i.HAL_TIM_PeriodElapsedCallback          0x08002850   Section        0  stm32f4xx_hal_tim.o(i.HAL_TIM_PeriodElapsedCallback)
    i.HAL_TIM_TriggerCallback                0x08002852   Section        0  stm32f4xx_hal_tim.o(i.HAL_TIM_TriggerCallback)
    i.HAL_UARTEx_RxEventCallback             0x08002854   Section        0  stm32f4xx_hal_uart.o(i.HAL_UARTEx_RxEventCallback)
    i.HAL_UART_ErrorCallback                 0x08002856   Section        0  stm32f4xx_hal_uart.o(i.HAL_UART_ErrorCallback)
    i.HAL_UART_IRQHandler                    0x08002858   Section        0  stm32f4xx_hal_uart.o(i.HAL_UART_IRQHandler)
    i.HAL_UART_Init                          0x08002b40   Section        0  stm32f4xx_hal_uart.o(i.HAL_UART_Init)
    i.HAL_UART_MspInit                       0x08002bb8   Section        0  stm32f4xx_hal_msp.o(i.HAL_UART_MspInit)
    i.HAL_UART_Receive_IT                    0x08002d1c   Section        0  stm32f4xx_hal_uart.o(i.HAL_UART_Receive_IT)
    i.HAL_UART_RxCpltCallback                0x08002d48   Section        0  main.o(i.HAL_UART_RxCpltCallback)
    i.HAL_UART_TxCpltCallback                0x08002d80   Section        0  stm32f4xx_hal_uart.o(i.HAL_UART_TxCpltCallback)
    i.HardFault_Handler                      0x08002d82   Section        0  stm32f4xx_it.o(i.HardFault_Handler)
    i.JY901S_GetData                         0x08002d88   Section        0  jy901s.o(i.JY901S_GetData)
    i.JY901S_Init                            0x08002d90   Section        0  jy901s.o(i.JY901S_Init)
    i.JY901S_UART_RxHandler                  0x08002dac   Section        0  jy901s.o(i.JY901S_UART_RxHandler)
    i.Key_Init                               0x08002f60   Section        0  key.o(i.Key_Init)
    i.LED_Init                               0x08002f70   Section        0  led.o(i.LED_Init)
    i.LED_Init_All                           0x08002f90   Section        0  main.o(i.LED_Init_All)
    i.LED_Off                                0x08002fbc   Section        0  led.o(i.LED_Off)
    i.LED_On                                 0x08002fdc   Section        0  led.o(i.LED_On)
    i.LED_Test                               0x08002ffc   Section        0  main.o(i.LED_Test)
    i.MX_ADC1_Init                           0x08003050   Section        0  main.o(i.MX_ADC1_Init)
    MX_ADC1_Init                             0x08003051   Thumb Code   170  main.o(i.MX_ADC1_Init)
    i.MX_DMA_Init                            0x08003104   Section        0  main.o(i.MX_DMA_Init)
    MX_DMA_Init                              0x08003105   Thumb Code    68  main.o(i.MX_DMA_Init)
    i.MX_GPIO_Init                           0x0800314c   Section        0  main.o(i.MX_GPIO_Init)
    MX_GPIO_Init                             0x0800314d   Thumb Code   334  main.o(i.MX_GPIO_Init)
    i.MX_TIM1_Init                           0x080032ac   Section        0  main.o(i.MX_TIM1_Init)
    MX_TIM1_Init                             0x080032ad   Thumb Code   222  main.o(i.MX_TIM1_Init)
    i.MX_TIM2_Init                           0x08003394   Section        0  main.o(i.MX_TIM2_Init)
    MX_TIM2_Init                             0x08003395   Thumb Code   116  main.o(i.MX_TIM2_Init)
    i.MX_TIM3_Init                           0x0800340c   Section        0  main.o(i.MX_TIM3_Init)
    MX_TIM3_Init                             0x0800340d   Thumb Code   104  main.o(i.MX_TIM3_Init)
    i.MX_TIM5_Init                           0x0800347c   Section        0  main.o(i.MX_TIM5_Init)
    MX_TIM5_Init                             0x0800347d   Thumb Code   114  main.o(i.MX_TIM5_Init)
    i.MX_TIM9_Init                           0x080034f8   Section        0  main.o(i.MX_TIM9_Init)
    MX_TIM9_Init                             0x080034f9   Thumb Code   146  main.o(i.MX_TIM9_Init)
    i.MX_USART1_UART_Init                    0x08003594   Section        0  main.o(i.MX_USART1_UART_Init)
    MX_USART1_UART_Init                      0x08003595   Thumb Code    46  main.o(i.MX_USART1_UART_Init)
    i.MX_USART2_UART_Init                    0x080035cc   Section        0  main.o(i.MX_USART2_UART_Init)
    MX_USART2_UART_Init                      0x080035cd   Thumb Code    46  main.o(i.MX_USART2_UART_Init)
    i.MemManage_Handler                      0x08003604   Section        0  stm32f4xx_it.o(i.MemManage_Handler)
    i.NMI_Handler                            0x08003608   Section        0  stm32f4xx_it.o(i.NMI_Handler)
    i.PendSV_Handler                         0x0800360c   Section        0  stm32f4xx_it.o(i.PendSV_Handler)
    i.SVC_Handler                            0x0800360e   Section        0  stm32f4xx_it.o(i.SVC_Handler)
    i.SysTick_Handler                        0x08003610   Section        0  stm32f4xx_it.o(i.SysTick_Handler)
    i.SystemClock_Config                     0x08003618   Section        0  main.o(i.SystemClock_Config)
    i.SystemInit                             0x080036cc   Section        0  system_stm32f4xx.o(i.SystemInit)
    i.TIM3_IRQHandler                        0x080036e0   Section        0  stm32f4xx_it.o(i.TIM3_IRQHandler)
    i.TIM_Base_SetConfig                     0x080036f0   Section        0  stm32f4xx_hal_tim.o(i.TIM_Base_SetConfig)
    i.TIM_CCxChannelCmd                      0x080037d8   Section        0  stm32f4xx_hal_tim.o(i.TIM_CCxChannelCmd)
    i.TIM_ETR_SetConfig                      0x080037fa   Section        0  stm32f4xx_hal_tim.o(i.TIM_ETR_SetConfig)
    i.TIM_ITRx_SetConfig                     0x08003810   Section        0  stm32f4xx_hal_tim.o(i.TIM_ITRx_SetConfig)
    TIM_ITRx_SetConfig                       0x08003811   Thumb Code    18  stm32f4xx_hal_tim.o(i.TIM_ITRx_SetConfig)
    i.TIM_OC1_SetConfig                      0x08003824   Section        0  stm32f4xx_hal_tim.o(i.TIM_OC1_SetConfig)
    TIM_OC1_SetConfig                        0x08003825   Thumb Code   104  stm32f4xx_hal_tim.o(i.TIM_OC1_SetConfig)
    i.TIM_OC2_SetConfig                      0x08003894   Section        0  stm32f4xx_hal_tim.o(i.TIM_OC2_SetConfig)
    i.TIM_OC3_SetConfig                      0x08003910   Section        0  stm32f4xx_hal_tim.o(i.TIM_OC3_SetConfig)
    TIM_OC3_SetConfig                        0x08003911   Thumb Code   112  stm32f4xx_hal_tim.o(i.TIM_OC3_SetConfig)
    i.TIM_OC4_SetConfig                      0x08003988   Section        0  stm32f4xx_hal_tim.o(i.TIM_OC4_SetConfig)
    TIM_OC4_SetConfig                        0x08003989   Thumb Code    74  stm32f4xx_hal_tim.o(i.TIM_OC4_SetConfig)
    i.TIM_TI1_ConfigInputStage               0x080039dc   Section        0  stm32f4xx_hal_tim.o(i.TIM_TI1_ConfigInputStage)
    TIM_TI1_ConfigInputStage                 0x080039dd   Thumb Code    38  stm32f4xx_hal_tim.o(i.TIM_TI1_ConfigInputStage)
    i.TIM_TI2_ConfigInputStage               0x08003a02   Section        0  stm32f4xx_hal_tim.o(i.TIM_TI2_ConfigInputStage)
    TIM_TI2_ConfigInputStage                 0x08003a03   Thumb Code    40  stm32f4xx_hal_tim.o(i.TIM_TI2_ConfigInputStage)
    i.UART_DMAAbortOnError                   0x08003a2a   Section        0  stm32f4xx_hal_uart.o(i.UART_DMAAbortOnError)
    UART_DMAAbortOnError                     0x08003a2b   Thumb Code    20  stm32f4xx_hal_uart.o(i.UART_DMAAbortOnError)
    i.UART_EndRxTransfer                     0x08003a3e   Section        0  stm32f4xx_hal_uart.o(i.UART_EndRxTransfer)
    UART_EndRxTransfer                       0x08003a3f   Thumb Code   108  stm32f4xx_hal_uart.o(i.UART_EndRxTransfer)
    i.UART_EndTransmit_IT                    0x08003aaa   Section        0  stm32f4xx_hal_uart.o(i.UART_EndTransmit_IT)
    UART_EndTransmit_IT                      0x08003aab   Thumb Code    32  stm32f4xx_hal_uart.o(i.UART_EndTransmit_IT)
    i.UART_Receive_IT                        0x08003aca   Section        0  stm32f4xx_hal_uart.o(i.UART_Receive_IT)
    UART_Receive_IT                          0x08003acb   Thumb Code   252  stm32f4xx_hal_uart.o(i.UART_Receive_IT)
    i.UART_SetConfig                         0x08003bc8   Section        0  stm32f4xx_hal_uart.o(i.UART_SetConfig)
    UART_SetConfig                           0x08003bc9   Thumb Code   546  stm32f4xx_hal_uart.o(i.UART_SetConfig)
    i.UART_Start_Receive_IT                  0x08003df4   Section        0  stm32f4xx_hal_uart.o(i.UART_Start_Receive_IT)
    i.UART_Transmit_IT                       0x08003e34   Section        0  stm32f4xx_hal_uart.o(i.UART_Transmit_IT)
    UART_Transmit_IT                         0x08003e35   Thumb Code    96  stm32f4xx_hal_uart.o(i.UART_Transmit_IT)
    i.USART1_IRQHandler                      0x08003e94   Section        0  stm32f4xx_it.o(i.USART1_IRQHandler)
    i.USART2_IRQHandler                      0x08003ea4   Section        0  stm32f4xx_it.o(i.USART2_IRQHandler)
    i.UsageFault_Handler                     0x08003eb4   Section        0  stm32f4xx_it.o(i.UsageFault_Handler)
    i.__NVIC_GetPriorityGrouping             0x08003eb8   Section        0  stm32f4xx_hal_cortex.o(i.__NVIC_GetPriorityGrouping)
    __NVIC_GetPriorityGrouping               0x08003eb9   Thumb Code    10  stm32f4xx_hal_cortex.o(i.__NVIC_GetPriorityGrouping)
    i.__NVIC_SetPriority                     0x08003ec8   Section        0  stm32f4xx_hal_cortex.o(i.__NVIC_SetPriority)
    __NVIC_SetPriority                       0x08003ec9   Thumb Code    32  stm32f4xx_hal_cortex.o(i.__NVIC_SetPriority)
    i.main                                   0x08003ef0   Section        0  main.o(i.main)
    x$fpl$fpinit                             0x08003ff4   Section       10  fpinit.o(x$fpl$fpinit)
    $v0                                      0x08003ff4   Number         0  fpinit.o(x$fpl$fpinit)
    .constdata                               0x08003ffe   Section        8  stm32f4xx_hal_dma.o(.constdata)
    flagBitshiftOffset                       0x08003ffe   Data           8  stm32f4xx_hal_dma.o(.constdata)
    .constdata                               0x08004006   Section       24  system_stm32f4xx.o(.constdata)
    .data                                    0x20000000   Section      116  main.o(.data)
    key0_last_tick                           0x20000050   Data           4  main.o(.data)
    key1_last_tick                           0x20000054   Data           4  main.o(.data)
    .data                                    0x20000074   Section        9  stm32f4xx_hal.o(.data)
    .data                                    0x20000080   Section        4  system_stm32f4xx.o(.data)
    .data                                    0x20000084   Section        4  jy901s.o(.data)
    jy_uart                                  0x20000084   Data           4  jy901s.o(.data)
    .data                                    0x20000088   Section       16  cliff_sensor.o(.data)
    adc_values                               0x20000088   Data           8  cliff_sensor.o(.data)
    .bss                                     0x20000098   Section      907  main.o(.bss)
    .bss                                     0x20000424   Section       47  jy901s.o(.bss)
    imu_data                                 0x20000424   Data          36  jy901s.o(.bss)
    rx_buf                                   0x20000448   Data          11  jy901s.o(.bss)
    .bss                                     0x20000454   Section       96  libspace.o(.bss)
    HEAP                                     0x200004b8   Section      512  startup_stm32f407xx.o(HEAP)
    Heap_Mem                                 0x200004b8   Data         512  startup_stm32f407xx.o(HEAP)
    STACK                                    0x200006b8   Section     1024  startup_stm32f407xx.o(STACK)
    Stack_Mem                                0x200006b8   Data        1024  startup_stm32f407xx.o(STACK)
    __initial_sp                             0x20000ab8   Data           0  startup_stm32f407xx.o(STACK)

    Global Symbols

    Symbol Name                              Value     Ov Type        Size  Object(Section)

    BuildAttributes$$THM_ISAv4$E$P$D$K$B$S$7EM$VFPi3$EXTD16$VFPS$VFMA$PE$A:L22UL41UL21$X:L11$S22US41US21$IEEE1$IW$USESV6$~STKCKD$USESV7$~SHL$OSPACE$ROPI$EBA8$UX$STANDARDLIB$REQ8$PRES8$EABIv2 0x00000000   Number         0  anon$$obj.o ABSOLUTE
    __ARM_use_no_argv                        0x00000000   Number         0  main.o ABSOLUTE
    __ARM_exceptions_init                     - Undefined Weak Reference
    __alloca_initialize                       - Undefined Weak Reference
    __arm_fini_                               - Undefined Weak Reference
    __arm_preinit_                            - Undefined Weak Reference
    __cpp_initialize__aeabi_                  - Undefined Weak Reference
    __cxa_finalize                            - Undefined Weak Reference
    __rt_locale                               - Undefined Weak Reference
    __sigvec_lookup                           - Undefined Weak Reference
    _atexit_init                              - Undefined Weak Reference
    _call_atexit_fns                          - Undefined Weak Reference
    _clock_init                               - Undefined Weak Reference
    _fp_trap_init                             - Undefined Weak Reference
    _fp_trap_shutdown                         - Undefined Weak Reference
    _get_lc_collate                           - Undefined Weak Reference
    _get_lc_ctype                             - Undefined Weak Reference
    _get_lc_monetary                          - Undefined Weak Reference
    _get_lc_numeric                           - Undefined Weak Reference
    _get_lc_time                              - Undefined Weak Reference
    _getenv_init                              - Undefined Weak Reference
    _handle_redirection                       - Undefined Weak Reference
    _init_alloc                               - Undefined Weak Reference
    _init_user_alloc                          - Undefined Weak Reference
    _initio                                   - Undefined Weak Reference
    _rand_init                                - Undefined Weak Reference
    _signal_finish                            - Undefined Weak Reference
    _signal_init                              - Undefined Weak Reference
    _terminate_alloc                          - Undefined Weak Reference
    _terminate_user_alloc                     - Undefined Weak Reference
    _terminateio                              - Undefined Weak Reference
    __Vectors_Size                           0x00000188   Number         0  startup_stm32f407xx.o ABSOLUTE
    __Vectors                                0x08000000   Data           4  startup_stm32f407xx.o(RESET)
    __Vectors_End                            0x08000188   Data           0  startup_stm32f407xx.o(RESET)
    __main                                   0x08000189   Thumb Code     8  __main.o(!!!main)
    __scatterload                            0x08000191   Thumb Code     0  __scatter.o(!!!scatter)
    __scatterload_rt2                        0x08000191   Thumb Code    44  __scatter.o(!!!scatter)
    __scatterload_rt2_thumb_only             0x08000191   Thumb Code     0  __scatter.o(!!!scatter)
    __scatterload_null                       0x0800019f   Thumb Code     0  __scatter.o(!!!scatter)
    __scatterload_copy                       0x080001c5   Thumb Code    26  __scatter_copy.o(!!handler_copy)
    __scatterload_zeroinit                   0x080001e1   Thumb Code    28  __scatter_zi.o(!!handler_zi)
    __rt_lib_init                            0x080001fd   Thumb Code     0  libinit.o(.ARM.Collect$$libinit$$00000000)
    __rt_lib_init_fp_1                       0x080001ff   Thumb Code     0  libinit2.o(.ARM.Collect$$libinit$$00000001)
    __rt_lib_init_alloca_1                   0x08000203   Thumb Code     0  libinit2.o(.ARM.Collect$$libinit$$0000002E)
    __rt_lib_init_argv_1                     0x08000203   Thumb Code     0  libinit2.o(.ARM.Collect$$libinit$$0000002C)
    __rt_lib_init_atexit_1                   0x08000203   Thumb Code     0  libinit2.o(.ARM.Collect$$libinit$$0000001B)
    __rt_lib_init_clock_1                    0x08000203   Thumb Code     0  libinit2.o(.ARM.Collect$$libinit$$00000021)
    __rt_lib_init_cpp_1                      0x08000203   Thumb Code     0  libinit2.o(.ARM.Collect$$libinit$$00000032)
    __rt_lib_init_exceptions_1               0x08000203   Thumb Code     0  libinit2.o(.ARM.Collect$$libinit$$00000030)
    __rt_lib_init_fp_trap_1                  0x08000203   Thumb Code     0  libinit2.o(.ARM.Collect$$libinit$$0000001F)
    __rt_lib_init_getenv_1                   0x08000203   Thumb Code     0  libinit2.o(.ARM.Collect$$libinit$$00000023)
    __rt_lib_init_heap_1                     0x08000203   Thumb Code     0  libinit2.o(.ARM.Collect$$libinit$$0000000A)
    __rt_lib_init_lc_collate_1               0x08000203   Thumb Code     0  libinit2.o(.ARM.Collect$$libinit$$00000011)
    __rt_lib_init_lc_ctype_1                 0x08000203   Thumb Code     0  libinit2.o(.ARM.Collect$$libinit$$00000013)
    __rt_lib_init_lc_monetary_1              0x08000203   Thumb Code     0  libinit2.o(.ARM.Collect$$libinit$$00000015)
    __rt_lib_init_lc_numeric_1               0x08000203   Thumb Code     0  libinit2.o(.ARM.Collect$$libinit$$00000017)
    __rt_lib_init_lc_time_1                  0x08000203   Thumb Code     0  libinit2.o(.ARM.Collect$$libinit$$00000019)
    __rt_lib_init_preinit_1                  0x08000203   Thumb Code     0  libinit2.o(.ARM.Collect$$libinit$$00000004)
    __rt_lib_init_rand_1                     0x08000203   Thumb Code     0  libinit2.o(.ARM.Collect$$libinit$$0000000E)
    __rt_lib_init_return                     0x08000203   Thumb Code     0  libinit2.o(.ARM.Collect$$libinit$$00000033)
    __rt_lib_init_signal_1                   0x08000203   Thumb Code     0  libinit2.o(.ARM.Collect$$libinit$$0000001D)
    __rt_lib_init_stdio_1                    0x08000203   Thumb Code     0  libinit2.o(.ARM.Collect$$libinit$$00000025)
    __rt_lib_init_user_alloc_1               0x08000203   Thumb Code     0  libinit2.o(.ARM.Collect$$libinit$$0000000C)
    __rt_lib_shutdown                        0x08000205   Thumb Code     0  libshutdown.o(.ARM.Collect$$libshutdown$$00000000)
    __rt_lib_shutdown_cpp_1                  0x08000207   Thumb Code     0  libshutdown2.o(.ARM.Collect$$libshutdown$$00000004)
    __rt_lib_shutdown_fini_1                 0x08000207   Thumb Code     0  libshutdown2.o(.ARM.Collect$$libshutdown$$00000002)
    __rt_lib_shutdown_fp_trap_1              0x08000207   Thumb Code     0  libshutdown2.o(.ARM.Collect$$libshutdown$$00000009)
    __rt_lib_shutdown_heap_1                 0x08000207   Thumb Code     0  libshutdown2.o(.ARM.Collect$$libshutdown$$00000011)
    __rt_lib_shutdown_return                 0x08000207   Thumb Code     0  libshutdown2.o(.ARM.Collect$$libshutdown$$00000012)
    __rt_lib_shutdown_signal_1               0x08000207   Thumb Code     0  libshutdown2.o(.ARM.Collect$$libshutdown$$0000000C)
    __rt_lib_shutdown_stdio_1                0x08000207   Thumb Code     0  libshutdown2.o(.ARM.Collect$$libshutdown$$00000006)
    __rt_lib_shutdown_user_alloc_1           0x08000207   Thumb Code     0  libshutdown2.o(.ARM.Collect$$libshutdown$$0000000E)
    __rt_entry                               0x08000209   Thumb Code     0  __rtentry.o(.ARM.Collect$$rtentry$$00000000)
    __rt_entry_presh_1                       0x08000209   Thumb Code     0  __rtentry2.o(.ARM.Collect$$rtentry$$00000002)
    __rt_entry_sh                            0x08000209   Thumb Code     0  __rtentry4.o(.ARM.Collect$$rtentry$$00000004)
    __rt_entry_li                            0x0800020f   Thumb Code     0  __rtentry2.o(.ARM.Collect$$rtentry$$0000000A)
    __rt_entry_postsh_1                      0x0800020f   Thumb Code     0  __rtentry2.o(.ARM.Collect$$rtentry$$00000009)
    __rt_entry_main                          0x08000213   Thumb Code     0  __rtentry2.o(.ARM.Collect$$rtentry$$0000000D)
    __rt_entry_postli_1                      0x08000213   Thumb Code     0  __rtentry2.o(.ARM.Collect$$rtentry$$0000000C)
    __rt_exit                                0x0800021b   Thumb Code     0  rtexit.o(.ARM.Collect$$rtexit$$00000000)
    __rt_exit_ls                             0x0800021d   Thumb Code     0  rtexit2.o(.ARM.Collect$$rtexit$$00000003)
    __rt_exit_prels_1                        0x0800021d   Thumb Code     0  rtexit2.o(.ARM.Collect$$rtexit$$00000002)
    __rt_exit_exit                           0x08000221   Thumb Code     0  rtexit2.o(.ARM.Collect$$rtexit$$00000004)
    Reset_Handler                            0x08000229   Thumb Code     8  startup_stm32f407xx.o(.text)
    ADC_IRQHandler                           0x08000243   Thumb Code     0  startup_stm32f407xx.o(.text)
    CAN1_RX0_IRQHandler                      0x08000243   Thumb Code     0  startup_stm32f407xx.o(.text)
    CAN1_RX1_IRQHandler                      0x08000243   Thumb Code     0  startup_stm32f407xx.o(.text)
    CAN1_SCE_IRQHandler                      0x08000243   Thumb Code     0  startup_stm32f407xx.o(.text)
    CAN1_TX_IRQHandler                       0x08000243   Thumb Code     0  startup_stm32f407xx.o(.text)
    CAN2_RX0_IRQHandler                      0x08000243   Thumb Code     0  startup_stm32f407xx.o(.text)
    CAN2_RX1_IRQHandler                      0x08000243   Thumb Code     0  startup_stm32f407xx.o(.text)
    CAN2_SCE_IRQHandler                      0x08000243   Thumb Code     0  startup_stm32f407xx.o(.text)
    CAN2_TX_IRQHandler                       0x08000243   Thumb Code     0  startup_stm32f407xx.o(.text)
    DCMI_IRQHandler                          0x08000243   Thumb Code     0  startup_stm32f407xx.o(.text)
    DMA1_Stream0_IRQHandler                  0x08000243   Thumb Code     0  startup_stm32f407xx.o(.text)
    DMA1_Stream1_IRQHandler                  0x08000243   Thumb Code     0  startup_stm32f407xx.o(.text)
    DMA1_Stream2_IRQHandler                  0x08000243   Thumb Code     0  startup_stm32f407xx.o(.text)
    DMA1_Stream3_IRQHandler                  0x08000243   Thumb Code     0  startup_stm32f407xx.o(.text)
    DMA1_Stream4_IRQHandler                  0x08000243   Thumb Code     0  startup_stm32f407xx.o(.text)
    DMA1_Stream5_IRQHandler                  0x08000243   Thumb Code     0  startup_stm32f407xx.o(.text)
    DMA1_Stream6_IRQHandler                  0x08000243   Thumb Code     0  startup_stm32f407xx.o(.text)
    DMA1_Stream7_IRQHandler                  0x08000243   Thumb Code     0  startup_stm32f407xx.o(.text)
    DMA2_Stream1_IRQHandler                  0x08000243   Thumb Code     0  startup_stm32f407xx.o(.text)
    DMA2_Stream2_IRQHandler                  0x08000243   Thumb Code     0  startup_stm32f407xx.o(.text)
    DMA2_Stream3_IRQHandler                  0x08000243   Thumb Code     0  startup_stm32f407xx.o(.text)
    DMA2_Stream4_IRQHandler                  0x08000243   Thumb Code     0  startup_stm32f407xx.o(.text)
    DMA2_Stream5_IRQHandler                  0x08000243   Thumb Code     0  startup_stm32f407xx.o(.text)
    DMA2_Stream6_IRQHandler                  0x08000243   Thumb Code     0  startup_stm32f407xx.o(.text)
    ETH_IRQHandler                           0x08000243   Thumb Code     0  startup_stm32f407xx.o(.text)
    ETH_WKUP_IRQHandler                      0x08000243   Thumb Code     0  startup_stm32f407xx.o(.text)
    EXTI0_IRQHandler                         0x08000243   Thumb Code     0  startup_stm32f407xx.o(.text)
    EXTI15_10_IRQHandler                     0x08000243   Thumb Code     0  startup_stm32f407xx.o(.text)
    EXTI1_IRQHandler                         0x08000243   Thumb Code     0  startup_stm32f407xx.o(.text)
    EXTI2_IRQHandler                         0x08000243   Thumb Code     0  startup_stm32f407xx.o(.text)
    EXTI3_IRQHandler                         0x08000243   Thumb Code     0  startup_stm32f407xx.o(.text)
    EXTI4_IRQHandler                         0x08000243   Thumb Code     0  startup_stm32f407xx.o(.text)
    EXTI9_5_IRQHandler                       0x08000243   Thumb Code     0  startup_stm32f407xx.o(.text)
    FLASH_IRQHandler                         0x08000243   Thumb Code     0  startup_stm32f407xx.o(.text)
    FMC_IRQHandler                           0x08000243   Thumb Code     0  startup_stm32f407xx.o(.text)
    FPU_IRQHandler                           0x08000243   Thumb Code     0  startup_stm32f407xx.o(.text)
    HASH_RNG_IRQHandler                      0x08000243   Thumb Code     0  startup_stm32f407xx.o(.text)
    I2C1_ER_IRQHandler                       0x08000243   Thumb Code     0  startup_stm32f407xx.o(.text)
    I2C1_EV_IRQHandler                       0x08000243   Thumb Code     0  startup_stm32f407xx.o(.text)
    I2C2_ER_IRQHandler                       0x08000243   Thumb Code     0  startup_stm32f407xx.o(.text)
    I2C2_EV_IRQHandler                       0x08000243   Thumb Code     0  startup_stm32f407xx.o(.text)
    I2C3_ER_IRQHandler                       0x08000243   Thumb Code     0  startup_stm32f407xx.o(.text)
    I2C3_EV_IRQHandler                       0x08000243   Thumb Code     0  startup_stm32f407xx.o(.text)
    OTG_FS_IRQHandler                        0x08000243   Thumb Code     0  startup_stm32f407xx.o(.text)
    OTG_FS_WKUP_IRQHandler                   0x08000243   Thumb Code     0  startup_stm32f407xx.o(.text)
    OTG_HS_EP1_IN_IRQHandler                 0x08000243   Thumb Code     0  startup_stm32f407xx.o(.text)
    OTG_HS_EP1_OUT_IRQHandler                0x08000243   Thumb Code     0  startup_stm32f407xx.o(.text)
    OTG_HS_IRQHandler                        0x08000243   Thumb Code     0  startup_stm32f407xx.o(.text)
    OTG_HS_WKUP_IRQHandler                   0x08000243   Thumb Code     0  startup_stm32f407xx.o(.text)
    PVD_IRQHandler                           0x08000243   Thumb Code     0  startup_stm32f407xx.o(.text)
    RCC_IRQHandler                           0x08000243   Thumb Code     0  startup_stm32f407xx.o(.text)
    RTC_Alarm_IRQHandler                     0x08000243   Thumb Code     0  startup_stm32f407xx.o(.text)
    RTC_WKUP_IRQHandler                      0x08000243   Thumb Code     0  startup_stm32f407xx.o(.text)
    SDIO_IRQHandler                          0x08000243   Thumb Code     0  startup_stm32f407xx.o(.text)
    SPI1_IRQHandler                          0x08000243   Thumb Code     0  startup_stm32f407xx.o(.text)
    SPI2_IRQHandler                          0x08000243   Thumb Code     0  startup_stm32f407xx.o(.text)
    SPI3_IRQHandler                          0x08000243   Thumb Code     0  startup_stm32f407xx.o(.text)
    TAMP_STAMP_IRQHandler                    0x08000243   Thumb Code     0  startup_stm32f407xx.o(.text)
    TIM1_BRK_TIM9_IRQHandler                 0x08000243   Thumb Code     0  startup_stm32f407xx.o(.text)
    TIM1_CC_IRQHandler                       0x08000243   Thumb Code     0  startup_stm32f407xx.o(.text)
    TIM1_TRG_COM_TIM11_IRQHandler            0x08000243   Thumb Code     0  startup_stm32f407xx.o(.text)
    TIM1_UP_TIM10_IRQHandler                 0x08000243   Thumb Code     0  startup_stm32f407xx.o(.text)
    TIM2_IRQHandler                          0x08000243   Thumb Code     0  startup_stm32f407xx.o(.text)
    TIM4_IRQHandler                          0x08000243   Thumb Code     0  startup_stm32f407xx.o(.text)
    TIM5_IRQHandler                          0x08000243   Thumb Code     0  startup_stm32f407xx.o(.text)
    TIM6_DAC_IRQHandler                      0x08000243   Thumb Code     0  startup_stm32f407xx.o(.text)
    TIM7_IRQHandler                          0x08000243   Thumb Code     0  startup_stm32f407xx.o(.text)
    TIM8_BRK_TIM12_IRQHandler                0x08000243   Thumb Code     0  startup_stm32f407xx.o(.text)
    TIM8_CC_IRQHandler                       0x08000243   Thumb Code     0  startup_stm32f407xx.o(.text)
    TIM8_TRG_COM_TIM14_IRQHandler            0x08000243   Thumb Code     0  startup_stm32f407xx.o(.text)
    TIM8_UP_TIM13_IRQHandler                 0x08000243   Thumb Code     0  startup_stm32f407xx.o(.text)
    UART4_IRQHandler                         0x08000243   Thumb Code     0  startup_stm32f407xx.o(.text)
    UART5_IRQHandler                         0x08000243   Thumb Code     0  startup_stm32f407xx.o(.text)
    USART3_IRQHandler                        0x08000243   Thumb Code     0  startup_stm32f407xx.o(.text)
    USART6_IRQHandler                        0x08000243   Thumb Code     0  startup_stm32f407xx.o(.text)
    WWDG_IRQHandler                          0x08000243   Thumb Code     0  startup_stm32f407xx.o(.text)
    __user_initial_stackheap                 0x08000245   Thumb Code     0  startup_stm32f407xx.o(.text)
    __aeabi_uldivmod                         0x08000269   Thumb Code     0  lludivv7m.o(.text)
    _ll_udiv                                 0x08000269   Thumb Code   238  lludivv7m.o(.text)
    __aeabi_memclr4                          0x08000357   Thumb Code     0  rt_memclr_w.o(.text)
    __aeabi_memclr8                          0x08000357   Thumb Code     0  rt_memclr_w.o(.text)
    __rt_memclr_w                            0x08000357   Thumb Code    78  rt_memclr_w.o(.text)
    _memset_w                                0x0800035b   Thumb Code     0  rt_memclr_w.o(.text)
    __use_two_region_memory                  0x080003a5   Thumb Code     2  heapauxi.o(.text)
    __rt_heap_escrow$2region                 0x080003a7   Thumb Code     2  heapauxi.o(.text)
    __rt_heap_expand$2region                 0x080003a9   Thumb Code     2  heapauxi.o(.text)
    __user_setup_stackheap                   0x080003ab   Thumb Code    74  sys_stackheap_outer.o(.text)
    exit                                     0x080003f5   Thumb Code    18  exit.o(.text)
    __user_libspace                          0x08000409   Thumb Code     8  libspace.o(.text)
    __user_perproc_libspace                  0x08000409   Thumb Code     0  libspace.o(.text)
    __user_perthread_libspace                0x08000409   Thumb Code     0  libspace.o(.text)
    _sys_exit                                0x08000411   Thumb Code     8  sys_exit.o(.text)
    __I$use$semihosting                      0x0800041d   Thumb Code     0  use_no_semi.o(.text)
    __use_no_semihosting_swi                 0x0800041d   Thumb Code     2  use_no_semi.o(.text)
    __semihosting_library_function           0x0800041f   Thumb Code     0  indicate_semi.o(.text)
    A4950_Init                               0x08000421   Thumb Code    36  a4950.o(i.A4950_Init)
    A4950_SetLeft                            0x0800044d   Thumb Code    74  a4950.o(i.A4950_SetLeft)
    A4950_SetRight                           0x0800049d   Thumb Code    74  a4950.o(i.A4950_SetRight)
    BusFault_Handler                         0x080006f9   Thumb Code     4  stm32f4xx_it.o(i.BusFault_Handler)
    CliffSensor_Init                         0x080006fd   Thumb Code    20  cliff_sensor.o(i.CliffSensor_Init)
    DMA2_Stream0_IRQHandler                  0x0800071d   Thumb Code    10  stm32f4xx_it.o(i.DMA2_Stream0_IRQHandler)
    DMA2_Stream7_IRQHandler                  0x0800072d   Thumb Code    10  stm32f4xx_it.o(i.DMA2_Stream7_IRQHandler)
    DebugMon_Handler                         0x08000847   Thumb Code     2  stm32f4xx_it.o(i.DebugMon_Handler)
    Encoder_GetCount                         0x08000849   Thumb Code    46  encoder.o(i.Encoder_GetCount)
    Encoder_Init                             0x08000877   Thumb Code    22  encoder.o(i.Encoder_Init)
    Encoder_Reset                            0x0800088d   Thumb Code    12  encoder.o(i.Encoder_Reset)
    Error_Handler                            0x08000899   Thumb Code     6  main.o(i.Error_Handler)
    HAL_ADC_ConfigChannel                    0x080008a1   Thumb Code   380  stm32f4xx_hal_adc.o(i.HAL_ADC_ConfigChannel)
    HAL_ADC_ConvCpltCallback                 0x08000a2d   Thumb Code     2  cliff_sensor.o(i.HAL_ADC_ConvCpltCallback)
    HAL_ADC_ConvHalfCpltCallback             0x08000a2f   Thumb Code     2  stm32f4xx_hal_adc.o(i.HAL_ADC_ConvHalfCpltCallback)
    HAL_ADC_ErrorCallback                    0x08000a31   Thumb Code     2  stm32f4xx_hal_adc.o(i.HAL_ADC_ErrorCallback)
    HAL_ADC_Init                             0x08000a35   Thumb Code   100  stm32f4xx_hal_adc.o(i.HAL_ADC_Init)
    HAL_ADC_MspInit                          0x08000a9d   Thumb Code   226  stm32f4xx_hal_msp.o(i.HAL_ADC_MspInit)
    HAL_ADC_Start_DMA                        0x08000b99   Thumb Code   398  stm32f4xx_hal_adc.o(i.HAL_ADC_Start_DMA)
    HAL_DMA_Abort                            0x08000d4d   Thumb Code   172  stm32f4xx_hal_dma.o(i.HAL_DMA_Abort)
    HAL_DMA_Abort_IT                         0x08000df9   Thumb Code    40  stm32f4xx_hal_dma.o(i.HAL_DMA_Abort_IT)
    HAL_DMA_IRQHandler                       0x08000e21   Thumb Code   570  stm32f4xx_hal_dma.o(i.HAL_DMA_IRQHandler)
    HAL_DMA_Init                             0x08001061   Thumb Code   232  stm32f4xx_hal_dma.o(i.HAL_DMA_Init)
    HAL_DMA_Start_IT                         0x0800114d   Thumb Code   146  stm32f4xx_hal_dma.o(i.HAL_DMA_Start_IT)
    HAL_Delay                                0x080011e1   Thumb Code    36  stm32f4xx_hal.o(i.HAL_Delay)
    HAL_GPIO_Init                            0x08001209   Thumb Code   454  stm32f4xx_hal_gpio.o(i.HAL_GPIO_Init)
    HAL_GPIO_WritePin                        0x080013fd   Thumb Code    12  stm32f4xx_hal_gpio.o(i.HAL_GPIO_WritePin)
    HAL_GetTick                              0x08001409   Thumb Code     6  stm32f4xx_hal.o(i.HAL_GetTick)
    HAL_IncTick                              0x08001415   Thumb Code    16  stm32f4xx_hal.o(i.HAL_IncTick)
    HAL_Init                                 0x0800142d   Thumb Code    54  stm32f4xx_hal.o(i.HAL_Init)
    HAL_InitTick                             0x08001469   Thumb Code    64  stm32f4xx_hal.o(i.HAL_InitTick)
    HAL_MspInit                              0x080014b5   Thumb Code    68  stm32f4xx_hal_msp.o(i.HAL_MspInit)
    HAL_NVIC_EnableIRQ                       0x080014fd   Thumb Code    40  stm32f4xx_hal_cortex.o(i.HAL_NVIC_EnableIRQ)
    HAL_NVIC_SetPriority                     0x08001525   Thumb Code   124  stm32f4xx_hal_cortex.o(i.HAL_NVIC_SetPriority)
    HAL_NVIC_SetPriorityGrouping             0x080015a1   Thumb Code    32  stm32f4xx_hal_cortex.o(i.HAL_NVIC_SetPriorityGrouping)
    HAL_RCC_ClockConfig                      0x080015c9   Thumb Code   368  stm32f4xx_hal_rcc.o(i.HAL_RCC_ClockConfig)
    HAL_RCC_GetHCLKFreq                      0x0800174d   Thumb Code     6  stm32f4xx_hal_rcc.o(i.HAL_RCC_GetHCLKFreq)
    HAL_RCC_GetPCLK1Freq                     0x08001759   Thumb Code    22  stm32f4xx_hal_rcc.o(i.HAL_RCC_GetPCLK1Freq)
    HAL_RCC_GetPCLK2Freq                     0x08001779   Thumb Code    22  stm32f4xx_hal_rcc.o(i.HAL_RCC_GetPCLK2Freq)
    HAL_RCC_GetSysClockFreq                  0x08001799   Thumb Code   162  stm32f4xx_hal_rcc.o(i.HAL_RCC_GetSysClockFreq)
    HAL_RCC_OscConfig                        0x08001849   Thumb Code  1172  stm32f4xx_hal_rcc.o(i.HAL_RCC_OscConfig)
    HAL_SYSTICK_Config                       0x08001ce5   Thumb Code    52  stm32f4xx_hal_cortex.o(i.HAL_SYSTICK_Config)
    HAL_TIMEx_BreakCallback                  0x08001d19   Thumb Code     2  stm32f4xx_hal_tim_ex.o(i.HAL_TIMEx_BreakCallback)
    HAL_TIMEx_CommutCallback                 0x08001d1b   Thumb Code     2  stm32f4xx_hal_tim_ex.o(i.HAL_TIMEx_CommutCallback)
    HAL_TIMEx_ConfigBreakDeadTime            0x08001d1d   Thumb Code   116  stm32f4xx_hal_tim_ex.o(i.HAL_TIMEx_ConfigBreakDeadTime)
    HAL_TIMEx_MasterConfigSynchronization    0x08001d91   Thumb Code   150  stm32f4xx_hal_tim_ex.o(i.HAL_TIMEx_MasterConfigSynchronization)
    HAL_TIM_Base_Init                        0x08001e45   Thumb Code   102  stm32f4xx_hal_tim.o(i.HAL_TIM_Base_Init)
    HAL_TIM_Base_MspInit                     0x08001ead   Thumb Code   148  stm32f4xx_hal_msp.o(i.HAL_TIM_Base_MspInit)
    HAL_TIM_Base_Start                       0x08001f51   Thumb Code   126  stm32f4xx_hal_tim.o(i.HAL_TIM_Base_Start)
    HAL_TIM_ConfigClockSource                0x08001fed   Thumb Code   268  stm32f4xx_hal_tim.o(i.HAL_TIM_ConfigClockSource)
    HAL_TIM_Encoder_Init                     0x080020f9   Thumb Code   200  stm32f4xx_hal_tim.o(i.HAL_TIM_Encoder_Init)
    HAL_TIM_Encoder_MspInit                  0x080021c1   Thumb Code   282  stm32f4xx_hal_msp.o(i.HAL_TIM_Encoder_MspInit)
    HAL_TIM_Encoder_Start                    0x080022ed   Thumb Code   204  stm32f4xx_hal_tim.o(i.HAL_TIM_Encoder_Start)
    HAL_TIM_IC_CaptureCallback               0x080023b9   Thumb Code     2  stm32f4xx_hal_tim.o(i.HAL_TIM_IC_CaptureCallback)
    HAL_TIM_IRQHandler                       0x080023bb   Thumb Code   364  stm32f4xx_hal_tim.o(i.HAL_TIM_IRQHandler)
    HAL_TIM_MspPostInit                      0x08002529   Thumb Code   154  stm32f4xx_hal_msp.o(i.HAL_TIM_MspPostInit)
    HAL_TIM_OC_DelayElapsedCallback          0x080025d5   Thumb Code     2  stm32f4xx_hal_tim.o(i.HAL_TIM_OC_DelayElapsedCallback)
    HAL_TIM_PWM_ConfigChannel                0x080025d7   Thumb Code   260  stm32f4xx_hal_tim.o(i.HAL_TIM_PWM_ConfigChannel)
    HAL_TIM_PWM_Init                         0x080026db   Thumb Code   102  stm32f4xx_hal_tim.o(i.HAL_TIM_PWM_Init)
    HAL_TIM_PWM_MspInit                      0x08002741   Thumb Code     2  stm32f4xx_hal_tim.o(i.HAL_TIM_PWM_MspInit)
    HAL_TIM_PWM_PulseFinishedCallback        0x08002743   Thumb Code     2  stm32f4xx_hal_tim.o(i.HAL_TIM_PWM_PulseFinishedCallback)
    HAL_TIM_PWM_Start                        0x08002745   Thumb Code   238  stm32f4xx_hal_tim.o(i.HAL_TIM_PWM_Start)
    HAL_TIM_PeriodElapsedCallback            0x08002851   Thumb Code     2  stm32f4xx_hal_tim.o(i.HAL_TIM_PeriodElapsedCallback)
    HAL_TIM_TriggerCallback                  0x08002853   Thumb Code     2  stm32f4xx_hal_tim.o(i.HAL_TIM_TriggerCallback)
    HAL_UARTEx_RxEventCallback               0x08002855   Thumb Code     2  stm32f4xx_hal_uart.o(i.HAL_UARTEx_RxEventCallback)
    HAL_UART_ErrorCallback                   0x08002857   Thumb Code     2  stm32f4xx_hal_uart.o(i.HAL_UART_ErrorCallback)
    HAL_UART_IRQHandler                      0x08002859   Thumb Code   740  stm32f4xx_hal_uart.o(i.HAL_UART_IRQHandler)
    HAL_UART_Init                            0x08002b41   Thumb Code   118  stm32f4xx_hal_uart.o(i.HAL_UART_Init)
    HAL_UART_MspInit                         0x08002bb9   Thumb Code   326  stm32f4xx_hal_msp.o(i.HAL_UART_MspInit)
    HAL_UART_Receive_IT                      0x08002d1d   Thumb Code    44  stm32f4xx_hal_uart.o(i.HAL_UART_Receive_IT)
    HAL_UART_RxCpltCallback                  0x08002d49   Thumb Code    40  main.o(i.HAL_UART_RxCpltCallback)
    HAL_UART_TxCpltCallback                  0x08002d81   Thumb Code     2  stm32f4xx_hal_uart.o(i.HAL_UART_TxCpltCallback)
    HardFault_Handler                        0x08002d83   Thumb Code     4  stm32f4xx_it.o(i.HardFault_Handler)
    JY901S_GetData                           0x08002d89   Thumb Code     4  jy901s.o(i.JY901S_GetData)
    JY901S_Init                              0x08002d91   Thumb Code    20  jy901s.o(i.JY901S_Init)
    JY901S_UART_RxHandler                    0x08002dad   Thumb Code   416  jy901s.o(i.JY901S_UART_RxHandler)
    Key_Init                                 0x08002f61   Thumb Code    16  key.o(i.Key_Init)
    LED_Init                                 0x08002f71   Thumb Code    32  led.o(i.LED_Init)
    LED_Init_All                             0x08002f91   Thumb Code    28  main.o(i.LED_Init_All)
    LED_Off                                  0x08002fbd   Thumb Code    32  led.o(i.LED_Off)
    LED_On                                   0x08002fdd   Thumb Code    32  led.o(i.LED_On)
    LED_Test                                 0x08002ffd   Thumb Code    68  main.o(i.LED_Test)
    MemManage_Handler                        0x08003605   Thumb Code     4  stm32f4xx_it.o(i.MemManage_Handler)
    NMI_Handler                              0x08003609   Thumb Code     4  stm32f4xx_it.o(i.NMI_Handler)
    PendSV_Handler                           0x0800360d   Thumb Code     2  stm32f4xx_it.o(i.PendSV_Handler)
    SVC_Handler                              0x0800360f   Thumb Code     2  stm32f4xx_it.o(i.SVC_Handler)
    SysTick_Handler                          0x08003611   Thumb Code     8  stm32f4xx_it.o(i.SysTick_Handler)
    SystemClock_Config                       0x08003619   Thumb Code   170  main.o(i.SystemClock_Config)
    SystemInit                               0x080036cd   Thumb Code    14  system_stm32f4xx.o(i.SystemInit)
    TIM3_IRQHandler                          0x080036e1   Thumb Code    10  stm32f4xx_it.o(i.TIM3_IRQHandler)
    TIM_Base_SetConfig                       0x080036f1   Thumb Code   186  stm32f4xx_hal_tim.o(i.TIM_Base_SetConfig)
    TIM_CCxChannelCmd                        0x080037d9   Thumb Code    34  stm32f4xx_hal_tim.o(i.TIM_CCxChannelCmd)
    TIM_ETR_SetConfig                        0x080037fb   Thumb Code    22  stm32f4xx_hal_tim.o(i.TIM_ETR_SetConfig)
    TIM_OC2_SetConfig                        0x08003895   Thumb Code   114  stm32f4xx_hal_tim.o(i.TIM_OC2_SetConfig)
    UART_Start_Receive_IT                    0x08003df5   Thumb Code    64  stm32f4xx_hal_uart.o(i.UART_Start_Receive_IT)
    USART1_IRQHandler                        0x08003e95   Thumb Code    10  stm32f4xx_it.o(i.USART1_IRQHandler)
    USART2_IRQHandler                        0x08003ea5   Thumb Code    10  stm32f4xx_it.o(i.USART2_IRQHandler)
    UsageFault_Handler                       0x08003eb5   Thumb Code     4  stm32f4xx_it.o(i.UsageFault_Handler)
    main                                     0x08003ef1   Thumb Code   212  main.o(i.main)
    _fp_init                                 0x08003ff5   Thumb Code    10  fpinit.o(x$fpl$fpinit)
    __fplib_config_fpu_vfp                   0x08003ffd   Thumb Code     0  fpinit.o(x$fpl$fpinit)
    __fplib_config_pureend_doubles           0x08003ffd   Thumb Code     0  fpinit.o(x$fpl$fpinit)
    AHBPrescTable                            0x08004006   Data          16  system_stm32f4xx.o(.constdata)
    APBPrescTable                            0x08004016   Data           8  system_stm32f4xx.o(.constdata)
    Region$$Table$$Base                      0x08004020   Number         0  anon$$obj.o(Region$$Table)
    Region$$Table$$Limit                     0x08004040   Number         0  anon$$obj.o(Region$$Table)
    LED0                                     0x20000000   Data           8  main.o(.data)
    LED1                                     0x20000008   Data           8  main.o(.data)
    LED2                                     0x20000010   Data           8  main.o(.data)
    LED3                                     0x20000018   Data           8  main.o(.data)
    key                                      0x20000020   Data          24  main.o(.data)
    encL                                     0x20000038   Data           8  main.o(.data)
    encR                                     0x20000040   Data           8  main.o(.data)
    sensor_vals                              0x20000048   Data           8  main.o(.data)
    flag1                                    0x20000058   Data           4  main.o(.data)
    flag2                                    0x2000005c   Data           4  main.o(.data)
    flag3                                    0x20000060   Data           4  main.o(.data)
    flag4                                    0x20000064   Data           4  main.o(.data)
    leftCountGlobal                          0x20000068   Data           4  main.o(.data)
    rightCountGlobal                         0x2000006c   Data           4  main.o(.data)
    imu                                      0x20000070   Data           4  main.o(.data)
    uwTick                                   0x20000074   Data           4  stm32f4xx_hal.o(.data)
    uwTickPrio                               0x20000078   Data           4  stm32f4xx_hal.o(.data)
    uwTickFreq                               0x2000007c   Data           1  stm32f4xx_hal.o(.data)
    SystemCoreClock                          0x20000080   Data           4  system_stm32f4xx.o(.data)
    cliff_thresholds                         0x20000090   Data           8  cliff_sensor.o(.data)
    hadc1                                    0x20000098   Data          72  main.o(.bss)
    hdma_adc1                                0x200000e0   Data          96  main.o(.bss)
    htim1                                    0x20000140   Data          72  main.o(.bss)
    htim2                                    0x20000188   Data          72  main.o(.bss)
    htim3                                    0x200001d0   Data          72  main.o(.bss)
    htim5                                    0x20000218   Data          72  main.o(.bss)
    htim9                                    0x20000260   Data          72  main.o(.bss)
    huart1                                   0x200002a8   Data          72  main.o(.bss)
    huart2                                   0x200002f0   Data          72  main.o(.bss)
    hdma_usart1_tx                           0x20000338   Data          96  main.o(.bss)
    jy_rx_buf                                0x20000398   Data          11  main.o(.bss)
    uart1_tx_buf                             0x200003a3   Data         128  main.o(.bss)
    __libspace_start                         0x20000454   Data          96  libspace.o(.bss)
    __temporary_stack_top$libspace           0x200004b4   Data           0  libspace.o(.bss)



==============================================================================

Memory Map of the image

  Image Entry point : 0x08000189

  Load Region LR_IROM1 (Base: 0x08000000, Size: 0x000040d8, Max: 0x00080000, ABSOLUTE)

    Execution Region ER_IROM1 (Exec base: 0x08000000, Load base: 0x08000000, Size: 0x00004040, Max: 0x00080000, ABSOLUTE)

    Exec Addr    Load Addr    Size         Type   Attr      Idx    E Section Name        Object

    0x08000000   0x08000000   0x00000188   Data   RO            3    RESET               startup_stm32f407xx.o
    0x08000188   0x08000188   0x00000008   Code   RO         3632  * !!!main             c_w.l(__main.o)
    0x08000190   0x08000190   0x00000034   Code   RO         3801    !!!scatter          c_w.l(__scatter.o)
    0x080001c4   0x080001c4   0x0000001a   Code   RO         3803    !!handler_copy      c_w.l(__scatter_copy.o)
    0x080001de   0x080001de   0x00000002   PAD
    0x080001e0   0x080001e0   0x0000001c   Code   RO         3805    !!handler_zi        c_w.l(__scatter_zi.o)
    0x080001fc   0x080001fc   0x00000002   Code   RO         3669    .ARM.Collect$$libinit$$00000000  c_w.l(libinit.o)
    0x080001fe   0x080001fe   0x00000004   Code   RO         3681    .ARM.Collect$$libinit$$00000001  c_w.l(libinit2.o)
    0x08000202   0x08000202   0x00000000   Code   RO         3684    .ARM.Collect$$libinit$$00000004  c_w.l(libinit2.o)
    0x08000202   0x08000202   0x00000000   Code   RO         3687    .ARM.Collect$$libinit$$0000000A  c_w.l(libinit2.o)
    0x08000202   0x08000202   0x00000000   Code   RO         3689    .ARM.Collect$$libinit$$0000000C  c_w.l(libinit2.o)
    0x08000202   0x08000202   0x00000000   Code   RO         3691    .ARM.Collect$$libinit$$0000000E  c_w.l(libinit2.o)
    0x08000202   0x08000202   0x00000000   Code   RO         3694    .ARM.Collect$$libinit$$00000011  c_w.l(libinit2.o)
    0x08000202   0x08000202   0x00000000   Code   RO         3696    .ARM.Collect$$libinit$$00000013  c_w.l(libinit2.o)
    0x08000202   0x08000202   0x00000000   Code   RO         3698    .ARM.Collect$$libinit$$00000015  c_w.l(libinit2.o)
    0x08000202   0x08000202   0x00000000   Code   RO         3700    .ARM.Collect$$libinit$$00000017  c_w.l(libinit2.o)
    0x08000202   0x08000202   0x00000000   Code   RO         3702    .ARM.Collect$$libinit$$00000019  c_w.l(libinit2.o)
    0x08000202   0x08000202   0x00000000   Code   RO         3704    .ARM.Collect$$libinit$$0000001B  c_w.l(libinit2.o)
    0x08000202   0x08000202   0x00000000   Code   RO         3706    .ARM.Collect$$libinit$$0000001D  c_w.l(libinit2.o)
    0x08000202   0x08000202   0x00000000   Code   RO         3708    .ARM.Collect$$libinit$$0000001F  c_w.l(libinit2.o)
    0x08000202   0x08000202   0x00000000   Code   RO         3710    .ARM.Collect$$libinit$$00000021  c_w.l(libinit2.o)
    0x08000202   0x08000202   0x00000000   Code   RO         3712    .ARM.Collect$$libinit$$00000023  c_w.l(libinit2.o)
    0x08000202   0x08000202   0x00000000   Code   RO         3714    .ARM.Collect$$libinit$$00000025  c_w.l(libinit2.o)
    0x08000202   0x08000202   0x00000000   Code   RO         3718    .ARM.Collect$$libinit$$0000002C  c_w.l(libinit2.o)
    0x08000202   0x08000202   0x00000000   Code   RO         3720    .ARM.Collect$$libinit$$0000002E  c_w.l(libinit2.o)
    0x08000202   0x08000202   0x00000000   Code   RO         3722    .ARM.Collect$$libinit$$00000030  c_w.l(libinit2.o)
    0x08000202   0x08000202   0x00000000   Code   RO         3724    .ARM.Collect$$libinit$$00000032  c_w.l(libinit2.o)
    0x08000202   0x08000202   0x00000002   Code   RO         3725    .ARM.Collect$$libinit$$00000033  c_w.l(libinit2.o)
    0x08000204   0x08000204   0x00000002   Code   RO         3756    .ARM.Collect$$libshutdown$$00000000  c_w.l(libshutdown.o)
    0x08000206   0x08000206   0x00000000   Code   RO         3782    .ARM.Collect$$libshutdown$$00000002  c_w.l(libshutdown2.o)
    0x08000206   0x08000206   0x00000000   Code   RO         3784    .ARM.Collect$$libshutdown$$00000004  c_w.l(libshutdown2.o)
    0x08000206   0x08000206   0x00000000   Code   RO         3786    .ARM.Collect$$libshutdown$$00000006  c_w.l(libshutdown2.o)
    0x08000206   0x08000206   0x00000000   Code   RO         3789    .ARM.Collect$$libshutdown$$00000009  c_w.l(libshutdown2.o)
    0x08000206   0x08000206   0x00000000   Code   RO         3792    .ARM.Collect$$libshutdown$$0000000C  c_w.l(libshutdown2.o)
    0x08000206   0x08000206   0x00000000   Code   RO         3794    .ARM.Collect$$libshutdown$$0000000E  c_w.l(libshutdown2.o)
    0x08000206   0x08000206   0x00000000   Code   RO         3797    .ARM.Collect$$libshutdown$$00000011  c_w.l(libshutdown2.o)
    0x08000206   0x08000206   0x00000002   Code   RO         3798    .ARM.Collect$$libshutdown$$00000012  c_w.l(libshutdown2.o)
    0x08000208   0x08000208   0x00000000   Code   RO         3634    .ARM.Collect$$rtentry$$00000000  c_w.l(__rtentry.o)
    0x08000208   0x08000208   0x00000000   Code   RO         3640    .ARM.Collect$$rtentry$$00000002  c_w.l(__rtentry2.o)
    0x08000208   0x08000208   0x00000006   Code   RO         3652    .ARM.Collect$$rtentry$$00000004  c_w.l(__rtentry4.o)
    0x0800020e   0x0800020e   0x00000000   Code   RO         3642    .ARM.Collect$$rtentry$$00000009  c_w.l(__rtentry2.o)
    0x0800020e   0x0800020e   0x00000004   Code   RO         3643    .ARM.Collect$$rtentry$$0000000A  c_w.l(__rtentry2.o)
    0x08000212   0x08000212   0x00000000   Code   RO         3645    .ARM.Collect$$rtentry$$0000000C  c_w.l(__rtentry2.o)
    0x08000212   0x08000212   0x00000008   Code   RO         3646    .ARM.Collect$$rtentry$$0000000D  c_w.l(__rtentry2.o)
    0x0800021a   0x0800021a   0x00000002   Code   RO         3673    .ARM.Collect$$rtexit$$00000000  c_w.l(rtexit.o)
    0x0800021c   0x0800021c   0x00000000   Code   RO         3729    .ARM.Collect$$rtexit$$00000002  c_w.l(rtexit2.o)
    0x0800021c   0x0800021c   0x00000004   Code   RO         3730    .ARM.Collect$$rtexit$$00000003  c_w.l(rtexit2.o)
    0x08000220   0x08000220   0x00000006   Code   RO         3731    .ARM.Collect$$rtexit$$00000004  c_w.l(rtexit2.o)
    0x08000226   0x08000226   0x00000002   PAD
    0x08000228   0x08000228   0x00000040   Code   RO            4    .text               startup_stm32f407xx.o
    0x08000268   0x08000268   0x000000ee   Code   RO         3626    .text               c_w.l(lludivv7m.o)
    0x08000356   0x08000356   0x0000004e   Code   RO         3628    .text               c_w.l(rt_memclr_w.o)
    0x080003a4   0x080003a4   0x00000006   Code   RO         3630    .text               c_w.l(heapauxi.o)
    0x080003aa   0x080003aa   0x0000004a   Code   RO         3656    .text               c_w.l(sys_stackheap_outer.o)
    0x080003f4   0x080003f4   0x00000012   Code   RO         3658    .text               c_w.l(exit.o)
    0x08000406   0x08000406   0x00000002   PAD
    0x08000408   0x08000408   0x00000008   Code   RO         3670    .text               c_w.l(libspace.o)
    0x08000410   0x08000410   0x0000000c   Code   RO         3726    .text               c_w.l(sys_exit.o)
    0x0800041c   0x0800041c   0x00000002   Code   RO         3745    .text               c_w.l(use_no_semi.o)
    0x0800041e   0x0800041e   0x00000000   Code   RO         3747    .text               c_w.l(indicate_semi.o)
    0x0800041e   0x0800041e   0x00000002   PAD
    0x08000420   0x08000420   0x0000002c   Code   RO         3404    i.A4950_Init        a4950.o
    0x0800044c   0x0800044c   0x00000050   Code   RO         3405    i.A4950_SetLeft     a4950.o
    0x0800049c   0x0800049c   0x00000054   Code   RO         3406    i.A4950_SetRight    a4950.o
    0x080004f0   0x080004f0   0x0000007e   Code   RO          447    i.ADC_DMAConvCplt   stm32f4xx_hal_adc.o
    0x0800056e   0x0800056e   0x0000001a   Code   RO          448    i.ADC_DMAError      stm32f4xx_hal_adc.o
    0x08000588   0x08000588   0x0000000e   Code   RO          449    i.ADC_DMAHalfConvCplt  stm32f4xx_hal_adc.o
    0x08000596   0x08000596   0x00000002   PAD
    0x08000598   0x08000598   0x00000160   Code   RO          450    i.ADC_Init          stm32f4xx_hal_adc.o
    0x080006f8   0x080006f8   0x00000004   Code   RO          262    i.BusFault_Handler  stm32f4xx_it.o
    0x080006fc   0x080006fc   0x00000020   Code   RO         3493    i.CliffSensor_Init  cliff_sensor.o
    0x0800071c   0x0800071c   0x00000010   Code   RO          263    i.DMA2_Stream0_IRQHandler  stm32f4xx_it.o
    0x0800072c   0x0800072c   0x00000010   Code   RO          264    i.DMA2_Stream7_IRQHandler  stm32f4xx_it.o
    0x0800073c   0x0800073c   0x00000034   Code   RO         1229    i.DMA_CalcBaseAndBitshift  stm32f4xx_hal_dma.o
    0x08000770   0x08000770   0x000000aa   Code   RO         1230    i.DMA_CheckFifoParam  stm32f4xx_hal_dma.o
    0x0800081a   0x0800081a   0x0000002c   Code   RO         1231    i.DMA_SetConfig     stm32f4xx_hal_dma.o
    0x08000846   0x08000846   0x00000002   Code   RO          265    i.DebugMon_Handler  stm32f4xx_it.o
    0x08000848   0x08000848   0x0000002e   Code   RO         3591    i.Encoder_GetCount  encoder.o
    0x08000876   0x08000876   0x00000016   Code   RO         3592    i.Encoder_Init      encoder.o
    0x0800088c   0x0800088c   0x0000000c   Code   RO         3593    i.Encoder_Reset     encoder.o
    0x08000898   0x08000898   0x00000006   Code   RO           13    i.Error_Handler     main.o
    0x0800089e   0x0800089e   0x00000002   PAD
    0x080008a0   0x080008a0   0x0000018c   Code   RO          452    i.HAL_ADC_ConfigChannel  stm32f4xx_hal_adc.o
    0x08000a2c   0x08000a2c   0x00000002   Code   RO         3495    i.HAL_ADC_ConvCpltCallback  cliff_sensor.o
    0x08000a2e   0x08000a2e   0x00000002   Code   RO          454    i.HAL_ADC_ConvHalfCpltCallback  stm32f4xx_hal_adc.o
    0x08000a30   0x08000a30   0x00000002   Code   RO          456    i.HAL_ADC_ErrorCallback  stm32f4xx_hal_adc.o
    0x08000a32   0x08000a32   0x00000002   PAD
    0x08000a34   0x08000a34   0x00000068   Code   RO          461    i.HAL_ADC_Init      stm32f4xx_hal_adc.o
    0x08000a9c   0x08000a9c   0x000000fc   Code   RO          369    i.HAL_ADC_MspInit   stm32f4xx_hal_msp.o
    0x08000b98   0x08000b98   0x000001b4   Code   RO          468    i.HAL_ADC_Start_DMA  stm32f4xx_hal_adc.o
    0x08000d4c   0x08000d4c   0x000000ac   Code   RO         1232    i.HAL_DMA_Abort     stm32f4xx_hal_dma.o
    0x08000df8   0x08000df8   0x00000028   Code   RO         1233    i.HAL_DMA_Abort_IT  stm32f4xx_hal_dma.o
    0x08000e20   0x08000e20   0x00000240   Code   RO         1237    i.HAL_DMA_IRQHandler  stm32f4xx_hal_dma.o
    0x08001060   0x08001060   0x000000ec   Code   RO         1238    i.HAL_DMA_Init      stm32f4xx_hal_dma.o
    0x0800114c   0x0800114c   0x00000092   Code   RO         1242    i.HAL_DMA_Start_IT  stm32f4xx_hal_dma.o
    0x080011de   0x080011de   0x00000002   PAD
    0x080011e0   0x080011e0   0x00000028   Code   RO         1674    i.HAL_Delay         stm32f4xx_hal.o
    0x08001208   0x08001208   0x000001f4   Code   RO         1125    i.HAL_GPIO_Init     stm32f4xx_hal_gpio.o
    0x080013fc   0x080013fc   0x0000000c   Code   RO         1129    i.HAL_GPIO_WritePin  stm32f4xx_hal_gpio.o
    0x08001408   0x08001408   0x0000000c   Code   RO         1680    i.HAL_GetTick       stm32f4xx_hal.o
    0x08001414   0x08001414   0x00000018   Code   RO         1686    i.HAL_IncTick       stm32f4xx_hal.o
    0x0800142c   0x0800142c   0x0000003c   Code   RO         1687    i.HAL_Init          stm32f4xx_hal.o
    0x08001468   0x08001468   0x0000004c   Code   RO         1688    i.HAL_InitTick      stm32f4xx_hal.o
    0x080014b4   0x080014b4   0x00000048   Code   RO          370    i.HAL_MspInit       stm32f4xx_hal_msp.o
    0x080014fc   0x080014fc   0x00000028   Code   RO         1517    i.HAL_NVIC_EnableIRQ  stm32f4xx_hal_cortex.o
    0x08001524   0x08001524   0x0000007c   Code   RO         1523    i.HAL_NVIC_SetPriority  stm32f4xx_hal_cortex.o
    0x080015a0   0x080015a0   0x00000028   Code   RO         1524    i.HAL_NVIC_SetPriorityGrouping  stm32f4xx_hal_cortex.o
    0x080015c8   0x080015c8   0x00000184   Code   RO          726    i.HAL_RCC_ClockConfig  stm32f4xx_hal_rcc.o
    0x0800174c   0x0800174c   0x0000000c   Code   RO          731    i.HAL_RCC_GetHCLKFreq  stm32f4xx_hal_rcc.o
    0x08001758   0x08001758   0x00000020   Code   RO          733    i.HAL_RCC_GetPCLK1Freq  stm32f4xx_hal_rcc.o
    0x08001778   0x08001778   0x00000020   Code   RO          734    i.HAL_RCC_GetPCLK2Freq  stm32f4xx_hal_rcc.o
    0x08001798   0x08001798   0x000000b0   Code   RO          735    i.HAL_RCC_GetSysClockFreq  stm32f4xx_hal_rcc.o
    0x08001848   0x08001848   0x0000049c   Code   RO          738    i.HAL_RCC_OscConfig  stm32f4xx_hal_rcc.o
    0x08001ce4   0x08001ce4   0x00000034   Code   RO         1528    i.HAL_SYSTICK_Config  stm32f4xx_hal_cortex.o
    0x08001d18   0x08001d18   0x00000002   Code   RO         2642    i.HAL_TIMEx_BreakCallback  stm32f4xx_hal_tim_ex.o
    0x08001d1a   0x08001d1a   0x00000002   Code   RO         2643    i.HAL_TIMEx_CommutCallback  stm32f4xx_hal_tim_ex.o
    0x08001d1c   0x08001d1c   0x00000074   Code   RO         2645    i.HAL_TIMEx_ConfigBreakDeadTime  stm32f4xx_hal_tim_ex.o
    0x08001d90   0x08001d90   0x000000b4   Code   RO         2661    i.HAL_TIMEx_MasterConfigSynchronization  stm32f4xx_hal_tim_ex.o
    0x08001e44   0x08001e44   0x00000066   Code   RO         1927    i.HAL_TIM_Base_Init  stm32f4xx_hal_tim.o
    0x08001eaa   0x08001eaa   0x00000002   PAD
    0x08001eac   0x08001eac   0x000000a4   Code   RO          372    i.HAL_TIM_Base_MspInit  stm32f4xx_hal_msp.o
    0x08001f50   0x08001f50   0x0000009c   Code   RO         1930    i.HAL_TIM_Base_Start  stm32f4xx_hal_tim.o
    0x08001fec   0x08001fec   0x0000010c   Code   RO         1936    i.HAL_TIM_ConfigClockSource  stm32f4xx_hal_tim.o
    0x080020f8   0x080020f8   0x000000c8   Code   RO         1948    i.HAL_TIM_Encoder_Init  stm32f4xx_hal_tim.o
    0x080021c0   0x080021c0   0x0000012c   Code   RO          374    i.HAL_TIM_Encoder_MspInit  stm32f4xx_hal_msp.o
    0x080022ec   0x080022ec   0x000000cc   Code   RO         1951    i.HAL_TIM_Encoder_Start  stm32f4xx_hal_tim.o
    0x080023b8   0x080023b8   0x00000002   Code   RO         1961    i.HAL_TIM_IC_CaptureCallback  stm32f4xx_hal_tim.o
    0x080023ba   0x080023ba   0x0000016c   Code   RO         1975    i.HAL_TIM_IRQHandler  stm32f4xx_hal_tim.o
    0x08002526   0x08002526   0x00000002   PAD
    0x08002528   0x08002528   0x000000ac   Code   RO          375    i.HAL_TIM_MspPostInit  stm32f4xx_hal_msp.o
    0x080025d4   0x080025d4   0x00000002   Code   RO         1978    i.HAL_TIM_OC_DelayElapsedCallback  stm32f4xx_hal_tim.o
    0x080025d6   0x080025d6   0x00000104   Code   RO         1999    i.HAL_TIM_PWM_ConfigChannel  stm32f4xx_hal_tim.o
    0x080026da   0x080026da   0x00000066   Code   RO         2002    i.HAL_TIM_PWM_Init  stm32f4xx_hal_tim.o
    0x08002740   0x08002740   0x00000002   Code   RO         2004    i.HAL_TIM_PWM_MspInit  stm32f4xx_hal_tim.o
    0x08002742   0x08002742   0x00000002   Code   RO         2005    i.HAL_TIM_PWM_PulseFinishedCallback  stm32f4xx_hal_tim.o
    0x08002744   0x08002744   0x0000010c   Code   RO         2007    i.HAL_TIM_PWM_Start  stm32f4xx_hal_tim.o
    0x08002850   0x08002850   0x00000002   Code   RO         2013    i.HAL_TIM_PeriodElapsedCallback  stm32f4xx_hal_tim.o
    0x08002852   0x08002852   0x00000002   Code   RO         2018    i.HAL_TIM_TriggerCallback  stm32f4xx_hal_tim.o
    0x08002854   0x08002854   0x00000002   Code   RO         2921    i.HAL_UARTEx_RxEventCallback  stm32f4xx_hal_uart.o
    0x08002856   0x08002856   0x00000002   Code   RO         2935    i.HAL_UART_ErrorCallback  stm32f4xx_hal_uart.o
    0x08002858   0x08002858   0x000002e8   Code   RO         2938    i.HAL_UART_IRQHandler  stm32f4xx_hal_uart.o
    0x08002b40   0x08002b40   0x00000076   Code   RO         2939    i.HAL_UART_Init     stm32f4xx_hal_uart.o
    0x08002bb6   0x08002bb6   0x00000002   PAD
    0x08002bb8   0x08002bb8   0x00000164   Code   RO          377    i.HAL_UART_MspInit  stm32f4xx_hal_msp.o
    0x08002d1c   0x08002d1c   0x0000002c   Code   RO         2944    i.HAL_UART_Receive_IT  stm32f4xx_hal_uart.o
    0x08002d48   0x08002d48   0x00000038   Code   RO           14    i.HAL_UART_RxCpltCallback  main.o
    0x08002d80   0x08002d80   0x00000002   Code   RO         2950    i.HAL_UART_TxCpltCallback  stm32f4xx_hal_uart.o
    0x08002d82   0x08002d82   0x00000004   Code   RO          266    i.HardFault_Handler  stm32f4xx_it.o
    0x08002d86   0x08002d86   0x00000002   PAD
    0x08002d88   0x08002d88   0x00000008   Code   RO         3449    i.JY901S_GetData    jy901s.o
    0x08002d90   0x08002d90   0x0000001c   Code   RO         3450    i.JY901S_Init       jy901s.o
    0x08002dac   0x08002dac   0x000001b4   Code   RO         3451    i.JY901S_UART_RxHandler  jy901s.o
    0x08002f60   0x08002f60   0x00000010   Code   RO         3365    i.Key_Init          key.o
    0x08002f70   0x08002f70   0x00000020   Code   RO         3319    i.LED_Init          led.o
    0x08002f90   0x08002f90   0x0000002c   Code   RO           15    i.LED_Init_All      main.o
    0x08002fbc   0x08002fbc   0x00000020   Code   RO         3320    i.LED_Off           led.o
    0x08002fdc   0x08002fdc   0x00000020   Code   RO         3321    i.LED_On            led.o
    0x08002ffc   0x08002ffc   0x00000054   Code   RO           16    i.LED_Test          main.o
    0x08003050   0x08003050   0x000000b4   Code   RO           18    i.MX_ADC1_Init      main.o
    0x08003104   0x08003104   0x00000048   Code   RO           19    i.MX_DMA_Init       main.o
    0x0800314c   0x0800314c   0x00000160   Code   RO           20    i.MX_GPIO_Init      main.o
    0x080032ac   0x080032ac   0x000000e8   Code   RO           21    i.MX_TIM1_Init      main.o
    0x08003394   0x08003394   0x00000078   Code   RO           22    i.MX_TIM2_Init      main.o
    0x0800340c   0x0800340c   0x00000070   Code   RO           23    i.MX_TIM3_Init      main.o
    0x0800347c   0x0800347c   0x0000007c   Code   RO           24    i.MX_TIM5_Init      main.o
    0x080034f8   0x080034f8   0x0000009c   Code   RO           25    i.MX_TIM9_Init      main.o
    0x08003594   0x08003594   0x00000038   Code   RO           26    i.MX_USART1_UART_Init  main.o
    0x080035cc   0x080035cc   0x00000038   Code   RO           27    i.MX_USART2_UART_Init  main.o
    0x08003604   0x08003604   0x00000004   Code   RO          267    i.MemManage_Handler  stm32f4xx_it.o
    0x08003608   0x08003608   0x00000004   Code   RO          268    i.NMI_Handler       stm32f4xx_it.o
    0x0800360c   0x0800360c   0x00000002   Code   RO          269    i.PendSV_Handler    stm32f4xx_it.o
    0x0800360e   0x0800360e   0x00000002   Code   RO          270    i.SVC_Handler       stm32f4xx_it.o
    0x08003610   0x08003610   0x00000008   Code   RO          271    i.SysTick_Handler   stm32f4xx_it.o
    0x08003618   0x08003618   0x000000b4   Code   RO           28    i.SystemClock_Config  main.o
    0x080036cc   0x080036cc   0x00000014   Code   RO         3283    i.SystemInit        system_stm32f4xx.o
    0x080036e0   0x080036e0   0x00000010   Code   RO          272    i.TIM3_IRQHandler   stm32f4xx_it.o
    0x080036f0   0x080036f0   0x000000e8   Code   RO         2020    i.TIM_Base_SetConfig  stm32f4xx_hal_tim.o
    0x080037d8   0x080037d8   0x00000022   Code   RO         2021    i.TIM_CCxChannelCmd  stm32f4xx_hal_tim.o
    0x080037fa   0x080037fa   0x00000016   Code   RO         2031    i.TIM_ETR_SetConfig  stm32f4xx_hal_tim.o
    0x08003810   0x08003810   0x00000012   Code   RO         2032    i.TIM_ITRx_SetConfig  stm32f4xx_hal_tim.o
    0x08003822   0x08003822   0x00000002   PAD
    0x08003824   0x08003824   0x00000070   Code   RO         2033    i.TIM_OC1_SetConfig  stm32f4xx_hal_tim.o
    0x08003894   0x08003894   0x0000007c   Code   RO         2034    i.TIM_OC2_SetConfig  stm32f4xx_hal_tim.o
    0x08003910   0x08003910   0x00000078   Code   RO         2035    i.TIM_OC3_SetConfig  stm32f4xx_hal_tim.o
    0x08003988   0x08003988   0x00000054   Code   RO         2036    i.TIM_OC4_SetConfig  stm32f4xx_hal_tim.o
    0x080039dc   0x080039dc   0x00000026   Code   RO         2038    i.TIM_TI1_ConfigInputStage  stm32f4xx_hal_tim.o
    0x08003a02   0x08003a02   0x00000028   Code   RO         2040    i.TIM_TI2_ConfigInputStage  stm32f4xx_hal_tim.o
    0x08003a2a   0x08003a2a   0x00000014   Code   RO         2952    i.UART_DMAAbortOnError  stm32f4xx_hal_uart.o
    0x08003a3e   0x08003a3e   0x0000006c   Code   RO         2962    i.UART_EndRxTransfer  stm32f4xx_hal_uart.o
    0x08003aaa   0x08003aaa   0x00000020   Code   RO         2963    i.UART_EndTransmit_IT  stm32f4xx_hal_uart.o
    0x08003aca   0x08003aca   0x000000fc   Code   RO         2965    i.UART_Receive_IT   stm32f4xx_hal_uart.o
    0x08003bc6   0x08003bc6   0x00000002   PAD
    0x08003bc8   0x08003bc8   0x0000022c   Code   RO         2966    i.UART_SetConfig    stm32f4xx_hal_uart.o
    0x08003df4   0x08003df4   0x00000040   Code   RO         2968    i.UART_Start_Receive_IT  stm32f4xx_hal_uart.o
    0x08003e34   0x08003e34   0x00000060   Code   RO         2969    i.UART_Transmit_IT  stm32f4xx_hal_uart.o
    0x08003e94   0x08003e94   0x00000010   Code   RO          273    i.USART1_IRQHandler  stm32f4xx_it.o
    0x08003ea4   0x08003ea4   0x00000010   Code   RO          274    i.USART2_IRQHandler  stm32f4xx_it.o
    0x08003eb4   0x08003eb4   0x00000004   Code   RO          275    i.UsageFault_Handler  stm32f4xx_it.o
    0x08003eb8   0x08003eb8   0x00000010   Code   RO         1530    i.__NVIC_GetPriorityGrouping  stm32f4xx_hal_cortex.o
    0x08003ec8   0x08003ec8   0x00000028   Code   RO         1531    i.__NVIC_SetPriority  stm32f4xx_hal_cortex.o
    0x08003ef0   0x08003ef0   0x00000104   Code   RO           29    i.main              main.o
    0x08003ff4   0x08003ff4   0x0000000a   Code   RO         3741    x$fpl$fpinit        fz_wm.l(fpinit.o)
    0x08003ffe   0x08003ffe   0x00000008   Data   RO         1244    .constdata          stm32f4xx_hal_dma.o
    0x08004006   0x08004006   0x00000018   Data   RO         3284    .constdata          system_stm32f4xx.o
    0x0800401e   0x0800401e   0x00000002   PAD
    0x08004020   0x08004020   0x00000020   Data   RO         3799    Region$$Table       anon$$obj.o


    Execution Region RW_IRAM1 (Exec base: 0x20000000, Load base: 0x08004040, Size: 0x00000ab8, Max: 0x0001c000, ABSOLUTE)

    Exec Addr    Load Addr    Size         Type   Attr      Idx    E Section Name        Object

    0x20000000   0x08004040   0x00000074   Data   RW           31    .data               main.o
    0x20000074   0x080040b4   0x00000009   Data   RW         1694    .data               stm32f4xx_hal.o
    0x2000007d   0x080040bd   0x00000003   PAD
    0x20000080   0x080040c0   0x00000004   Data   RW         3285    .data               system_stm32f4xx.o
    0x20000084   0x080040c4   0x00000004   Data   RW         3453    .data               jy901s.o
    0x20000088   0x080040c8   0x00000010   Data   RW         3496    .data               cliff_sensor.o
    0x20000098        -       0x0000038b   Zero   RW           30    .bss                main.o
    0x20000423   0x080040d8   0x00000001   PAD
    0x20000424        -       0x0000002f   Zero   RW         3452    .bss                jy901s.o
    0x20000453   0x080040d8   0x00000001   PAD
    0x20000454        -       0x00000060   Zero   RW         3671    .bss                c_w.l(libspace.o)
    0x200004b4   0x080040d8   0x00000004   PAD
    0x200004b8        -       0x00000200   Zero   RW            2    HEAP                startup_stm32f407xx.o
    0x200006b8        -       0x00000400   Zero   RW            1    STACK               startup_stm32f407xx.o


    Execution Region RW_IRAM2 (Exec base: 0x2001c000, Load base: 0x080040d8, Size: 0x00000000, Max: 0x00004000, ABSOLUTE)

    **** No section assigned to this execution region ****


==============================================================================

Image component sizes


      Code (inc. data)   RO Data    RW Data    ZI Data      Debug   Object Name

       208         24          0          0          0       1630   a4950.o
        34         12          0         16          0       1767   cliff_sensor.o
        80          0          0          0          0       1926   encoder.o
       472         32          0          4         47       2487   jy901s.o
        16          0          0          0          0       1375   key.o
        96          0          0          0          0       2190   led.o
      2090        200          0        116        907     717663   main.o
        64         26        392          0       1536        836   startup_stm32f407xx.o
       212         36          0          9          0       9321   stm32f4xx_hal.o
      1458         66          0          0          0       6706   stm32f4xx_hal_adc.o
       312         22          0          0          0      34267   stm32f4xx_hal_cortex.o
      1436         16          8          0          0       6938   stm32f4xx_hal_dma.o
       512         46          0          0          0       2084   stm32f4xx_hal_gpio.o
      1316        112          0          0          0       5053   stm32f4xx_hal_msp.o
      1820         84          0          0          0       5544   stm32f4xx_hal_rcc.o
      2760        142          0          0          0      18936   stm32f4xx_hal_tim.o
       300         30          0          0          0       3301   stm32f4xx_hal_tim_ex.o
      2040         14          0          0          0      10372   stm32f4xx_hal_uart.o
       114         30          0          0          0       6584   stm32f4xx_it.o
        20          6         24          4          0       1103   system_stm32f4xx.o

    ----------------------------------------------------------------------
     15380        898        458        152       2492     840083   Object Totals
         0          0         32          0          0          0   (incl. Generated)
        20          0          2          3          2          0   (incl. Padding)

    ----------------------------------------------------------------------

      Code (inc. data)   RO Data    RW Data    ZI Data      Debug   Library Member Name

         8          0          0          0          0         68   __main.o
         0          0          0          0          0          0   __rtentry.o
        12          0          0          0          0          0   __rtentry2.o
         6          0          0          0          0          0   __rtentry4.o
        52          8          0          0          0          0   __scatter.o
        26          0          0          0          0          0   __scatter_copy.o
        28          0          0          0          0          0   __scatter_zi.o
        18          0          0          0          0         80   exit.o
         6          0          0          0          0        152   heapauxi.o
         0          0          0          0          0          0   indicate_semi.o
         2          0          0          0          0          0   libinit.o
         6          0          0          0          0          0   libinit2.o
         2          0          0          0          0          0   libshutdown.o
         2          0          0          0          0          0   libshutdown2.o
         8          4          0          0         96         68   libspace.o
       238          0          0          0          0        100   lludivv7m.o
        78          0          0          0          0         80   rt_memclr_w.o
         2          0          0          0          0          0   rtexit.o
        10          0          0          0          0          0   rtexit2.o
        12          4          0          0          0         68   sys_exit.o
        74          0          0          0          0         80   sys_stackheap_outer.o
         2          0          0          0          0         68   use_no_semi.o
        10          0          0          0          0        116   fpinit.o

    ----------------------------------------------------------------------
       610         16          0          0        100        880   Library Totals
         8          0          0          0          4          0   (incl. Padding)

    ----------------------------------------------------------------------

      Code (inc. data)   RO Data    RW Data    ZI Data      Debug   Library Name

       592         16          0          0         96        764   c_w.l
        10          0          0          0          0        116   fz_wm.l

    ----------------------------------------------------------------------
       610         16          0          0        100        880   Library Totals

    ----------------------------------------------------------------------

==============================================================================


      Code (inc. data)   RO Data    RW Data    ZI Data      Debug   

     15990        914        458        152       2592     828403   Grand Totals
     15990        914        458        152       2592     828403   ELF Image Totals
     15990        914        458        152          0          0   ROM Totals

==============================================================================

    Total RO  Size (Code + RO Data)                16448 (  16.06kB)
    Total RW  Size (RW Data + ZI Data)              2744 (   2.68kB)
    Total ROM Size (Code + RO Data + RW Data)      16600 (  16.21kB)

==============================================================================

