Component: ARM Compiler 5.06 update 5 (build 528) Tool: armlink [4d35e2]

==============================================================================

Section Cross References

    startup_stm32f407xx.o(STACK) refers (Special) to heapauxi.o(.text) for __use_two_region_memory
    startup_stm32f407xx.o(HEAP) refers (Special) to heapauxi.o(.text) for __use_two_region_memory
    startup_stm32f407xx.o(RESET) refers (Special) to heapauxi.o(.text) for __use_two_region_memory
    startup_stm32f407xx.o(RESET) refers to startup_stm32f407xx.o(STACK) for __initial_sp
    startup_stm32f407xx.o(RESET) refers to startup_stm32f407xx.o(.text) for Reset_Handler
    startup_stm32f407xx.o(RESET) refers to stm32f4xx_it.o(i.NMI_Handler) for NMI_Handler
    startup_stm32f407xx.o(RESET) refers to stm32f4xx_it.o(i.HardFault_Handler) for HardFault_Handler
    startup_stm32f407xx.o(RESET) refers to stm32f4xx_it.o(i.MemManage_Handler) for MemManage_Handler
    startup_stm32f407xx.o(RESET) refers to stm32f4xx_it.o(i.BusFault_Handler) for BusFault_Handler
    startup_stm32f407xx.o(RESET) refers to stm32f4xx_it.o(i.UsageFault_Handler) for UsageFault_Handler
    startup_stm32f407xx.o(RESET) refers to stm32f4xx_it.o(i.SVC_Handler) for SVC_Handler
    startup_stm32f407xx.o(RESET) refers to stm32f4xx_it.o(i.DebugMon_Handler) for DebugMon_Handler
    startup_stm32f407xx.o(RESET) refers to stm32f4xx_it.o(i.PendSV_Handler) for PendSV_Handler
    startup_stm32f407xx.o(RESET) refers to stm32f4xx_it.o(i.SysTick_Handler) for SysTick_Handler
    startup_stm32f407xx.o(RESET) refers to stm32f4xx_it.o(i.TIM3_IRQHandler) for TIM3_IRQHandler
    startup_stm32f407xx.o(RESET) refers to stm32f4xx_it.o(i.USART1_IRQHandler) for USART1_IRQHandler
    startup_stm32f407xx.o(RESET) refers to stm32f4xx_it.o(i.USART2_IRQHandler) for USART2_IRQHandler
    startup_stm32f407xx.o(RESET) refers to stm32f4xx_it.o(i.USART3_IRQHandler) for USART3_IRQHandler
    startup_stm32f407xx.o(RESET) refers to stm32f4xx_it.o(i.DMA2_Stream0_IRQHandler) for DMA2_Stream0_IRQHandler
    startup_stm32f407xx.o(RESET) refers to stm32f4xx_it.o(i.DMA2_Stream7_IRQHandler) for DMA2_Stream7_IRQHandler
    startup_stm32f407xx.o(.text) refers (Special) to heapauxi.o(.text) for __use_two_region_memory
    startup_stm32f407xx.o(.text) refers to system_stm32f4xx.o(i.SystemInit) for SystemInit
    startup_stm32f407xx.o(.text) refers to __main.o(!!!main) for __main
    startup_stm32f407xx.o(.text) refers to startup_stm32f407xx.o(HEAP) for Heap_Mem
    startup_stm32f407xx.o(.text) refers to startup_stm32f407xx.o(STACK) for Stack_Mem
    main.o(i.HAL_UART_RxCpltCallback) refers to jy901s.o(i.JY901S_UART_RxHandler) for JY901S_UART_RxHandler
    main.o(i.HAL_UART_RxCpltCallback) refers to stm32f4xx_hal_uart.o(i.HAL_UART_Receive_IT) for HAL_UART_Receive_IT
    main.o(i.HAL_UART_RxCpltCallback) refers to hc05.o(i.HC05_GetRxBytePtr) for HC05_GetRxBytePtr
    main.o(i.HAL_UART_RxCpltCallback) refers to hc05.o(i.HC05_UART_RxHandler) for HC05_UART_RxHandler
    main.o(i.HAL_UART_RxCpltCallback) refers to main.o(.bss) for jy_rx_buf
    main.o(i.HC05_OnByteReceived) refers to stm32f4xx_hal_uart.o(i.HAL_UART_Transmit) for HAL_UART_Transmit
    main.o(i.HC05_OnByteReceived) refers to main.o(.bss) for huart3
    main.o(i.LED_Init_All) refers to led.o(i.LED_Init) for LED_Init
    main.o(i.LED_Init_All) refers to main.o(.data) for LED0
    main.o(i.LED_Test) refers to led.o(i.LED_On) for LED_On
    main.o(i.LED_Test) refers to stm32f4xx_hal.o(i.HAL_Delay) for HAL_Delay
    main.o(i.LED_Test) refers to led.o(i.LED_Off) for LED_Off
    main.o(i.LED_Test) refers to main.o(.data) for LED0
    main.o(i.MOTOR_Test) refers to a4950.o(i.A4950_SetLeft) for A4950_SetLeft
    main.o(i.MOTOR_Test) refers to a4950.o(i.A4950_SetRight) for A4950_SetRight
    main.o(i.MOTOR_Test) refers to stm32f4xx_hal.o(i.HAL_Delay) for HAL_Delay
    main.o(i.MOTOR_Test) refers to a4950.o(i.A4950_Brake) for A4950_Brake
    main.o(i.MOTOR_Test) refers to main.o(.bss) for htim1
    main.o(i.MX_ADC1_Init) refers to stm32f4xx_hal_adc.o(i.HAL_ADC_Init) for HAL_ADC_Init
    main.o(i.MX_ADC1_Init) refers to main.o(i.Error_Handler) for Error_Handler
    main.o(i.MX_ADC1_Init) refers to stm32f4xx_hal_adc.o(i.HAL_ADC_ConfigChannel) for HAL_ADC_ConfigChannel
    main.o(i.MX_ADC1_Init) refers to main.o(.bss) for hadc1
    main.o(i.MX_DMA_Init) refers to stm32f4xx_hal_cortex.o(i.HAL_NVIC_SetPriority) for HAL_NVIC_SetPriority
    main.o(i.MX_DMA_Init) refers to stm32f4xx_hal_cortex.o(i.HAL_NVIC_EnableIRQ) for HAL_NVIC_EnableIRQ
    main.o(i.MX_GPIO_Init) refers to rt_memclr_w.o(.text) for __aeabi_memclr4
    main.o(i.MX_GPIO_Init) refers to stm32f4xx_hal_gpio.o(i.HAL_GPIO_WritePin) for HAL_GPIO_WritePin
    main.o(i.MX_GPIO_Init) refers to stm32f4xx_hal_gpio.o(i.HAL_GPIO_Init) for HAL_GPIO_Init
    main.o(i.MX_TIM1_Init) refers to rt_memclr_w.o(.text) for __aeabi_memclr4
[...]
    ADC_DMAConvCplt                          0x080004f1   Thumb Code   126  stm32f4xx_hal_adc.o(i.ADC_DMAConvCplt)
    i.ADC_DMAError                           0x0800056e   Section        0  stm32f4xx_hal_adc.o(i.ADC_DMAError)
    ADC_DMAError                             0x0800056f   Thumb Code    26  stm32f4xx_hal_adc.o(i.ADC_DMAError)
    i.ADC_DMAHalfConvCplt                    0x08000588   Section        0  stm32f4xx_hal_adc.o(i.ADC_DMAHalfConvCplt)
    ADC_DMAHalfConvCplt                      0x08000589   Thumb Code    14  stm32f4xx_hal_adc.o(i.ADC_DMAHalfConvCplt)
    i.ADC_Init                               0x08000598   Section        0  stm32f4xx_hal_adc.o(i.ADC_Init)
    ADC_Init                                 0x08000599   Thumb Code   344  stm32f4xx_hal_adc.o(i.ADC_Init)
    i.BusFault_Handler                       0x080006f8   Section        0  stm32f4xx_it.o(i.BusFault_Handler)
    i.CliffSensor_Init                       0x080006fc   Section        0  cliff_sensor.o(i.CliffSensor_Init)
    i.DMA2_Stream0_IRQHandler                0x0800071c   Section        0  stm32f4xx_it.o(i.DMA2_Stream0_IRQHandler)
    i.DMA2_Stream7_IRQHandler                0x0800072c   Section        0  stm32f4xx_it.o(i.DMA2_Stream7_IRQHandler)
    i.DMA_CalcBaseAndBitshift                0x0800073c   Section        0  stm32f4xx_hal_dma.o(i.DMA_CalcBaseAndBitshift)
    DMA_CalcBaseAndBitshift                  0x0800073d   Thumb Code    46  stm32f4xx_hal_dma.o(i.DMA_CalcBaseAndBitshift)
    i.DMA_CheckFifoParam                     0x08000770   Section        0  stm32f4xx_hal_dma.o(i.DMA_CheckFifoParam)
    DMA_CheckFifoParam                       0x08000771   Thumb Code   170  stm32f4xx_hal_dma.o(i.DMA_CheckFifoParam)
    i.DMA_SetConfig                          0x0800081a   Section        0  stm32f4xx_hal_dma.o(i.DMA_SetConfig)
    DMA_SetConfig                            0x0800081b   Thumb Code    44  stm32f4xx_hal_dma.o(i.DMA_SetConfig)
    i.DebugMon_Handler                       0x08000846   Section        0  stm32f4xx_it.o(i.DebugMon_Handler)
    i.Encoder_GetCount                       0x08000848   Section        0  encoder.o(i.Encoder_GetCount)
    i.Encoder_Init                           0x08000876   Section        0  encoder.o(i.Encoder_Init)
    i.Encoder_Reset                          0x0800088c   Section        0  encoder.o(i.Encoder_Reset)
    i.Error_Handler                          0x08000898   Section        0  main.o(i.Error_Handler)
    i.HAL_ADC_ConfigChannel                  0x080008a0   Section        0  stm32f4xx_hal_adc.o(i.HAL_ADC_ConfigChannel)
    i.HAL_ADC_ConvCpltCallback               0x08000a2c   Section        0  cliff_sensor.o(i.HAL_ADC_ConvCpltCallback)
    i.HAL_ADC_ConvHalfCpltCallback           0x08000a2e   Section        0  stm32f4xx_hal_adc.o(i.HAL_ADC_ConvHalfCpltCallback)
    i.HAL_ADC_ErrorCallback                  0x08000a30   Section        0  stm32f4xx_hal_adc.o(i.HAL_ADC_ErrorCallback)
    i.HAL_ADC_Init                           0x08000a34   Section        0  stm32f4xx_hal_adc.o(i.HAL_ADC_Init)
    i.HAL_ADC_MspInit                        0x08000a9c   Section        0  stm32f4xx_hal_msp.o(i.HAL_ADC_MspInit)
    i.HAL_ADC_Start_DMA                      0x08000b98   Section        0  stm32f4xx_hal_adc.o(i.HAL_ADC_Start_DMA)
    i.HAL_DMA_Abort                          0x08000d4c   Section        0  stm32f4xx_hal_dma.o(i.HAL_DMA_Abort)
    i.HAL_DMA_Abort_IT                       0x08000df8   Section        0  stm32f4xx_hal_dma.o(i.HAL_DMA_Abort_IT)
    i.HAL_DMA_IRQHandler                     0x08000e20   Section        0  stm32f4xx_hal_dma.o(i.HAL_DMA_IRQHandler)
    i.HAL_DMA_Init                           0x08001060   Section        0  stm32f4xx_hal_dma.o(i.HAL_DMA_Init)
    i.HAL_DMA_Start_IT                       0x0800114c   Section        0  stm32f4xx_hal_dma.o(i.HAL_DMA_Start_IT)
    i.HAL_Delay                              0x080011e0   Section        0  stm32f4xx_hal.o(i.HAL_Delay)
    i.HAL_GPIO_Init                          0x08001208   Section        0  stm32f4xx_hal_gpio.o(i.HAL_GPIO_Init)
    i.HAL_GPIO_ReadPin                       0x080013fc   Section        0  stm32f4xx_hal_gpio.o(i.HAL_GPIO_ReadPin)
    i.HAL_GPIO_WritePin                      0x0800140c   Section        0  stm32f4xx_hal_gpio.o(i.HAL_GPIO_WritePin)
    i.HAL_GetTick                            0x08001418   Section        0  stm32f4xx_hal.o(i.HAL_GetTick)
    i.HAL_IncTick                            0x08001424   Section        0  stm32f4xx_hal.o(i.HAL_IncTick)
    i.HAL_Init                               0x0800143c   Section        0  stm32f4xx_hal.o(i.HAL_Init)
    i.HAL_InitTick                           0x08001478   Section        0  stm32f4xx_hal.o(i.HAL_InitTick)
    i.HAL_MspInit                            0x080014c4   Section        0  stm32f4xx_hal_msp.o(i.HAL_MspInit)
    i.HAL_NVIC_EnableIRQ                     0x0800150c   Section        0  stm32f4xx_hal_cortex.o(i.HAL_NVIC_EnableIRQ)
    i.HAL_NVIC_SetPriority                   0x08001534   Section        0  stm32f4xx_hal_cortex.o(i.HAL_NVIC_SetPriority)
    i.HAL_NVIC_SetPriorityGrouping           0x080015b0   Section        0  stm32f4xx_hal_cortex.o(i.HAL_NVIC_SetPriorityGrouping)
    i.HAL_RCC_ClockConfig                    0x080015d8   Section        0  stm32f4xx_hal_rcc.o(i.HAL_RCC_ClockConfig)
    i.HAL_RCC_GetHCLKFreq                    0x0800175c   Section        0  stm32f4xx_hal_rcc.o(i.HAL_RCC_GetHCLKFreq)
    i.HAL_RCC_GetPCLK1Freq                   0x08001768   Section        0  stm32f4xx_hal_rcc.o(i.HAL_RCC_GetPCLK1Freq)
    i.HAL_RCC_GetPCLK2Freq                   0x08001788   Section        0  stm32f4xx_hal_rcc.o(i.HAL_RCC_GetPCLK2Freq)
    i.HAL_RCC_GetSysClockFreq                0x080017a8   Section        0  stm32f4xx_hal_rcc.o(i.HAL_RCC_GetSysClockFreq)
    i.HAL_RCC_OscConfig                      0x08001858   Section        0  stm32f4xx_hal_rcc.o(i.HAL_RCC_OscConfig)
    i.HAL_SYSTICK_Config                     0x08001cf4   Section        0  stm32f4xx_hal_cortex.o(i.HAL_SYSTICK_Config)
    i.HAL_TIMEx_BreakCallback                0x08001d28   Section        0  stm32f4xx_hal_tim_ex.o(i.HAL_TIMEx_BreakCallback)
    i.HAL_TIMEx_CommutCallback               0x08001d2a   Section        0  stm32f4xx_hal_tim_ex.o(i.HAL_TIMEx_CommutCallback)
    i.HAL_TIMEx_ConfigBreakDeadTime          0x08001d2c   Section        0  stm32f4xx_hal_tim_ex.o(i.HAL_TIMEx_ConfigBreakDeadTime)
    i.HAL_TIMEx_MasterConfigSynchronization  0x08001da0   Section        0  stm32f4xx_hal_tim_ex.o(i.HAL_TIMEx_MasterConfigSynchronization)
    i.HAL_TIM_Base_Init                      0x08001e54   Section        0  stm32f4xx_hal_tim.o(i.HAL_TIM_Base_Init)
    i.HAL_TIM_Base_MspInit                   0x08001ebc   Section        0  stm32f4xx_hal_msp.o(i.HAL_TIM_Base_MspInit)
    i.HAL_TIM_Base_Start                     0x08001f60   Section        0  stm32f4xx_hal_tim.o(i.HAL_TIM_Base_Start)
    i.HAL_TIM_ConfigClockSource              0x08001ffc   Section        0  stm32f4xx_hal_tim.o(i.HAL_TIM_ConfigClockSource)
    i.HAL_TIM_Encoder_Init                   0x08002108   Section        0  stm32f4xx_hal_tim.o(i.HAL_TIM_Encoder_Init)
    i.HAL_TIM_Encoder_MspInit                0x080021d0   Section        0  stm32f4xx_hal_msp.o(i.HAL_TIM_Encoder_MspInit)
    i.HAL_TIM_Encoder_Start                  0x080022fc   Section        0  stm32f4xx_hal_tim.o(i.HAL_TIM_Encoder_Start)
    i.HAL_TIM_IC_CaptureCallback             0x080023c8   Section        0  stm32f4xx_hal_tim.o(i.HAL_TIM_IC_CaptureCallback)
    i.HAL_TIM_IRQHandler                     0x080023ca   Section        0  stm32f4xx_hal_tim.o(i.HAL_TIM_IRQHandler)
    i.HAL_TIM_MspPostInit                    0x08002538   Section        0  stm32f4xx_hal_msp.o(i.HAL_TIM_MspPostInit)
    i.HAL_TIM_OC_DelayElapsedCallback        0x080025e4   Section        0  stm32f4xx_hal_tim.o(i.HAL_TIM_OC_DelayElapsedCallback)
    i.HAL_TIM_PWM_ConfigChannel              0x080025e6   Section        0  stm32f4xx_hal_tim.o(i.HAL_TIM_PWM_ConfigChannel)
    i.HAL_TIM_PWM_Init                       0x080026ea   Section        0  stm32f4xx_hal_tim.o(i.HAL_TIM_PWM_Init)
    i.HAL_TIM_PWM_MspInit                    0x08002750   Section        0  stm32f4xx_hal_tim.o(i.HAL_TIM_PWM_MspInit)
    i.HAL_TIM_PWM_PulseFinishedCallback      0x08002752   Section        0  stm32f4xx_hal_tim.o(i.HAL_TIM_PWM_PulseFinishedCallback)
    i.HAL_TIM_PWM_Start                      0x08002754   Section        0  stm32f4xx_hal_tim.o(i.HAL_TIM_PWM_Start)
    i.HAL_TIM_PeriodElapsedCallback          0x08002860   Section        0  stm32f4xx_hal_tim.o(i.HAL_TIM_PeriodElapsedCallback)
    i.HAL_TIM_TriggerCallback                0x08002862   Section        0  stm32f4xx_hal_tim.o(i.HAL_TIM_TriggerCallback)
    i.HAL_UARTEx_RxEventCallback             0x08002864   Section        0  stm32f4xx_hal_uart.o(i.HAL_UARTEx_RxEventCallback)
    i.HAL_UART_ErrorCallback                 0x08002866   Section        0  stm32f4xx_hal_uart.o(i.HAL_UART_ErrorCallback)
    i.HAL_UART_IRQHandler                    0x08002868   Section        0  stm32f4xx_hal_uart.o(i.HAL_UART_IRQHandler)
    i.HAL_UART_Init                          0x08002b50   Section        0  stm32f4xx_hal_uart.o(i.HAL_UART_Init)
    i.HAL_UART_MspInit                       0x08002bc8   Section        0  stm32f4xx_hal_msp.o(i.HAL_UART_MspInit)
    i.HAL_UART_Receive_IT                    0x08002db4   Section        0  stm32f4xx_hal_uart.o(i.HAL_UART_Receive_IT)
    i.HAL_UART_RxCpltCallback                0x08002de0   Section        0  main.o(i.HAL_UART_RxCpltCallback)
    i.HAL_UART_Transmit                      0x08002e28   Section        0  stm32f4xx_hal_uart.o(i.HAL_UART_Transmit)
    i.HAL_UART_TxCpltCallback                0x08002ee6   Section        0  stm32f4xx_hal_uart.o(i.HAL_UART_TxCpltCallback)
    i.HC05_GetRxBytePtr                      0x08002ee8   Section        0  hc05.o(i.HC05_GetRxBytePtr)
    i.HC05_Init                              0x08002ef0   Section        0  hc05.o(i.HC05_Init)
    i.HC05_OnByteReceived                    0x08002f0c   Section        0  main.o(i.HC05_OnByteReceived)
    i.HC05_UART_RxHandler                    0x08002f24   Section        0  hc05.o(i.HC05_UART_RxHandler)
    i.HardFault_Handler                      0x08002f4c   Section        0  stm32f4xx_it.o(i.HardFault_Handler)
    i.JY901S_GetData                         0x08002f50   Section        0  jy901s.o(i.JY901S_GetData)
    i.JY901S_Init                            0x08002f58   Section        0  jy901s.o(i.JY901S_Init)
    i.JY901S_UART_RxHandler                  0x08002f74   Section        0  jy901s.o(i.JY901S_UART_RxHandler)
    i.Key_GetState                           0x08003128   Section        0  key.o(i.Key_GetState)
    i.Key_Init                               0x0800312e   Section        0  key.o(i.Key_Init)
    i.Key_Update                             0x0800313e   Section        0  key.o(i.Key_Update)
    i.LED_Init                               0x080031b6   Section        0  led.o(i.LED_Init)
    i.LED_Init_All                           0x080031d8   Section        0  main.o(i.LED_Init_All)
    i.MX_ADC1_Init                           0x08003204   Section        0  main.o(i.MX_ADC1_Init)
    MX_ADC1_Init                             0x08003205   Thumb Code   170  main.o(i.MX_ADC1_Init)
    i.MX_DMA_Init                            0x080032b8   Section        0  main.o(i.MX_DMA_Init)
    MX_DMA_Init                              0x080032b9   Thumb Code    68  main.o(i.MX_DMA_Init)
    i.MX_GPIO_Init                           0x08003300   Section        0  main.o(i.MX_GPIO_Init)
    MX_GPIO_Init                             0x08003301   Thumb Code   334  main.o(i.MX_GPIO_Init)
    i.MX_TIM1_Init                           0x08003460   Section        0  main.o(i.MX_TIM1_Init)
    MX_TIM1_Init                             0x08003461   Thumb Code   222  main.o(i.MX_TIM1_Init)
    i.MX_TIM2_Init                           0x08003548   Section        0  main.o(i.MX_TIM2_Init)
    MX_TIM2_Init                             0x08003549   Thumb Code   116  main.o(i.MX_TIM2_Init)
    i.MX_TIM3_Init                           0x080035c0   Section        0  main.o(i.MX_TIM3_Init)
    MX_TIM3_Init                             0x080035c1   Thumb Code   104  main.o(i.MX_TIM3_Init)
    i.MX_TIM5_Init                           0x08003630   Section        0  main.o(i.MX_TIM5_Init)
    MX_TIM5_Init                             0x08003631   Thumb Code   114  main.o(i.MX_TIM5_Init)
    i.MX_TIM9_Init                           0x080036ac   Section        0  main.o(i.MX_TIM9_Init)
    MX_TIM9_Init                             0x080036ad   Thumb Code   146  main.o(i.MX_TIM9_Init)
    i.MX_USART1_UART_Init                    0x08003748   Section        0  main.o(i.MX_USART1_UART_Init)
    MX_USART1_UART_Init                      0x08003749   Thumb Code    46  main.o(i.MX_USART1_UART_Init)
    i.MX_USART2_UART_Init                    0x08003780   Section        0  main.o(i.MX_USART2_UART_Init)
    MX_USART2_UART_Init                      0x08003781   Thumb Code    46  main.o(i.MX_USART2_UART_Init)
    i.MX_USART3_UART_Init                    0x080037b8   Section        0  main.o(i.MX_USART3_UART_Init)
    MX_USART3_UART_Init                      0x080037b9   Thumb Code    46  main.o(i.MX_USART3_UART_Init)
    i.MemManage_Handler                      0x080037f0   Section        0  stm32f4xx_it.o(i.MemManage_Handler)
    i.NMI_Handler                            0x080037f4   Section        0  stm32f4xx_it.o(i.NMI_Handler)
    i.PID_Control_Left                       0x080037f8   Section        0  main.o(i.PID_Control_Left)
    i.PID_Control_Right                      0x08003920   Section        0  main.o(i.PID_Control_Right)
    i.PendSV_Handler                         0x08003a48   Section        0  stm32f4xx_it.o(i.PendSV_Handler)
    i.SVC_Handler                            0x08003a4a   Section        0  stm32f4xx_it.o(i.SVC_Handler)
    i.SysTick_Handler                        0x08003a4c   Section        0  stm32f4xx_it.o(i.SysTick_Handler)
    i.SystemClock_Config                     0x08003a54   Section        0  main.o(i.SystemClock_Config)
    i.SystemInit                             0x08003b08   Section        0  system_stm32f4xx.o(i.SystemInit)
    i.TIM3_IRQHandler                        0x08003b1c   Section        0  stm32f4xx_it.o(i.TIM3_IRQHandler)
    i.TIM_Base_SetConfig                     0x08003b2c   Section        0  stm32f4xx_hal_tim.o(i.TIM_Base_SetConfig)
    i.TIM_CCxChannelCmd                      0x08003c14   Section        0  stm32f4xx_hal_tim.o(i.TIM_CCxChannelCmd)
    i.TIM_ETR_SetConfig                      0x08003c36   Section        0  stm32f4xx_hal_tim.o(i.TIM_ETR_SetConfig)
    i.TIM_ITRx_SetConfig                     0x08003c4c   Section        0  stm32f4xx_hal_tim.o(i.TIM_ITRx_SetConfig)
    TIM_ITRx_SetConfig                       0x08003c4d   Thumb Code    18  stm32f4xx_hal_tim.o(i.TIM_ITRx_SetConfig)
    i.TIM_OC1_SetConfig                      0x08003c60   Section        0  stm32f4xx_hal_tim.o(i.TIM_OC1_SetConfig)
    TIM_OC1_SetConfig                        0x08003c61   Thumb Code   104  stm32f4xx_hal_tim.o(i.TIM_OC1_SetConfig)
    i.TIM_OC2_SetConfig                      0x08003cd0   Section        0  stm32f4xx_hal_tim.o(i.TIM_OC2_SetConfig)
    i.TIM_OC3_SetConfig                      0x08003d4c   Section        0  stm32f4xx_hal_tim.o(i.TIM_OC3_SetConfig)
    TIM_OC3_SetConfig                        0x08003d4d   Thumb Code   112  stm32f4xx_hal_tim.o(i.TIM_OC3_SetConfig)
    i.TIM_OC4_SetConfig                      0x08003dc4   Section        0  stm32f4xx_hal_tim.o(i.TIM_OC4_SetConfig)
    TIM_OC4_SetConfig                        0x08003dc5   Thumb Code    74  stm32f4xx_hal_tim.o(i.TIM_OC4_SetConfig)
    i.TIM_TI1_ConfigInputStage               0x08003e18   Section        0  stm32f4xx_hal_tim.o(i.TIM_TI1_ConfigInputStage)
    TIM_TI1_ConfigInputStage                 0x08003e19   Thumb Code    38  stm32f4xx_hal_tim.o(i.TIM_TI1_ConfigInputStage)
    i.TIM_TI2_ConfigInputStage               0x08003e3e   Section        0  stm32f4xx_hal_tim.o(i.TIM_TI2_ConfigInputStage)
    TIM_TI2_ConfigInputStage                 0x08003e3f   Thumb Code    40  stm32f4xx_hal_tim.o(i.TIM_TI2_ConfigInputStage)
    i.UART_DMAAbortOnError                   0x08003e66   Section        0  stm32f4xx_hal_uart.o(i.UART_DMAAbortOnError)
    UART_DMAAbortOnError                     0x08003e67   Thumb Code    20  stm32f4xx_hal_uart.o(i.UART_DMAAbortOnError)
    i.UART_EndRxTransfer                     0x08003e7a   Section        0  stm32f4xx_hal_uart.o(i.UART_EndRxTransfer)
    UART_EndRxTransfer                       0x08003e7b   Thumb Code   108  stm32f4xx_hal_uart.o(i.UART_EndRxTransfer)
    i.UART_EndTransmit_IT                    0x08003ee6   Section        0  stm32f4xx_hal_uart.o(i.UART_EndTransmit_IT)
    UART_EndTransmit_IT                      0x08003ee7   Thumb Code    32  stm32f4xx_hal_uart.o(i.UART_EndTransmit_IT)
    i.UART_Receive_IT                        0x08003f06   Section        0  stm32f4xx_hal_uart.o(i.UART_Receive_IT)
    UART_Receive_IT                          0x08003f07   Thumb Code   252  stm32f4xx_hal_uart.o(i.UART_Receive_IT)
    i.UART_SetConfig                         0x08004004   Section        0  stm32f4xx_hal_uart.o(i.UART_SetConfig)
    UART_SetConfig                           0x08004005   Thumb Code   546  stm32f4xx_hal_uart.o(i.UART_SetConfig)
    i.UART_Start_Receive_IT                  0x08004230   Section        0  stm32f4xx_hal_uart.o(i.UART_Start_Receive_IT)
    i.UART_Transmit_IT                       0x08004270   Section        0  stm32f4xx_hal_uart.o(i.UART_Transmit_IT)
    UART_Transmit_IT                         0x08004271   Thumb Code    96  stm32f4xx_hal_uart.o(i.UART_Transmit_IT)
    i.UART_WaitOnFlagUntilTimeout            0x080042d0   Section        0  stm32f4xx_hal_uart.o(i.UART_WaitOnFlagUntilTimeout)
    UART_WaitOnFlagUntilTimeout              0x080042d1   Thumb Code   140  stm32f4xx_hal_uart.o(i.UART_WaitOnFlagUntilTimeout)
    i.USART1_IRQHandler                      0x0800435c   Section        0  stm32f4xx_it.o(i.USART1_IRQHandler)
    i.USART2_IRQHandler                      0x0800436c   Section        0  stm32f4xx_it.o(i.USART2_IRQHandler)
    i.USART3_IRQHandler                      0x0800437c   Section        0  stm32f4xx_it.o(i.USART3_IRQHandler)
    i.UsageFault_Handler                     0x0800438c   Section        0  stm32f4xx_it.o(i.UsageFault_Handler)
    i.__NVIC_GetPriorityGrouping             0x08004390   Section        0  stm32f4xx_hal_cortex.o(i.__NVIC_GetPriorityGrouping)
    __NVIC_GetPriorityGrouping               0x08004391   Thumb Code    10  stm32f4xx_hal_cortex.o(i.__NVIC_GetPriorityGrouping)
    i.__NVIC_SetPriority                     0x080043a0   Section        0  stm32f4xx_hal_cortex.o(i.__NVIC_SetPriority)
    __NVIC_SetPriority                       0x080043a1   Thumb Code    32  stm32f4xx_hal_cortex.o(i.__NVIC_SetPriority)
    i.main                                   0x080043c8   Section        0  main.o(i.main)
    x$fpl$d2f                                0x080046c4   Section       98  d2f.o(x$fpl$d2f)
    $v0                                      0x080046c4   Number         0  d2f.o(x$fpl$d2f)
    x$fpl$ddiv                               0x08004728   Section      688  ddiv.o(x$fpl$ddiv)
    $v0                                      0x08004728   Number         0  ddiv.o(x$fpl$ddiv)
    ddiv_entry                               0x0800472f   Thumb Code     0  ddiv.o(x$fpl$ddiv)
    x$fpl$dfix                               0x080049d8   Section       94  dfix.o(x$fpl$dfix)
    $v0                                      0x080049d8   Number         0  dfix.o(x$fpl$dfix)
    x$fpl$dfltu                              0x08004a36   Section       38  dflt_clz.o(x$fpl$dfltu)
    $v0                                      0x08004a36   Number         0  dflt_clz.o(x$fpl$dfltu)
    x$fpl$dmul                               0x08004a5c   Section      340  dmul.o(x$fpl$dmul)
    $v0                                      0x08004a5c   Number         0  dmul.o(x$fpl$dmul)
    x$fpl$dnaninf                            0x08004bb0   Section      156  dnaninf.o(x$fpl$dnaninf)
    $v0                                      0x08004bb0   Number         0  dnaninf.o(x$fpl$dnaninf)
    x$fpl$dretinf                            0x08004c4c   Section       12  dretinf.o(x$fpl$dretinf)
    $v0                                      0x08004c4c   Number         0  dretinf.o(x$fpl$dretinf)
    x$fpl$f2d                                0x08004c58   Section       86  f2d.o(x$fpl$f2d)
    $v0                                      0x08004c58   Number         0  f2d.o(x$fpl$f2d)
    x$fpl$fnaninf                            0x08004cae   Section      140  fnaninf.o(x$fpl$fnaninf)
    $v0                                      0x08004cae   Number         0  fnaninf.o(x$fpl$fnaninf)
    x$fpl$fpinit                             0x08004d3a   Section       10  fpinit.o(x$fpl$fpinit)
    $v0                                      0x08004d3a   Number         0  fpinit.o(x$fpl$fpinit)
    x$fpl$fretinf                            0x08004d44   Section       10  fretinf.o(x$fpl$fretinf)
    $v0                                      0x08004d44   Number         0  fretinf.o(x$fpl$fretinf)
    .constdata                               0x08004d4e   Section        8  stm32f4xx_hal_dma.o(.constdata)
    x$fpl$usenofp                            0x08004d4e   Section        0  usenofp.o(x$fpl$usenofp)
    flagBitshiftOffset                       0x08004d4e   Data           8  stm32f4xx_hal_dma.o(.constdata)
    .constdata                               0x08004d56   Section       24  system_stm32f4xx.o(.constdata)
    .data                                    0x20000000   Section      200  main.o(.data)
    key0_last_tick                           0x20000050   Data           4  main.o(.data)
    key1_last_tick                           0x20000054   Data           4  main.o(.data)
    .data                                    0x200000c8   Section        9  stm32f4xx_hal.o(.data)
    .data                                    0x200000d4   Section        4  system_stm32f4xx.o(.data)
    .data                                    0x200000d8   Section        4  jy901s.o(.data)
    jy_uart                                  0x200000d8   Data           4  jy901s.o(.data)
    .data                                    0x200000dc   Section       16  cliff_sensor.o(.data)
    adc_values                               0x200000dc   Data           8  cliff_sensor.o(.data)
    .data                                    0x200000ec   Section        5  hc05.o(.data)
    .bss                                     0x200000f4   Section      979  main.o(.bss)
    .bss                                     0x200004c8   Section       47  jy901s.o(.bss)
    imu_data                                 0x200004c8   Data          36  jy901s.o(.bss)
    rx_buf                                   0x200004ec   Data          11  jy901s.o(.bss)
    .bss                                     0x200004f8   Section       96  libspace.o(.bss)
    HEAP                                     0x20000558   Section      512  startup_stm32f407xx.o(HEAP)
    Heap_Mem                                 0x20000558   Data         512  startup_stm32f407xx.o(HEAP)
    STACK                                    0x20000758   Section     1024  startup_stm32f407xx.o(STACK)
    Stack_Mem                                0x20000758   Data        1024  startup_stm32f407xx.o(STACK)
    __initial_sp                             0x20000b58   Data           0  startup_stm32f407xx.o(STACK)

    Global Symbols

    Symbol Name                              Value     Ov Type        Size  Object(Section)

    BuildAttributes$$THM_ISAv4$E$P$D$K$B$S$7EM$VFPi3$EXTD16$VFPS$VFMA$PE$A:L22UL41UL21$X:L11$S22US41US21$IEEE1$IW$USESV6$~STKCKD$USESV7$~SHL$OSPACE$ROPI$EBA8$UX$STANDARDLIB$REQ8$PRES8$EABIv2 0x00000000   Number         0  anon$$obj.o ABSOLUTE
    __ARM_use_no_argv                        0x00000000   Number         0  main.o ABSOLUTE
    __ARM_exceptions_init                     - Undefined Weak Reference
    __alloca_initialize                       - Undefined Weak Reference
    __arm_preinit_                            - Undefined Weak Reference
    __cpp_initialize__aeabi_                  - Undefined Weak Reference
    __cxa_finalize                            - Undefined Weak Reference
    __rt_locale                               - Undefined Weak Reference
    __sigvec_lookup                           - Undefined Weak Reference
    _atexit_init                              - Undefined Weak Reference
    _call_atexit_fns                          - Undefined Weak Reference
    _clock_init                               - Undefined Weak Reference
    _fp_trap_init                             - Undefined Weak Reference
    _fp_trap_shutdown                         - Undefined Weak Reference
    _get_lc_collate                           - Undefined Weak Reference
    _get_lc_ctype                             - Undefined Weak Reference
    _get_lc_monetary                          - Undefined Weak Reference
    _get_lc_numeric                           - Undefined Weak Reference
    _get_lc_time                              - Undefined Weak Reference
    _getenv_init                              - Undefined Weak Reference
    _handle_redirection                       - Undefined Weak Reference
    _init_alloc                               - Undefined Weak Reference
    _init_user_alloc                          - Undefined Weak Reference
    _initio                                   - Undefined Weak Reference
    _rand_init                                - Undefined Weak Reference
    _signal_finish                            - Undefined Weak Reference
    _signal_init                              - Undefined Weak Reference
    _terminate_alloc                          - Undefined Weak Reference
    _terminate_user_alloc                     - Undefined Weak Reference
    _terminateio                              - Undefined Weak Reference
    __Vectors_Size                           0x00000188   Number         0  startup_stm32f407xx.o ABSOLUTE
    __Vectors                                0x08000000   Data           4  startup_stm32f407xx.o(RESET)
    __Vectors_End                            0x08000188   Data           0  startup_stm32f407xx.o(RESET)
    __main                                   0x08000189   Thumb Code     8  __main.o(!!!main)
    __scatterload                            0x08000191   Thumb Code     0  __scatter.o(!!!scatter)
    __scatterload_rt2                        0x08000191   Thumb Code    44  __scatter.o(!!!scatter)
    __scatterload_rt2_thumb_only             0x08000191   Thumb Code     0  __scatter.o(!!!scatter)
    __scatterload_null                       0x0800019f   Thumb Code     0  __scatter.o(!!!scatter)
    __scatterload_copy                       0x080001c5   Thumb Code    26  __scatter_copy.o(!!handler_copy)
    __scatterload_zeroinit                   0x080001e1   Thumb Code    28  __scatter_zi.o(!!handler_zi)
    __rt_lib_init                            0x080001fd   Thumb Code     0  libinit.o(.ARM.Collect$$libinit$$00000000)
    __rt_lib_init_fp_1                       0x080001ff   Thumb Code     0  libinit2.o(.ARM.Collect$$libinit$$00000001)
    __rt_lib_init_alloca_1                   0x08000203   Thumb Code     0  libinit2.o(.ARM.Collect$$libinit$$0000002E)
    __rt_lib_init_argv_1                     0x08000203   Thumb Code     0  libinit2.o(.ARM.Collect$$libinit$$0000002C)
    __rt_lib_init_atexit_1                   0x08000203   Thumb Code     0  libinit2.o(.ARM.Collect$$libinit$$0000001B)
    __rt_lib_init_clock_1                    0x08000203   Thumb Code     0  libinit2.o(.ARM.Collect$$libinit$$00000021)
    __rt_lib_init_cpp_1                      0x08000203   Thumb Code     0  libinit2.o(.ARM.Collect$$libinit$$00000032)
    __rt_lib_init_exceptions_1               0x08000203   Thumb Code     0  libinit2.o(.ARM.Collect$$libinit$$00000030)
    __rt_lib_init_fp_trap_1                  0x08000203   Thumb Code     0  libinit2.o(.ARM.Collect$$libinit$$0000001F)
    __rt_lib_init_getenv_1                   0x08000203   Thumb Code     0  libinit2.o(.ARM.Collect$$libinit$$00000023)
    __rt_lib_init_heap_1                     0x08000203   Thumb Code     0  libinit2.o(.ARM.Collect$$libinit$$0000000A)
    __rt_lib_init_lc_collate_1               0x08000203   Thumb Code     0  libinit2.o(.ARM.Collect$$libinit$$00000011)
    __rt_lib_init_lc_ctype_1                 0x08000203   Thumb Code     0  libinit2.o(.ARM.Collect$$libinit$$00000013)
    __rt_lib_init_lc_monetary_1              0x08000203   Thumb Code     0  libinit2.o(.ARM.Collect$$libinit$$00000015)
    __rt_lib_init_lc_numeric_1               0x08000203   Thumb Code     0  libinit2.o(.ARM.Collect$$libinit$$00000017)
    __rt_lib_init_lc_time_1                  0x08000203   Thumb Code     0  libinit2.o(.ARM.Collect$$libinit$$00000019)
    __rt_lib_init_preinit_1                  0x08000203   Thumb Code     0  libinit2.o(.ARM.Collect$$libinit$$00000004)
    __rt_lib_init_rand_1                     0x08000203   Thumb Code     0  libinit2.o(.ARM.Collect$$libinit$$0000000E)
    __rt_lib_init_return                     0x08000203   Thumb Code     0  libinit2.o(.ARM.Collect$$libinit$$00000033)
    __rt_lib_init_signal_1                   0x08000203   Thumb Code     0  libinit2.o(.ARM.Collect$$libinit$$0000001D)
    __rt_lib_init_stdio_1                    0x08000203   Thumb Code     0  libinit2.o(.ARM.Collect$$libinit$$00000025)
    __rt_lib_init_user_alloc_1               0x08000203   Thumb Code     0  libinit2.o(.ARM.Collect$$libinit$$0000000C)
    __rt_lib_shutdown                        0x08000205   Thumb Code     0  libshutdown.o(.ARM.Collect$$libshutdown$$00000000)
    __rt_lib_shutdown_cpp_1                  0x08000207   Thumb Code     0  libshutdown2.o(.ARM.Collect$$libshutdown$$00000002)
    __rt_lib_shutdown_fp_trap_1              0x08000207   Thumb Code     0  libshutdown2.o(.ARM.Collect$$libshutdown$$00000007)
    __rt_lib_shutdown_heap_1                 0x08000207   Thumb Code     0  libshutdown2.o(.ARM.Collect$$libshutdown$$0000000F)
    __rt_lib_shutdown_return                 0x08000207   Thumb Code     0  libshutdown2.o(.ARM.Collect$$libshutdown$$00000010)
    __rt_lib_shutdown_signal_1               0x08000207   Thumb Code     0  libshutdown2.o(.ARM.Collect$$libshutdown$$0000000A)
    __rt_lib_shutdown_stdio_1                0x08000207   Thumb Code     0  libshutdown2.o(.ARM.Collect$$libshutdown$$00000004)
    __rt_lib_shutdown_user_alloc_1           0x08000207   Thumb Code     0  libshutdown2.o(.ARM.Collect$$libshutdown$$0000000C)
    __rt_entry                               0x08000209   Thumb Code     0  __rtentry.o(.ARM.Collect$$rtentry$$00000000)
    __rt_entry_presh_1                       0x08000209   Thumb Code     0  __rtentry2.o(.ARM.Collect$$rtentry$$00000002)
    __rt_entry_sh                            0x08000209   Thumb Code     0  __rtentry4.o(.ARM.Collect$$rtentry$$00000004)
    __rt_entry_li                            0x0800020f   Thumb Code     0  __rtentry2.o(.ARM.Collect$$rtentry$$0000000A)
    __rt_entry_postsh_1                      0x0800020f   Thumb Code     0  __rtentry2.o(.ARM.Collect$$rtentry$$00000009)
    __rt_entry_main                          0x08000213   Thumb Code     0  __rtentry2.o(.ARM.Collect$$rtentry$$0000000D)
    __rt_entry_postli_1                      0x08000213   Thumb Code     0  __rtentry2.o(.ARM.Collect$$rtentry$$0000000C)
    __rt_exit                                0x0800021b   Thumb Code     0  rtexit.o(.ARM.Collect$$rtexit$$00000000)
    __rt_exit_ls                             0x0800021d   Thumb Code     0  rtexit2.o(.ARM.Collect$$rtexit$$00000003)
    __rt_exit_prels_1                        0x0800021d   Thumb Code     0  rtexit2.o(.ARM.Collect$$rtexit$$00000002)
    __rt_exit_exit                           0x08000221   Thumb Code     0  rtexit2.o(.ARM.Collect$$rtexit$$00000004)
    Reset_Handler                            0x08000229   Thumb Code     8  startup_stm32f407xx.o(.text)
    ADC_IRQHandler                           0x08000243   Thumb Code     0  startup_stm32f407xx.o(.text)
    CAN1_RX0_IRQHandler                      0x08000243   Thumb Code     0  startup_stm32f407xx.o(.text)
    CAN1_RX1_IRQHandler                      0x08000243   Thumb Code     0  startup_stm32f407xx.o(.text)
    CAN1_SCE_IRQHandler                      0x08000243   Thumb Code     0  startup_stm32f407xx.o(.text)
    CAN1_TX_IRQHandler                       0x08000243   Thumb Code     0  startup_stm32f407xx.o(.text)
    CAN2_RX0_IRQHandler                      0x08000243   Thumb Code     0  startup_stm32f407xx.o(.text)
    CAN2_RX1_IRQHandler                      0x08000243   Thumb Code     0  startup_stm32f407xx.o(.text)
    CAN2_SCE_IRQHandler                      0x08000243   Thumb Code     0  startup_stm32f407xx.o(.text)
    CAN2_TX_IRQHandler                       0x08000243   Thumb Code     0  startup_stm32f407xx.o(.text)
    DCMI_IRQHandler                          0x08000243   Thumb Code     0  startup_stm32f407xx.o(.text)
    DMA1_Stream0_IRQHandler                  0x08000243   Thumb Code     0  startup_stm32f407xx.o(.text)
    DMA1_Stream1_IRQHandler                  0x08000243   Thumb Code     0  startup_stm32f407xx.o(.text)
    DMA1_Stream2_IRQHandler                  0x08000243   Thumb Code     0  startup_stm32f407xx.o(.text)
    DMA1_Stream3_IRQHandler                  0x08000243   Thumb Code     0  startup_stm32f407xx.o(.text)
    DMA1_Stream4_IRQHandler                  0x08000243   Thumb Code     0  startup_stm32f407xx.o(.text)
    DMA1_Stream5_IRQHandler                  0x08000243   Thumb Code     0  startup_stm32f407xx.o(.text)
    DMA1_Stream6_IRQHandler                  0x08000243   Thumb Code     0  startup_stm32f407xx.o(.text)
    DMA1_Stream7_IRQHandler                  0x08000243   Thumb Code     0  startup_stm32f407xx.o(.text)
    DMA2_Stream1_IRQHandler                  0x08000243   Thumb Code     0  startup_stm32f407xx.o(.text)
    DMA2_Stream2_IRQHandler                  0x08000243   Thumb Code     0  startup_stm32f407xx.o(.text)
    DMA2_Stream3_IRQHandler                  0x08000243   Thumb Code     0  startup_stm32f407xx.o(.text)
    DMA2_Stream4_IRQHandler                  0x08000243   Thumb Code     0  startup_stm32f407xx.o(.text)
    DMA2_Stream5_IRQHandler                  0x08000243   Thumb Code     0  startup_stm32f407xx.o(.text)
    DMA2_Stream6_IRQHandler                  0x08000243   Thumb Code     0  startup_stm32f407xx.o(.text)
    ETH_IRQHandler                           0x08000243   Thumb Code     0  startup_stm32f407xx.o(.text)
    ETH_WKUP_IRQHandler                      0x08000243   Thumb Code     0  startup_stm32f407xx.o(.text)
    EXTI0_IRQHandler                         0x08000243   Thumb Code     0  startup_stm32f407xx.o(.text)
    EXTI15_10_IRQHandler                     0x08000243   Thumb Code     0  startup_stm32f407xx.o(.text)
    EXTI1_IRQHandler                         0x08000243   Thumb Code     0  startup_stm32f407xx.o(.text)
    EXTI2_IRQHandler                         0x08000243   Thumb Code     0  startup_stm32f407xx.o(.text)
    EXTI3_IRQHandler                         0x08000243   Thumb Code     0  startup_stm32f407xx.o(.text)
    EXTI4_IRQHandler                         0x08000243   Thumb Code     0  startup_stm32f407xx.o(.text)
    EXTI9_5_IRQHandler                       0x08000243   Thumb Code     0  startup_stm32f407xx.o(.text)
    FLASH_IRQHandler                         0x08000243   Thumb Code     0  startup_stm32f407xx.o(.text)
    FMC_IRQHandler                           0x08000243   Thumb Code     0  startup_stm32f407xx.o(.text)
    FPU_IRQHandler                           0x08000243   Thumb Code     0  startup_stm32f407xx.o(.text)
    HASH_RNG_IRQHandler                      0x08000243   Thumb Code     0  startup_stm32f407xx.o(.text)
    I2C1_ER_IRQHandler                       0x08000243   Thumb Code     0  startup_stm32f407xx.o(.text)
    I2C1_EV_IRQHandler                       0x08000243   Thumb Code     0  startup_stm32f407xx.o(.text)
    I2C2_ER_IRQHandler                       0x08000243   Thumb Code     0  startup_stm32f407xx.o(.text)
    I2C2_EV_IRQHandler                       0x08000243   Thumb Code     0  startup_stm32f407xx.o(.text)
    I2C3_ER_IRQHandler                       0x08000243   Thumb Code     0  startup_stm32f407xx.o(.text)
    I2C3_EV_IRQHandler                       0x08000243   Thumb Code     0  startup_stm32f407xx.o(.text)
    OTG_FS_IRQHandler                        0x08000243   Thumb Code     0  startup_stm32f407xx.o(.text)
    OTG_FS_WKUP_IRQHandler                   0x08000243   Thumb Code     0  startup_stm32f407xx.o(.text)
    OTG_HS_EP1_IN_IRQHandler                 0x08000243   Thumb Code     0  startup_stm32f407xx.o(.text)
    OTG_HS_EP1_OUT_IRQHandler                0x08000243   Thumb Code     0  startup_stm32f407xx.o(.text)
    OTG_HS_IRQHandler                        0x08000243   Thumb Code     0  startup_stm32f407xx.o(.text)
    OTG_HS_WKUP_IRQHandler                   0x08000243   Thumb Code     0  startup_stm32f407xx.o(.text)
    PVD_IRQHandler                           0x08000243   Thumb Code     0  startup_stm32f407xx.o(.text)
    RCC_IRQHandler                           0x08000243   Thumb Code     0  startup_stm32f407xx.o(.text)
    RTC_Alarm_IRQHandler                     0x08000243   Thumb Code     0  startup_stm32f407xx.o(.text)
    RTC_WKUP_IRQHandler                      0x08000243   Thumb Code     0  startup_stm32f407xx.o(.text)
    SDIO_IRQHandler                          0x08000243   Thumb Code     0  startup_stm32f407xx.o(.text)
    SPI1_IRQHandler                          0x08000243   Thumb Code     0  startup_stm32f407xx.o(.text)
    SPI2_IRQHandler                          0x08000243   Thumb Code     0  startup_stm32f407xx.o(.text)
    SPI3_IRQHandler                          0x08000243   Thumb Code     0  startup_stm32f407xx.o(.text)
    TAMP_STAMP_IRQHandler                    0x08000243   Thumb Code     0  startup_stm32f407xx.o(.text)
    TIM1_BRK_TIM9_IRQHandler                 0x08000243   Thumb Code     0  startup_stm32f407xx.o(.text)
    TIM1_CC_IRQHandler                       0x08000243   Thumb Code     0  startup_stm32f407xx.o(.text)
    TIM1_TRG_COM_TIM11_IRQHandler            0x08000243   Thumb Code     0  startup_stm32f407xx.o(.text)
    TIM1_UP_TIM10_IRQHandler                 0x08000243   Thumb Code     0  startup_stm32f407xx.o(.text)
    TIM2_IRQHandler                          0x08000243   Thumb Code     0  startup_stm32f407xx.o(.text)
    TIM4_IRQHandler                          0x08000243   Thumb Code     0  startup_stm32f407xx.o(.text)
    TIM5_IRQHandler                          0x08000243   Thumb Code     0  startup_stm32f407xx.o(.text)
    TIM6_DAC_IRQHandler                      0x08000243   Thumb Code     0  startup_stm32f407xx.o(.text)
    TIM7_IRQHandler                          0x08000243   Thumb Code     0  startup_stm32f407xx.o(.text)
    TIM8_BRK_TIM12_IRQHandler                0x08000243   Thumb Code     0  startup_stm32f407xx.o(.text)
    TIM8_CC_IRQHandler                       0x08000243   Thumb Code     0  startup_stm32f407xx.o(.text)
    TIM8_TRG_COM_TIM14_IRQHandler            0x08000243   Thumb Code     0  startup_stm32f407xx.o(.text)
    TIM8_UP_TIM13_IRQHandler                 0x08000243   Thumb Code     0  startup_stm32f407xx.o(.text)
    UART4_IRQHandler                         0x08000243   Thumb Code     0  startup_stm32f407xx.o(.text)
    UART5_IRQHandler                         0x08000243   Thumb Code     0  startup_stm32f407xx.o(.text)
    USART6_IRQHandler                        0x08000243   Thumb Code     0  startup_stm32f407xx.o(.text)
    WWDG_IRQHandler                          0x08000243   Thumb Code     0  startup_stm32f407xx.o(.text)
    __user_initial_stackheap                 0x08000245   Thumb Code     0  startup_stm32f407xx.o(.text)
    __aeabi_uldivmod                         0x08000269   Thumb Code     0  lludivv7m.o(.text)
    _ll_udiv                                 0x08000269   Thumb Code   238  lludivv7m.o(.text)
    __aeabi_memclr4                          0x08000357   Thumb Code     0  rt_memclr_w.o(.text)
    __aeabi_memclr8                          0x08000357   Thumb Code     0  rt_memclr_w.o(.text)
    __rt_memclr_w                            0x08000357   Thumb Code    78  rt_memclr_w.o(.text)
    _memset_w                                0x0800035b   Thumb Code     0  rt_memclr_w.o(.text)
    __use_two_region_memory                  0x080003a5   Thumb Code     2  heapauxi.o(.text)
    __rt_heap_escrow$2region                 0x080003a7   Thumb Code     2  heapauxi.o(.text)
    __rt_heap_expand$2region                 0x080003a9   Thumb Code     2  heapauxi.o(.text)
    __user_setup_stackheap                   0x080003ab   Thumb Code    74  sys_stackheap_outer.o(.text)
    exit                                     0x080003f5   Thumb Code    18  exit.o(.text)
    __user_libspace                          0x08000409   Thumb Code     8  libspace.o(.text)
    __user_perproc_libspace                  0x08000409   Thumb Code     0  libspace.o(.text)
    __user_perthread_libspace                0x08000409   Thumb Code     0  libspace.o(.text)
    _sys_exit                                0x08000411   Thumb Code     8  sys_exit.o(.text)
    __I$use$semihosting                      0x0800041d   Thumb Code     0  use_no_semi.o(.text)
    __use_no_semihosting_swi                 0x0800041d   Thumb Code     2  use_no_semi.o(.text)
    __semihosting_library_function           0x0800041f   Thumb Code     0  indicate_semi.o(.text)
    A4950_Init                               0x08000421   Thumb Code    36  a4950.o(i.A4950_Init)
    A4950_SetLeft                            0x0800044d   Thumb Code    74  a4950.o(i.A4950_SetLeft)
    A4950_SetRight                           0x0800049d   Thumb Code    74  a4950.o(i.A4950_SetRight)
    BusFault_Handler                         0x080006f9   Thumb Code     4  stm32f4xx_it.o(i.BusFault_Handler)
    CliffSensor_Init                         0x080006fd   Thumb Code    20  cliff_sensor.o(i.CliffSensor_Init)
    DMA2_Stream0_IRQHandler                  0x0800071d   Thumb Code    10  stm32f4xx_it.o(i.DMA2_Stream0_IRQHandler)
    DMA2_Stream7_IRQHandler                  0x0800072d   Thumb Code    10  stm32f4xx_it.o(i.DMA2_Stream7_IRQHandler)
    DebugMon_Handler                         0x08000847   Thumb Code     2  stm32f4xx_it.o(i.DebugMon_Handler)
    Encoder_GetCount                         0x08000849   Thumb Code    46  encoder.o(i.Encoder_GetCount)
    Encoder_Init                             0x08000877   Thumb Code    22  encoder.o(i.Encoder_Init)
    Encoder_Reset                            0x0800088d   Thumb Code    12  encoder.o(i.Encoder_Reset)
    Error_Handler                            0x08000899   Thumb Code     6  main.o(i.Error_Handler)
    HAL_ADC_ConfigChannel                    0x080008a1   Thumb Code   380  stm32f4xx_hal_adc.o(i.HAL_ADC_ConfigChannel)
    HAL_ADC_ConvCpltCallback                 0x08000a2d   Thumb Code     2  cliff_sensor.o(i.HAL_ADC_ConvCpltCallback)
    HAL_ADC_ConvHalfCpltCallback             0x08000a2f   Thumb Code     2  stm32f4xx_hal_adc.o(i.HAL_ADC_ConvHalfCpltCallback)
    HAL_ADC_ErrorCallback                    0x08000a31   Thumb Code     2  stm32f4xx_hal_adc.o(i.HAL_ADC_ErrorCallback)
    HAL_ADC_Init                             0x08000a35   Thumb Code   100  stm32f4xx_hal_adc.o(i.HAL_ADC_Init)
    HAL_ADC_MspInit                          0x08000a9d   Thumb Code   226  stm32f4xx_hal_msp.o(i.HAL_ADC_MspInit)
    HAL_ADC_Start_DMA                        0x08000b99   Thumb Code   398  stm32f4xx_hal_adc.o(i.HAL_ADC_Start_DMA)
    HAL_DMA_Abort                            0x08000d4d   Thumb Code   172  stm32f4xx_hal_dma.o(i.HAL_DMA_Abort)
    HAL_DMA_Abort_IT                         0x08000df9   Thumb Code    40  stm32f4xx_hal_dma.o(i.HAL_DMA_Abort_IT)
    HAL_DMA_IRQHandler                       0x08000e21   Thumb Code   570  stm32f4xx_hal_dma.o(i.HAL_DMA_IRQHandler)
    HAL_DMA_Init                             0x08001061   Thumb Code   232  stm32f4xx_hal_dma.o(i.HAL_DMA_Init)
    HAL_DMA_Start_IT                         0x0800114d   Thumb Code   146  stm32f4xx_hal_dma.o(i.HAL_DMA_Start_IT)
    HAL_Delay                                0x080011e1   Thumb Code    36  stm32f4xx_hal.o(i.HAL_Delay)
    HAL_GPIO_Init                            0x08001209   Thumb Code   454  stm32f4xx_hal_gpio.o(i.HAL_GPIO_Init)
    HAL_GPIO_ReadPin                         0x080013fd   Thumb Code    16  stm32f4xx_hal_gpio.o(i.HAL_GPIO_ReadPin)
    HAL_GPIO_WritePin                        0x0800140d   Thumb Code    12  stm32f4xx_hal_gpio.o(i.HAL_GPIO_WritePin)
    HAL_GetTick                              0x08001419   Thumb Code     6  stm32f4xx_hal.o(i.HAL_GetTick)
    HAL_IncTick                              0x08001425   Thumb Code    16  stm32f4xx_hal.o(i.HAL_IncTick)
    HAL_Init                                 0x0800143d   Thumb Code    54  stm32f4xx_hal.o(i.HAL_Init)
    HAL_InitTick                             0x08001479   Thumb Code    64  stm32f4xx_hal.o(i.HAL_InitTick)
    HAL_MspInit                              0x080014c5   Thumb Code    68  stm32f4xx_hal_msp.o(i.HAL_MspInit)
    HAL_NVIC_EnableIRQ                       0x0800150d   Thumb Code    40  stm32f4xx_hal_cortex.o(i.HAL_NVIC_EnableIRQ)
    HAL_NVIC_SetPriority                     0x08001535   Thumb Code   124  stm32f4xx_hal_cortex.o(i.HAL_NVIC_SetPriority)
    HAL_NVIC_SetPriorityGrouping             0x080015b1   Thumb Code    32  stm32f4xx_hal_cortex.o(i.HAL_NVIC_SetPriorityGrouping)
    HAL_RCC_ClockConfig                      0x080015d9   Thumb Code   368  stm32f4xx_hal_rcc.o(i.HAL_RCC_ClockConfig)
    HAL_RCC_GetHCLKFreq                      0x0800175d   Thumb Code     6  stm32f4xx_hal_rcc.o(i.HAL_RCC_GetHCLKFreq)
    HAL_RCC_GetPCLK1Freq                     0x08001769   Thumb Code    22  stm32f4xx_hal_rcc.o(i.HAL_RCC_GetPCLK1Freq)
    HAL_RCC_GetPCLK2Freq                     0x08001789   Thumb Code    22  stm32f4xx_hal_rcc.o(i.HAL_RCC_GetPCLK2Freq)
    HAL_RCC_GetSysClockFreq                  0x080017a9   Thumb Code   162  stm32f4xx_hal_rcc.o(i.HAL_RCC_GetSysClockFreq)
    HAL_RCC_OscConfig                        0x08001859   Thumb Code  1172  stm32f4xx_hal_rcc.o(i.HAL_RCC_OscConfig)
    HAL_SYSTICK_Config                       0x08001cf5   Thumb Code    52  stm32f4xx_hal_cortex.o(i.HAL_SYSTICK_Config)
    HAL_TIMEx_BreakCallback                  0x08001d29   Thumb Code     2  stm32f4xx_hal_tim_ex.o(i.HAL_TIMEx_BreakCallback)
    HAL_TIMEx_CommutCallback                 0x08001d2b   Thumb Code     2  stm32f4xx_hal_tim_ex.o(i.HAL_TIMEx_CommutCallback)
    HAL_TIMEx_ConfigBreakDeadTime            0x08001d2d   Thumb Code   116  stm32f4xx_hal_tim_ex.o(i.HAL_TIMEx_ConfigBreakDeadTime)
    HAL_TIMEx_MasterConfigSynchronization    0x08001da1   Thumb Code   150  stm32f4xx_hal_tim_ex.o(i.HAL_TIMEx_MasterConfigSynchronization)
    HAL_TIM_Base_Init                        0x08001e55   Thumb Code   102  stm32f4xx_hal_tim.o(i.HAL_TIM_Base_Init)
    HAL_TIM_Base_MspInit                     0x08001ebd   Thumb Code   148  stm32f4xx_hal_msp.o(i.HAL_TIM_Base_MspInit)
    HAL_TIM_Base_Start                       0x08001f61   Thumb Code   126  stm32f4xx_hal_tim.o(i.HAL_TIM_Base_Start)
    HAL_TIM_ConfigClockSource                0x08001ffd   Thumb Code   268  stm32f4xx_hal_tim.o(i.HAL_TIM_ConfigClockSource)
    HAL_TIM_Encoder_Init                     0x08002109   Thumb Code   200  stm32f4xx_hal_tim.o(i.HAL_TIM_Encoder_Init)
    HAL_TIM_Encoder_MspInit                  0x080021d1   Thumb Code   282  stm32f4xx_hal_msp.o(i.HAL_TIM_Encoder_MspInit)
    HAL_TIM_Encoder_Start                    0x080022fd   Thumb Code   204  stm32f4xx_hal_tim.o(i.HAL_TIM_Encoder_Start)
    HAL_TIM_IC_CaptureCallback               0x080023c9   Thumb Code     2  stm32f4xx_hal_tim.o(i.HAL_TIM_IC_CaptureCallback)
    HAL_TIM_IRQHandler                       0x080023cb   Thumb Code   364  stm32f4xx_hal_tim.o(i.HAL_TIM_IRQHandler)
    HAL_TIM_MspPostInit                      0x08002539   Thumb Code   154  stm32f4xx_hal_msp.o(i.HAL_TIM_MspPostInit)
    HAL_TIM_OC_DelayElapsedCallback          0x080025e5   Thumb Code     2  stm32f4xx_hal_tim.o(i.HAL_TIM_OC_DelayElapsedCallback)
    HAL_TIM_PWM_ConfigChannel                0x080025e7   Thumb Code   260  stm32f4xx_hal_tim.o(i.HAL_TIM_PWM_ConfigChannel)
    HAL_TIM_PWM_Init                         0x080026eb   Thumb Code   102  stm32f4xx_hal_tim.o(i.HAL_TIM_PWM_Init)
    HAL_TIM_PWM_MspInit                      0x08002751   Thumb Code     2  stm32f4xx_hal_tim.o(i.HAL_TIM_PWM_MspInit)
    HAL_TIM_PWM_PulseFinishedCallback        0x08002753   Thumb Code     2  stm32f4xx_hal_tim.o(i.HAL_TIM_PWM_PulseFinishedCallback)
    HAL_TIM_PWM_Start                        0x08002755   Thumb Code   238  stm32f4xx_hal_tim.o(i.HAL_TIM_PWM_Start)
    HAL_TIM_PeriodElapsedCallback            0x08002861   Thumb Code     2  stm32f4xx_hal_tim.o(i.HAL_TIM_PeriodElapsedCallback)
    HAL_TIM_TriggerCallback                  0x08002863   Thumb Code     2  stm32f4xx_hal_tim.o(i.HAL_TIM_TriggerCallback)
    HAL_UARTEx_RxEventCallback               0x08002865   Thumb Code     2  stm32f4xx_hal_uart.o(i.HAL_UARTEx_RxEventCallback)
    HAL_UART_ErrorCallback                   0x08002867   Thumb Code     2  stm32f4xx_hal_uart.o(i.HAL_UART_ErrorCallback)
    HAL_UART_IRQHandler                      0x08002869   Thumb Code   740  stm32f4xx_hal_uart.o(i.HAL_UART_IRQHandler)
    HAL_UART_Init                            0x08002b51   Thumb Code   118  stm32f4xx_hal_uart.o(i.HAL_UART_Init)
    HAL_UART_MspInit                         0x08002bc9   Thumb Code   454  stm32f4xx_hal_msp.o(i.HAL_UART_MspInit)
    HAL_UART_Receive_IT                      0x08002db5   Thumb Code    44  stm32f4xx_hal_uart.o(i.HAL_UART_Receive_IT)
    HAL_UART_RxCpltCallback                  0x08002de1   Thumb Code    54  main.o(i.HAL_UART_RxCpltCallback)
    HAL_UART_Transmit                        0x08002e29   Thumb Code   190  stm32f4xx_hal_uart.o(i.HAL_UART_Transmit)
    HAL_UART_TxCpltCallback                  0x08002ee7   Thumb Code     2  stm32f4xx_hal_uart.o(i.HAL_UART_TxCpltCallback)
    HC05_GetRxBytePtr                        0x08002ee9   Thumb Code     4  hc05.o(i.HC05_GetRxBytePtr)
    HC05_Init                                0x08002ef1   Thumb Code    20  hc05.o(i.HC05_Init)
    HC05_OnByteReceived                      0x08002f0d   Thumb Code    18  main.o(i.HC05_OnByteReceived)
    HC05_UART_RxHandler                      0x08002f25   Thumb Code    30  hc05.o(i.HC05_UART_RxHandler)
    HardFault_Handler                        0x08002f4d   Thumb Code     4  stm32f4xx_it.o(i.HardFault_Handler)
    JY901S_GetData                           0x08002f51   Thumb Code     4  jy901s.o(i.JY901S_GetData)
    JY901S_Init                              0x08002f59   Thumb Code    20  jy901s.o(i.JY901S_Init)
    JY901S_UART_RxHandler                    0x08002f75   Thumb Code   416  jy901s.o(i.JY901S_UART_RxHandler)
    Key_GetState                             0x08003129   Thumb Code     6  key.o(i.Key_GetState)
    Key_Init                                 0x0800312f   Thumb Code    16  key.o(i.Key_Init)
    Key_Update                               0x0800313f   Thumb Code   120  key.o(i.Key_Update)
    LED_Init                                 0x080031b7   Thumb Code    32  led.o(i.LED_Init)
    LED_Init_All                             0x080031d9   Thumb Code    28  main.o(i.LED_Init_All)
    MemManage_Handler                        0x080037f1   Thumb Code     4  stm32f4xx_it.o(i.MemManage_Handler)
    NMI_Handler                              0x080037f5   Thumb Code     4  stm32f4xx_it.o(i.NMI_Handler)
    PID_Control_Left                         0x080037f9   Thumb Code   246  main.o(i.PID_Control_Left)
    PID_Control_Right                        0x08003921   Thumb Code   246  main.o(i.PID_Control_Right)
    PendSV_Handler                           0x08003a49   Thumb Code     2  stm32f4xx_it.o(i.PendSV_Handler)
    SVC_Handler                              0x08003a4b   Thumb Code     2  stm32f4xx_it.o(i.SVC_Handler)
    SysTick_Handler                          0x08003a4d   Thumb Code     8  stm32f4xx_it.o(i.SysTick_Handler)
    SystemClock_Config                       0x08003a55   Thumb Code   170  main.o(i.SystemClock_Config)
    SystemInit                               0x08003b09   Thumb Code    14  system_stm32f4xx.o(i.SystemInit)
    TIM3_IRQHandler                          0x08003b1d   Thumb Code    10  stm32f4xx_it.o(i.TIM3_IRQHandler)
    TIM_Base_SetConfig                       0x08003b2d   Thumb Code   186  stm32f4xx_hal_tim.o(i.TIM_Base_SetConfig)
    TIM_CCxChannelCmd                        0x08003c15   Thumb Code    34  stm32f4xx_hal_tim.o(i.TIM_CCxChannelCmd)
    TIM_ETR_SetConfig                        0x08003c37   Thumb Code    22  stm32f4xx_hal_tim.o(i.TIM_ETR_SetConfig)
    TIM_OC2_SetConfig                        0x08003cd1   Thumb Code   114  stm32f4xx_hal_tim.o(i.TIM_OC2_SetConfig)
    UART_Start_Receive_IT                    0x08004231   Thumb Code    64  stm32f4xx_hal_uart.o(i.UART_Start_Receive_IT)
    USART1_IRQHandler                        0x0800435d   Thumb Code    10  stm32f4xx_it.o(i.USART1_IRQHandler)
    USART2_IRQHandler                        0x0800436d   Thumb Code    10  stm32f4xx_it.o(i.USART2_IRQHandler)
    USART3_IRQHandler                        0x0800437d   Thumb Code    10  stm32f4xx_it.o(i.USART3_IRQHandler)
    UsageFault_Handler                       0x0800438d   Thumb Code     4  stm32f4xx_it.o(i.UsageFault_Handler)
    main                                     0x080043c9   Thumb Code   646  main.o(i.main)
    __aeabi_d2f                              0x080046c5   Thumb Code     0  d2f.o(x$fpl$d2f)
    _d2f                                     0x080046c5   Thumb Code    98  d2f.o(x$fpl$d2f)
    __aeabi_ddiv                             0x08004729   Thumb Code     0  ddiv.o(x$fpl$ddiv)
    _ddiv                                    0x08004729   Thumb Code   552  ddiv.o(x$fpl$ddiv)
    __aeabi_d2iz                             0x080049d9   Thumb Code     0  dfix.o(x$fpl$dfix)
    _dfix                                    0x080049d9   Thumb Code    94  dfix.o(x$fpl$dfix)
    __aeabi_ui2d                             0x08004a37   Thumb Code     0  dflt_clz.o(x$fpl$dfltu)
    _dfltu                                   0x08004a37   Thumb Code    38  dflt_clz.o(x$fpl$dfltu)
    __aeabi_dmul                             0x08004a5d   Thumb Code     0  dmul.o(x$fpl$dmul)
    _dmul                                    0x08004a5d   Thumb Code   332  dmul.o(x$fpl$dmul)
    __fpl_dnaninf                            0x08004bb1   Thumb Code   156  dnaninf.o(x$fpl$dnaninf)
    __fpl_dretinf                            0x08004c4d   Thumb Code    12  dretinf.o(x$fpl$dretinf)
    __aeabi_f2d                              0x08004c59   Thumb Code     0  f2d.o(x$fpl$f2d)
    _f2d                                     0x08004c59   Thumb Code    86  f2d.o(x$fpl$f2d)
    __fpl_fnaninf                            0x08004caf   Thumb Code   140  fnaninf.o(x$fpl$fnaninf)
    _fp_init                                 0x08004d3b   Thumb Code    10  fpinit.o(x$fpl$fpinit)
    __fplib_config_fpu_vfp                   0x08004d43   Thumb Code     0  fpinit.o(x$fpl$fpinit)
    __fplib_config_pureend_doubles           0x08004d43   Thumb Code     0  fpinit.o(x$fpl$fpinit)
    __fpl_fretinf                            0x08004d45   Thumb Code    10  fretinf.o(x$fpl$fretinf)
    __I$use$fp                               0x08004d4e   Number         0  usenofp.o(x$fpl$usenofp)
    AHBPrescTable                            0x08004d56   Data          16  system_stm32f4xx.o(.constdata)
    APBPrescTable                            0x08004d66   Data           8  system_stm32f4xx.o(.constdata)
    Region$$Table$$Base                      0x08004d70   Number         0  anon$$obj.o(Region$$Table)
    Region$$Table$$Limit                     0x08004d90   Number         0  anon$$obj.o(Region$$Table)
    LED0                                     0x20000000   Data           8  main.o(.data)
    LED1                                     0x20000008   Data           8  main.o(.data)
    LED2                                     0x20000010   Data           8  main.o(.data)
    LED3                                     0x20000018   Data           8  main.o(.data)
    key                                      0x20000020   Data          24  main.o(.data)
    encL                                     0x20000038   Data           8  main.o(.data)
    encR                                     0x20000040   Data           8  main.o(.data)
    sensor_vals                              0x20000048   Data           8  main.o(.data)
    rounds                                   0x20000058   Data           4  main.o(.data)
    leftCountGlobal                          0x2000005c   Data           4  main.o(.data)
    rightCountGlobal                         0x20000060   Data           4  main.o(.data)
    leftCount                                0x20000064   Data           4  main.o(.data)
    rightCount                               0x20000068   Data           4  main.o(.data)
    leftSpeed                                0x2000006c   Data           4  main.o(.data)
    rightSpeed                               0x20000070   Data           4  main.o(.data)
    time                                     0x20000074   Data           4  main.o(.data)
    target_speed_left                        0x20000078   Data           4  main.o(.data)
    kp_left                                  0x2000007c   Data           4  main.o(.data)
    ki_left                                  0x20000080   Data           4  main.o(.data)
    kd_left                                  0x20000084   Data           4  main.o(.data)
    previous_error_left                      0x20000088   Data           4  main.o(.data)
    error_left                               0x2000008c   Data           4  main.o(.data)
    integral_left                            0x20000090   Data           4  main.o(.data)
    derivative_left                          0x20000094   Data           4  main.o(.data)
    pid_output_left                          0x20000098   Data           4  main.o(.data)
    target_speed_right                       0x2000009c   Data           4  main.o(.data)
    kp_right                                 0x200000a0   Data           4  main.o(.data)
    ki_right                                 0x200000a4   Data           4  main.o(.data)
    kd_right                                 0x200000a8   Data           4  main.o(.data)
    previous_error_right                     0x200000ac   Data           4  main.o(.data)
    error_right                              0x200000b0   Data           4  main.o(.data)
    integral_right                           0x200000b4   Data           4  main.o(.data)
    derivative_right                         0x200000b8   Data           4  main.o(.data)
    pid_output_right                         0x200000bc   Data           4  main.o(.data)
    imu                                      0x200000c0   Data           4  main.o(.data)
    flag                                     0x200000c4   Data           4  main.o(.data)
    uwTick                                   0x200000c8   Data           4  stm32f4xx_hal.o(.data)
    uwTickPrio                               0x200000cc   Data           4  stm32f4xx_hal.o(.data)
    uwTickFreq                               0x200000d0   Data           1  stm32f4xx_hal.o(.data)
    SystemCoreClock                          0x200000d4   Data           4  system_stm32f4xx.o(.data)
    cliff_thresholds                         0x200000e4   Data           8  cliff_sensor.o(.data)
    hc05_uart                                0x200000ec   Data           4  hc05.o(.data)
    hc05_rx_byte                             0x200000f0   Data           1  hc05.o(.data)
    hadc1                                    0x200000f4   Data          72  main.o(.bss)
    hdma_adc1                                0x2000013c   Data          96  main.o(.bss)
    htim1                                    0x2000019c   Data          72  main.o(.bss)
    htim2                                    0x200001e4   Data          72  main.o(.bss)
    htim3                                    0x2000022c   Data          72  main.o(.bss)
    htim5                                    0x20000274   Data          72  main.o(.bss)
    htim9                                    0x200002bc   Data          72  main.o(.bss)
    huart1                                   0x20000304   Data          72  main.o(.bss)
    huart2                                   0x2000034c   Data          72  main.o(.bss)
    huart3                                   0x20000394   Data          72  main.o(.bss)
    hdma_usart1_tx                           0x200003dc   Data          96  main.o(.bss)
    jy_rx_buf                                0x2000043c   Data          11  main.o(.bss)
    uart1_tx_buf                             0x20000447   Data         128  main.o(.bss)
    __libspace_start                         0x200004f8   Data          96  libspace.o(.bss)
    __temporary_stack_top$libspace           0x20000558   Data           0  libspace.o(.bss)



==============================================================================

Memory Map of the image

  Image Entry point : 0x08000189

  Load Region LR_IROM1 (Base: 0x08000000, Size: 0x00004e84, Max: 0x00080000, ABSOLUTE)

    Execution Region ER_IROM1 (Exec base: 0x08000000, Load base: 0x08000000, Size: 0x00004d90, Max: 0x00080000, ABSOLUTE)

    Exec Addr    Load Addr    Size         Type   Attr      Idx    E Section Name        Object

    0x08000000   0x08000000   0x00000188   Data   RO            3    RESET               startup_stm32f407xx.o
    0x08000188   0x08000188   0x00000008   Code   RO         3721  * !!!main             c_w.l(__main.o)
    0x08000190   0x08000190   0x00000034   Code   RO         3917    !!!scatter          c_w.l(__scatter.o)
    0x080001c4   0x080001c4   0x0000001a   Code   RO         3919    !!handler_copy      c_w.l(__scatter_copy.o)
    0x080001de   0x080001de   0x00000002   PAD
    0x080001e0   0x080001e0   0x0000001c   Code   RO         3921    !!handler_zi        c_w.l(__scatter_zi.o)
    0x080001fc   0x080001fc   0x00000002   Code   RO         3787    .ARM.Collect$$libinit$$00000000  c_w.l(libinit.o)
    0x080001fe   0x080001fe   0x00000004   Code   RO         3799    .ARM.Collect$$libinit$$00000001  c_w.l(libinit2.o)
    0x08000202   0x08000202   0x00000000   Code   RO         3802    .ARM.Collect$$libinit$$00000004  c_w.l(libinit2.o)
    0x08000202   0x08000202   0x00000000   Code   RO         3805    .ARM.Collect$$libinit$$0000000A  c_w.l(libinit2.o)
    0x08000202   0x08000202   0x00000000   Code   RO         3807    .ARM.Collect$$libinit$$0000000C  c_w.l(libinit2.o)
    0x08000202   0x08000202   0x00000000   Code   RO         3809    .ARM.Collect$$libinit$$0000000E  c_w.l(libinit2.o)
    0x08000202   0x08000202   0x00000000   Code   RO         3812    .ARM.Collect$$libinit$$00000011  c_w.l(libinit2.o)
    0x08000202   0x08000202   0x00000000   Code   RO         3814    .ARM.Collect$$libinit$$00000013  c_w.l(libinit2.o)
    0x08000202   0x08000202   0x00000000   Code   RO         3816    .ARM.Collect$$libinit$$00000015  c_w.l(libinit2.o)
    0x08000202   0x08000202   0x00000000   Code   RO         3818    .ARM.Collect$$libinit$$00000017  c_w.l(libinit2.o)
    0x08000202   0x08000202   0x00000000   Code   RO         3820    .ARM.Collect$$libinit$$00000019  c_w.l(libinit2.o)
    0x08000202   0x08000202   0x00000000   Code   RO         3822    .ARM.Collect$$libinit$$0000001B  c_w.l(libinit2.o)
    0x08000202   0x08000202   0x00000000   Code   RO         3824    .ARM.Collect$$libinit$$0000001D  c_w.l(libinit2.o)
    0x08000202   0x08000202   0x00000000   Code   RO         3826    .ARM.Collect$$libinit$$0000001F  c_w.l(libinit2.o)
    0x08000202   0x08000202   0x00000000   Code   RO         3828    .ARM.Collect$$libinit$$00000021  c_w.l(libinit2.o)
    0x08000202   0x08000202   0x00000000   Code   RO         3830    .ARM.Collect$$libinit$$00000023  c_w.l(libinit2.o)
    0x08000202   0x08000202   0x00000000   Code   RO         3832    .ARM.Collect$$libinit$$00000025  c_w.l(libinit2.o)
    0x08000202   0x08000202   0x00000000   Code   RO         3836    .ARM.Collect$$libinit$$0000002C  c_w.l(libinit2.o)
    0x08000202   0x08000202   0x00000000   Code   RO         3838    .ARM.Collect$$libinit$$0000002E  c_w.l(libinit2.o)
    0x08000202   0x08000202   0x00000000   Code   RO         3840    .ARM.Collect$$libinit$$00000030  c_w.l(libinit2.o)
    0x08000202   0x08000202   0x00000000   Code   RO         3842    .ARM.Collect$$libinit$$00000032  c_w.l(libinit2.o)
    0x08000202   0x08000202   0x00000002   Code   RO         3843    .ARM.Collect$$libinit$$00000033  c_w.l(libinit2.o)
    0x08000204   0x08000204   0x00000002   Code   RO         3874    .ARM.Collect$$libshutdown$$00000000  c_w.l(libshutdown.o)
    0x08000206   0x08000206   0x00000000   Code   RO         3900    .ARM.Collect$$libshutdown$$00000002  c_w.l(libshutdown2.o)
    0x08000206   0x08000206   0x00000000   Code   RO         3902    .ARM.Collect$$libshutdown$$00000004  c_w.l(libshutdown2.o)
    0x08000206   0x08000206   0x00000000   Code   RO         3905    .ARM.Collect$$libshutdown$$00000007  c_w.l(libshutdown2.o)
    0x08000206   0x08000206   0x00000000   Code   RO         3908    .ARM.Collect$$libshutdown$$0000000A  c_w.l(libshutdown2.o)
    0x08000206   0x08000206   0x00000000   Code   RO         3910    .ARM.Collect$$libshutdown$$0000000C  c_w.l(libshutdown2.o)
    0x08000206   0x08000206   0x00000000   Code   RO         3913    .ARM.Collect$$libshutdown$$0000000F  c_w.l(libshutdown2.o)
    0x08000206   0x08000206   0x00000002   Code   RO         3914    .ARM.Collect$$libshutdown$$00000010  c_w.l(libshutdown2.o)
    0x08000208   0x08000208   0x00000000   Code   RO         3743    .ARM.Collect$$rtentry$$00000000  c_w.l(__rtentry.o)
    0x08000208   0x08000208   0x00000000   Code   RO         3758    .ARM.Collect$$rtentry$$00000002  c_w.l(__rtentry2.o)
    0x08000208   0x08000208   0x00000006   Code   RO         3770    .ARM.Collect$$rtentry$$00000004  c_w.l(__rtentry4.o)
    0x0800020e   0x0800020e   0x00000000   Code   RO         3760    .ARM.Collect$$rtentry$$00000009  c_w.l(__rtentry2.o)
    0x0800020e   0x0800020e   0x00000004   Code   RO         3761    .ARM.Collect$$rtentry$$0000000A  c_w.l(__rtentry2.o)
    0x08000212   0x08000212   0x00000000   Code   RO         3763    .ARM.Collect$$rtentry$$0000000C  c_w.l(__rtentry2.o)
    0x08000212   0x08000212   0x00000008   Code   RO         3764    .ARM.Collect$$rtentry$$0000000D  c_w.l(__rtentry2.o)
    0x0800021a   0x0800021a   0x00000002   Code   RO         3791    .ARM.Collect$$rtexit$$00000000  c_w.l(rtexit.o)
    0x0800021c   0x0800021c   0x00000000   Code   RO         3847    .ARM.Collect$$rtexit$$00000002  c_w.l(rtexit2.o)
    0x0800021c   0x0800021c   0x00000004   Code   RO         3848    .ARM.Collect$$rtexit$$00000003  c_w.l(rtexit2.o)
    0x08000220   0x08000220   0x00000006   Code   RO         3849    .ARM.Collect$$rtexit$$00000004  c_w.l(rtexit2.o)
    0x08000226   0x08000226   0x00000002   PAD
    0x08000228   0x08000228   0x00000040   Code   RO            4    .text               startup_stm32f407xx.o
    0x08000268   0x08000268   0x000000ee   Code   RO         3715    .text               c_w.l(lludivv7m.o)
    0x08000356   0x08000356   0x0000004e   Code   RO         3717    .text               c_w.l(rt_memclr_w.o)
    0x080003a4   0x080003a4   0x00000006   Code   RO         3719    .text               c_w.l(heapauxi.o)
    0x080003aa   0x080003aa   0x0000004a   Code   RO         3774    .text               c_w.l(sys_stackheap_outer.o)
    0x080003f4   0x080003f4   0x00000012   Code   RO         3776    .text               c_w.l(exit.o)
    0x08000406   0x08000406   0x00000002   PAD
    0x08000408   0x08000408   0x00000008   Code   RO         3788    .text               c_w.l(libspace.o)
    0x08000410   0x08000410   0x0000000c   Code   RO         3844    .text               c_w.l(sys_exit.o)
    0x0800041c   0x0800041c   0x00000002   Code   RO         3863    .text               c_w.l(use_no_semi.o)
    0x0800041e   0x0800041e   0x00000000   Code   RO         3865    .text               c_w.l(indicate_semi.o)
    0x0800041e   0x0800041e   0x00000002   PAD
    0x08000420   0x08000420   0x0000002c   Code   RO         3442    i.A4950_Init        a4950.o
    0x0800044c   0x0800044c   0x00000050   Code   RO         3443    i.A4950_SetLeft     a4950.o
    0x0800049c   0x0800049c   0x00000054   Code   RO         3444    i.A4950_SetRight    a4950.o
    0x080004f0   0x080004f0   0x0000007e   Code   RO          485    i.ADC_DMAConvCplt   stm32f4xx_hal_adc.o
    0x0800056e   0x0800056e   0x0000001a   Code   RO          486    i.ADC_DMAError      stm32f4xx_hal_adc.o
    0x08000588   0x08000588   0x0000000e   Code   RO          487    i.ADC_DMAHalfConvCplt  stm32f4xx_hal_adc.o
    0x08000596   0x08000596   0x00000002   PAD
    0x08000598   0x08000598   0x00000160   Code   RO          488    i.ADC_Init          stm32f4xx_hal_adc.o
    0x080006f8   0x080006f8   0x00000004   Code   RO          294    i.BusFault_Handler  stm32f4xx_it.o
    0x080006fc   0x080006fc   0x00000020   Code   RO         3531    i.CliffSensor_Init  cliff_sensor.o
    0x0800071c   0x0800071c   0x00000010   Code   RO          295    i.DMA2_Stream0_IRQHandler  stm32f4xx_it.o
    0x0800072c   0x0800072c   0x00000010   Code   RO          296    i.DMA2_Stream7_IRQHandler  stm32f4xx_it.o
    0x0800073c   0x0800073c   0x00000034   Code   RO         1267    i.DMA_CalcBaseAndBitshift  stm32f4xx_hal_dma.o
    0x08000770   0x08000770   0x000000aa   Code   RO         1268    i.DMA_CheckFifoParam  stm32f4xx_hal_dma.o
    0x0800081a   0x0800081a   0x0000002c   Code   RO         1269    i.DMA_SetConfig     stm32f4xx_hal_dma.o
    0x08000846   0x08000846   0x00000002   Code   RO          297    i.DebugMon_Handler  stm32f4xx_it.o
    0x08000848   0x08000848   0x0000002e   Code   RO         3629    i.Encoder_GetCount  encoder.o
    0x08000876   0x08000876   0x00000016   Code   RO         3630    i.Encoder_Init      encoder.o
    0x0800088c   0x0800088c   0x0000000c   Code   RO         3631    i.Encoder_Reset     encoder.o
    0x08000898   0x08000898   0x00000006   Code   RO           13    i.Error_Handler     main.o
    0x0800089e   0x0800089e   0x00000002   PAD
    0x080008a0   0x080008a0   0x0000018c   Code   RO          490    i.HAL_ADC_ConfigChannel  stm32f4xx_hal_adc.o
    0x08000a2c   0x08000a2c   0x00000002   Code   RO         3533    i.HAL_ADC_ConvCpltCallback  cliff_sensor.o
    0x08000a2e   0x08000a2e   0x00000002   Code   RO          492    i.HAL_ADC_ConvHalfCpltCallback  stm32f4xx_hal_adc.o
    0x08000a30   0x08000a30   0x00000002   Code   RO          494    i.HAL_ADC_ErrorCallback  stm32f4xx_hal_adc.o
    0x08000a32   0x08000a32   0x00000002   PAD
    0x08000a34   0x08000a34   0x00000068   Code   RO          499    i.HAL_ADC_Init      stm32f4xx_hal_adc.o
    0x08000a9c   0x08000a9c   0x000000fc   Code   RO          407    i.HAL_ADC_MspInit   stm32f4xx_hal_msp.o
    0x08000b98   0x08000b98   0x000001b4   Code   RO          506    i.HAL_ADC_Start_DMA  stm32f4xx_hal_adc.o
    0x08000d4c   0x08000d4c   0x000000ac   Code   RO         1270    i.HAL_DMA_Abort     stm32f4xx_hal_dma.o
    0x08000df8   0x08000df8   0x00000028   Code   RO         1271    i.HAL_DMA_Abort_IT  stm32f4xx_hal_dma.o
    0x08000e20   0x08000e20   0x00000240   Code   RO         1275    i.HAL_DMA_IRQHandler  stm32f4xx_hal_dma.o
    0x08001060   0x08001060   0x000000ec   Code   RO         1276    i.HAL_DMA_Init      stm32f4xx_hal_dma.o
    0x0800114c   0x0800114c   0x00000092   Code   RO         1280    i.HAL_DMA_Start_IT  stm32f4xx_hal_dma.o
    0x080011de   0x080011de   0x00000002   PAD
    0x080011e0   0x080011e0   0x00000028   Code   RO         1712    i.HAL_Delay         stm32f4xx_hal.o
    0x08001208   0x08001208   0x000001f4   Code   RO         1163    i.HAL_GPIO_Init     stm32f4xx_hal_gpio.o
    0x080013fc   0x080013fc   0x00000010   Code   RO         1165    i.HAL_GPIO_ReadPin  stm32f4xx_hal_gpio.o
    0x0800140c   0x0800140c   0x0000000c   Code   RO         1167    i.HAL_GPIO_WritePin  stm32f4xx_hal_gpio.o
    0x08001418   0x08001418   0x0000000c   Code   RO         1718    i.HAL_GetTick       stm32f4xx_hal.o
    0x08001424   0x08001424   0x00000018   Code   RO         1724    i.HAL_IncTick       stm32f4xx_hal.o
    0x0800143c   0x0800143c   0x0000003c   Code   RO         1725    i.HAL_Init          stm32f4xx_hal.o
    0x08001478   0x08001478   0x0000004c   Code   RO         1726    i.HAL_InitTick      stm32f4xx_hal.o
    0x080014c4   0x080014c4   0x00000048   Code   RO          408    i.HAL_MspInit       stm32f4xx_hal_msp.o
    0x0800150c   0x0800150c   0x00000028   Code   RO         1555    i.HAL_NVIC_EnableIRQ  stm32f4xx_hal_cortex.o
    0x08001534   0x08001534   0x0000007c   Code   RO         1561    i.HAL_NVIC_SetPriority  stm32f4xx_hal_cortex.o
    0x080015b0   0x080015b0   0x00000028   Code   RO         1562    i.HAL_NVIC_SetPriorityGrouping  stm32f4xx_hal_cortex.o
    0x080015d8   0x080015d8   0x00000184   Code   RO          764    i.HAL_RCC_ClockConfig  stm32f4xx_hal_rcc.o
    0x0800175c   0x0800175c   0x0000000c   Code   RO          769    i.HAL_RCC_GetHCLKFreq  stm32f4xx_hal_rcc.o
    0x08001768   0x08001768   0x00000020   Code   RO          771    i.HAL_RCC_GetPCLK1Freq  stm32f4xx_hal_rcc.o
    0x08001788   0x08001788   0x00000020   Code   RO          772    i.HAL_RCC_GetPCLK2Freq  stm32f4xx_hal_rcc.o
    0x080017a8   0x080017a8   0x000000b0   Code   RO          773    i.HAL_RCC_GetSysClockFreq  stm32f4xx_hal_rcc.o
    0x08001858   0x08001858   0x0000049c   Code   RO          776    i.HAL_RCC_OscConfig  stm32f4xx_hal_rcc.o
    0x08001cf4   0x08001cf4   0x00000034   Code   RO         1566    i.HAL_SYSTICK_Config  stm32f4xx_hal_cortex.o
    0x08001d28   0x08001d28   0x00000002   Code   RO         2680    i.HAL_TIMEx_BreakCallback  stm32f4xx_hal_tim_ex.o
    0x08001d2a   0x08001d2a   0x00000002   Code   RO         2681    i.HAL_TIMEx_CommutCallback  stm32f4xx_hal_tim_ex.o
    0x08001d2c   0x08001d2c   0x00000074   Code   RO         2683    i.HAL_TIMEx_ConfigBreakDeadTime  stm32f4xx_hal_tim_ex.o
    0x08001da0   0x08001da0   0x000000b4   Code   RO         2699    i.HAL_TIMEx_MasterConfigSynchronization  stm32f4xx_hal_tim_ex.o
    0x08001e54   0x08001e54   0x00000066   Code   RO         1965    i.HAL_TIM_Base_Init  stm32f4xx_hal_tim.o
    0x08001eba   0x08001eba   0x00000002   PAD
    0x08001ebc   0x08001ebc   0x000000a4   Code   RO          410    i.HAL_TIM_Base_MspInit  stm32f4xx_hal_msp.o
    0x08001f60   0x08001f60   0x0000009c   Code   RO         1968    i.HAL_TIM_Base_Start  stm32f4xx_hal_tim.o
    0x08001ffc   0x08001ffc   0x0000010c   Code   RO         1974    i.HAL_TIM_ConfigClockSource  stm32f4xx_hal_tim.o
    0x08002108   0x08002108   0x000000c8   Code   RO         1986    i.HAL_TIM_Encoder_Init  stm32f4xx_hal_tim.o
    0x080021d0   0x080021d0   0x0000012c   Code   RO          412    i.HAL_TIM_Encoder_MspInit  stm32f4xx_hal_msp.o
    0x080022fc   0x080022fc   0x000000cc   Code   RO         1989    i.HAL_TIM_Encoder_Start  stm32f4xx_hal_tim.o
    0x080023c8   0x080023c8   0x00000002   Code   RO         1999    i.HAL_TIM_IC_CaptureCallback  stm32f4xx_hal_tim.o
    0x080023ca   0x080023ca   0x0000016c   Code   RO         2013    i.HAL_TIM_IRQHandler  stm32f4xx_hal_tim.o
    0x08002536   0x08002536   0x00000002   PAD
    0x08002538   0x08002538   0x000000ac   Code   RO          413    i.HAL_TIM_MspPostInit  stm32f4xx_hal_msp.o
    0x080025e4   0x080025e4   0x00000002   Code   RO         2016    i.HAL_TIM_OC_DelayElapsedCallback  stm32f4xx_hal_tim.o
    0x080025e6   0x080025e6   0x00000104   Code   RO         2037    i.HAL_TIM_PWM_ConfigChannel  stm32f4xx_hal_tim.o
    0x080026ea   0x080026ea   0x00000066   Code   RO         2040    i.HAL_TIM_PWM_Init  stm32f4xx_hal_tim.o
    0x08002750   0x08002750   0x00000002   Code   RO         2042    i.HAL_TIM_PWM_MspInit  stm32f4xx_hal_tim.o
    0x08002752   0x08002752   0x00000002   Code   RO         2043    i.HAL_TIM_PWM_PulseFinishedCallback  stm32f4xx_hal_tim.o
    0x08002754   0x08002754   0x0000010c   Code   RO         2045    i.HAL_TIM_PWM_Start  stm32f4xx_hal_tim.o
    0x08002860   0x08002860   0x00000002   Code   RO         2051    i.HAL_TIM_PeriodElapsedCallback  stm32f4xx_hal_tim.o
    0x08002862   0x08002862   0x00000002   Code   RO         2056    i.HAL_TIM_TriggerCallback  stm32f4xx_hal_tim.o
    0x08002864   0x08002864   0x00000002   Code   RO         2959    i.HAL_UARTEx_RxEventCallback  stm32f4xx_hal_uart.o
    0x08002866   0x08002866   0x00000002   Code   RO         2973    i.HAL_UART_ErrorCallback  stm32f4xx_hal_uart.o
    0x08002868   0x08002868   0x000002e8   Code   RO         2976    i.HAL_UART_IRQHandler  stm32f4xx_hal_uart.o
    0x08002b50   0x08002b50   0x00000076   Code   RO         2977    i.HAL_UART_Init     stm32f4xx_hal_uart.o
    0x08002bc6   0x08002bc6   0x00000002   PAD
    0x08002bc8   0x08002bc8   0x000001ec   Code   RO          415    i.HAL_UART_MspInit  stm32f4xx_hal_msp.o
    0x08002db4   0x08002db4   0x0000002c   Code   RO         2982    i.HAL_UART_Receive_IT  stm32f4xx_hal_uart.o
    0x08002de0   0x08002de0   0x00000048   Code   RO           14    i.HAL_UART_RxCpltCallback  main.o
    0x08002e28   0x08002e28   0x000000be   Code   RO         2985    i.HAL_UART_Transmit  stm32f4xx_hal_uart.o
    0x08002ee6   0x08002ee6   0x00000002   Code   RO         2988    i.HAL_UART_TxCpltCallback  stm32f4xx_hal_uart.o
    0x08002ee8   0x08002ee8   0x00000008   Code   RO         3668    i.HC05_GetRxBytePtr  hc05.o
    0x08002ef0   0x08002ef0   0x0000001c   Code   RO         3669    i.HC05_Init         hc05.o
    0x08002f0c   0x08002f0c   0x00000018   Code   RO           15    i.HC05_OnByteReceived  main.o
    0x08002f24   0x08002f24   0x00000028   Code   RO         3671    i.HC05_UART_RxHandler  hc05.o
    0x08002f4c   0x08002f4c   0x00000004   Code   RO          298    i.HardFault_Handler  stm32f4xx_it.o
    0x08002f50   0x08002f50   0x00000008   Code   RO         3487    i.JY901S_GetData    jy901s.o
    0x08002f58   0x08002f58   0x0000001c   Code   RO         3488    i.JY901S_Init       jy901s.o
    0x08002f74   0x08002f74   0x000001b4   Code   RO         3489    i.JY901S_UART_RxHandler  jy901s.o
    0x08003128   0x08003128   0x00000006   Code   RO         3402    i.Key_GetState      key.o
    0x0800312e   0x0800312e   0x00000010   Code   RO         3403    i.Key_Init          key.o
    0x0800313e   0x0800313e   0x00000078   Code   RO         3404    i.Key_Update        key.o
    0x080031b6   0x080031b6   0x00000020   Code   RO         3357    i.LED_Init          led.o
    0x080031d6   0x080031d6   0x00000002   PAD
    0x080031d8   0x080031d8   0x0000002c   Code   RO           16    i.LED_Init_All      main.o
    0x08003204   0x08003204   0x000000b4   Code   RO           19    i.MX_ADC1_Init      main.o
    0x080032b8   0x080032b8   0x00000048   Code   RO           20    i.MX_DMA_Init       main.o
    0x08003300   0x08003300   0x00000160   Code   RO           21    i.MX_GPIO_Init      main.o
    0x08003460   0x08003460   0x000000e8   Code   RO           22    i.MX_TIM1_Init      main.o
    0x08003548   0x08003548   0x00000078   Code   RO           23    i.MX_TIM2_Init      main.o
    0x080035c0   0x080035c0   0x00000070   Code   RO           24    i.MX_TIM3_Init      main.o
    0x08003630   0x08003630   0x0000007c   Code   RO           25    i.MX_TIM5_Init      main.o
    0x080036ac   0x080036ac   0x0000009c   Code   RO           26    i.MX_TIM9_Init      main.o
    0x08003748   0x08003748   0x00000038   Code   RO           27    i.MX_USART1_UART_Init  main.o
    0x08003780   0x08003780   0x00000038   Code   RO           28    i.MX_USART2_UART_Init  main.o
    0x080037b8   0x080037b8   0x00000038   Code   RO           29    i.MX_USART3_UART_Init  main.o
    0x080037f0   0x080037f0   0x00000004   Code   RO          299    i.MemManage_Handler  stm32f4xx_it.o
    0x080037f4   0x080037f4   0x00000004   Code   RO          300    i.NMI_Handler       stm32f4xx_it.o
    0x080037f8   0x080037f8   0x00000128   Code   RO           30    i.PID_Control_Left  main.o
    0x08003920   0x08003920   0x00000128   Code   RO           31    i.PID_Control_Right  main.o
    0x08003a48   0x08003a48   0x00000002   Code   RO          301    i.PendSV_Handler    stm32f4xx_it.o
    0x08003a4a   0x08003a4a   0x00000002   Code   RO          302    i.SVC_Handler       stm32f4xx_it.o
    0x08003a4c   0x08003a4c   0x00000008   Code   RO          303    i.SysTick_Handler   stm32f4xx_it.o
    0x08003a54   0x08003a54   0x000000b4   Code   RO           33    i.SystemClock_Config  main.o
    0x08003b08   0x08003b08   0x00000014   Code   RO         3321    i.SystemInit        system_stm32f4xx.o
    0x08003b1c   0x08003b1c   0x00000010   Code   RO          304    i.TIM3_IRQHandler   stm32f4xx_it.o
    0x08003b2c   0x08003b2c   0x000000e8   Code   RO         2058    i.TIM_Base_SetConfig  stm32f4xx_hal_tim.o
    0x08003c14   0x08003c14   0x00000022   Code   RO         2059    i.TIM_CCxChannelCmd  stm32f4xx_hal_tim.o
    0x08003c36   0x08003c36   0x00000016   Code   RO         2069    i.TIM_ETR_SetConfig  stm32f4xx_hal_tim.o
    0x08003c4c   0x08003c4c   0x00000012   Code   RO         2070    i.TIM_ITRx_SetConfig  stm32f4xx_hal_tim.o
    0x08003c5e   0x08003c5e   0x00000002   PAD
    0x08003c60   0x08003c60   0x00000070   Code   RO         2071    i.TIM_OC1_SetConfig  stm32f4xx_hal_tim.o
    0x08003cd0   0x08003cd0   0x0000007c   Code   RO         2072    i.TIM_OC2_SetConfig  stm32f4xx_hal_tim.o
    0x08003d4c   0x08003d4c   0x00000078   Code   RO         2073    i.TIM_OC3_SetConfig  stm32f4xx_hal_tim.o
    0x08003dc4   0x08003dc4   0x00000054   Code   RO         2074    i.TIM_OC4_SetConfig  stm32f4xx_hal_tim.o
    0x08003e18   0x08003e18   0x00000026   Code   RO         2076    i.TIM_TI1_ConfigInputStage  stm32f4xx_hal_tim.o
    0x08003e3e   0x08003e3e   0x00000028   Code   RO         2078    i.TIM_TI2_ConfigInputStage  stm32f4xx_hal_tim.o
    0x08003e66   0x08003e66   0x00000014   Code   RO         2990    i.UART_DMAAbortOnError  stm32f4xx_hal_uart.o
    0x08003e7a   0x08003e7a   0x0000006c   Code   RO         3000    i.UART_EndRxTransfer  stm32f4xx_hal_uart.o
    0x08003ee6   0x08003ee6   0x00000020   Code   RO         3001    i.UART_EndTransmit_IT  stm32f4xx_hal_uart.o
    0x08003f06   0x08003f06   0x000000fc   Code   RO         3003    i.UART_Receive_IT   stm32f4xx_hal_uart.o
    0x08004002   0x08004002   0x00000002   PAD
    0x08004004   0x08004004   0x0000022c   Code   RO         3004    i.UART_SetConfig    stm32f4xx_hal_uart.o
    0x08004230   0x08004230   0x00000040   Code   RO         3006    i.UART_Start_Receive_IT  stm32f4xx_hal_uart.o
    0x08004270   0x08004270   0x00000060   Code   RO         3007    i.UART_Transmit_IT  stm32f4xx_hal_uart.o
    0x080042d0   0x080042d0   0x0000008c   Code   RO         3008    i.UART_WaitOnFlagUntilTimeout  stm32f4xx_hal_uart.o
    0x0800435c   0x0800435c   0x00000010   Code   RO          305    i.USART1_IRQHandler  stm32f4xx_it.o
    0x0800436c   0x0800436c   0x00000010   Code   RO          306    i.USART2_IRQHandler  stm32f4xx_it.o
    0x0800437c   0x0800437c   0x00000010   Code   RO          307    i.USART3_IRQHandler  stm32f4xx_it.o
    0x0800438c   0x0800438c   0x00000004   Code   RO          308    i.UsageFault_Handler  stm32f4xx_it.o
    0x08004390   0x08004390   0x00000010   Code   RO         1568    i.__NVIC_GetPriorityGrouping  stm32f4xx_hal_cortex.o
    0x080043a0   0x080043a0   0x00000028   Code   RO         1569    i.__NVIC_SetPriority  stm32f4xx_hal_cortex.o
    0x080043c8   0x080043c8   0x000002fc   Code   RO           34    i.main              main.o
    0x080046c4   0x080046c4   0x00000062   Code   RO         3723    x$fpl$d2f           fz_wm.l(d2f.o)
    0x08004726   0x08004726   0x00000002   PAD
    0x08004728   0x08004728   0x000002b0   Code   RO         3726    x$fpl$ddiv          fz_wm.l(ddiv.o)
    0x080049d8   0x080049d8   0x0000005e   Code   RO         3729    x$fpl$dfix          fz_wm.l(dfix.o)
    0x08004a36   0x08004a36   0x00000026   Code   RO         3733    x$fpl$dfltu         fz_wm.l(dflt_clz.o)
    0x08004a5c   0x08004a5c   0x00000154   Code   RO         3739    x$fpl$dmul          fz_wm.l(dmul.o)
    0x08004bb0   0x08004bb0   0x0000009c   Code   RO         3748    x$fpl$dnaninf       fz_wm.l(dnaninf.o)
    0x08004c4c   0x08004c4c   0x0000000c   Code   RO         3750    x$fpl$dretinf       fz_wm.l(dretinf.o)
    0x08004c58   0x08004c58   0x00000056   Code   RO         3741    x$fpl$f2d           fz_wm.l(f2d.o)
    0x08004cae   0x08004cae   0x0000008c   Code   RO         3752    x$fpl$fnaninf       fz_wm.l(fnaninf.o)
    0x08004d3a   0x08004d3a   0x0000000a   Code   RO         3859    x$fpl$fpinit        fz_wm.l(fpinit.o)
    0x08004d44   0x08004d44   0x0000000a   Code   RO         3754    x$fpl$fretinf       fz_wm.l(fretinf.o)
    0x08004d4e   0x08004d4e   0x00000000   Code   RO         3756    x$fpl$usenofp       fz_wm.l(usenofp.o)
    0x08004d4e   0x08004d4e   0x00000008   Data   RO         1282    .constdata          stm32f4xx_hal_dma.o
    0x08004d56   0x08004d56   0x00000018   Data   RO         3322    .constdata          system_stm32f4xx.o
    0x08004d6e   0x08004d6e   0x00000002   PAD
    0x08004d70   0x08004d70   0x00000020   Data   RO         3915    Region$$Table       anon$$obj.o


    Execution Region RW_IRAM1 (Exec base: 0x20000000, Load base: 0x08004d90, Size: 0x00000b58, Max: 0x0001c000, ABSOLUTE)

    Exec Addr    Load Addr    Size         Type   Attr      Idx    E Section Name        Object

    0x20000000   0x08004d90   0x000000c8   Data   RW           36    .data               main.o
    0x200000c8   0x08004e58   0x00000009   Data   RW         1732    .data               stm32f4xx_hal.o
    0x200000d1   0x08004e61   0x00000003   PAD
    0x200000d4   0x08004e64   0x00000004   Data   RW         3323    .data               system_stm32f4xx.o
    0x200000d8   0x08004e68   0x00000004   Data   RW         3491    .data               jy901s.o
    0x200000dc   0x08004e6c   0x00000010   Data   RW         3534    .data               cliff_sensor.o
    0x200000ec   0x08004e7c   0x00000005   Data   RW         3672    .data               hc05.o
    0x200000f1   0x08004e81   0x00000003   PAD
    0x200000f4        -       0x000003d3   Zero   RW           35    .bss                main.o
    0x200004c7   0x08004e81   0x00000001   PAD
    0x200004c8        -       0x0000002f   Zero   RW         3490    .bss                jy901s.o
    0x200004f7   0x08004e81   0x00000001   PAD
    0x200004f8        -       0x00000060   Zero   RW         3789    .bss                c_w.l(libspace.o)
    0x20000558        -       0x00000200   Zero   RW            2    HEAP                startup_stm32f407xx.o
    0x20000758        -       0x00000400   Zero   RW            1    STACK               startup_stm32f407xx.o


    Execution Region RW_IRAM2 (Exec base: 0x2001c000, Load base: 0x08004e84, Size: 0x00000000, Max: 0x00004000, ABSOLUTE)

    **** No section assigned to this execution region ****


==============================================================================

Image component sizes


      Code (inc. data)   RO Data    RW Data    ZI Data      Debug   Object Name

       208         24          0          0          0       1658   a4950.o
        34         12          0         16          0       1811   cliff_sensor.o
        80          0          0          0          0       2350   encoder.o
        76         22          0          5          0       2059   hc05.o
       472         32          0          4         47       2547   jy901s.o
       142          0          0          0          0       2575   key.o
        32          0          0          0          0       1207   led.o
      3198        372          0        200        979     720790   main.o
        64         26        392          0       1536        836   startup_stm32f407xx.o
       212         36          0          9          0       9405   stm32f4xx_hal.o
      1458         66          0          0          0       6798   stm32f4xx_hal_adc.o
       312         22          0          0          0      34335   stm32f4xx_hal_cortex.o
      1436         16          8          0          0       7030   stm32f4xx_hal_dma.o
       528         46          0          0          0       2783   stm32f4xx_hal_gpio.o
      1452        120          0          0          0       5253   stm32f4xx_hal_msp.o
      1820         84          0          0          0       5620   stm32f4xx_hal_rcc.o
      2760        142          0          0          0      19208   stm32f4xx_hal_tim.o
       300         30          0          0          0       3353   stm32f4xx_hal_tim_ex.o
      2370         14          0          0          0      12520   stm32f4xx_hal_uart.o
       130         36          0          0          0       7228   stm32f4xx_it.o
        20          6         24          4          0       1127   system_stm32f4xx.o

    ----------------------------------------------------------------------
     17124       1106        458        244       2564     850493   Object Totals
         0          0         32          0          0          0   (incl. Generated)
        20          0          2          6          2          0   (incl. Padding)

    ----------------------------------------------------------------------

      Code (inc. data)   RO Data    RW Data    ZI Data      Debug   Library Member Name

         8          0          0          0          0         68   __main.o
         0          0          0          0          0          0   __rtentry.o
        12          0          0          0          0          0   __rtentry2.o
         6          0          0          0          0          0   __rtentry4.o
        52          8          0          0          0          0   __scatter.o
        26          0          0          0          0          0   __scatter_copy.o
        28          0          0          0          0          0   __scatter_zi.o
        18          0          0          0          0         80   exit.o
         6          0          0          0          0        152   heapauxi.o
         0          0          0          0          0          0   indicate_semi.o
         2          0          0          0          0          0   libinit.o
         6          0          0          0          0          0   libinit2.o
         2          0          0          0          0          0   libshutdown.o
         2          0          0          0          0          0   libshutdown2.o
         8          4          0          0         96         68   libspace.o
       238          0          0          0          0        100   lludivv7m.o
        78          0          0          0          0         80   rt_memclr_w.o
         2          0          0          0          0          0   rtexit.o
        10          0          0          0          0          0   rtexit2.o
        12          4          0          0          0         68   sys_exit.o
        74          0          0          0          0         80   sys_stackheap_outer.o
         2          0          0          0          0         68   use_no_semi.o
        98          4          0          0          0        140   d2f.o
       688        140          0          0          0        256   ddiv.o
        94          4          0          0          0        140   dfix.o
        38          0          0          0          0        116   dflt_clz.o
       340         12          0          0          0        152   dmul.o
       156          4          0          0          0        140   dnaninf.o
        12          0          0          0          0        116   dretinf.o
        86          4          0          0          0        132   f2d.o
       140          4          0          0          0        132   fnaninf.o
        10          0          0          0          0        116   fpinit.o
        10          0          0          0          0        116   fretinf.o
         0          0          0          0          0          0   usenofp.o

    ----------------------------------------------------------------------
      2274        188          0          0         96       2320   Library Totals
        10          0          0          0          0          0   (incl. Padding)

    ----------------------------------------------------------------------

      Code (inc. data)   RO Data    RW Data    ZI Data      Debug   Library Name

       592         16          0          0         96        764   c_w.l
      1672        172          0          0          0       1556   fz_wm.l

    ----------------------------------------------------------------------
      2274        188          0          0         96       2320   Library Totals

    ----------------------------------------------------------------------

==============================================================================


      Code (inc. data)   RO Data    RW Data    ZI Data      Debug   

     19398       1294        458        244       2660     838353   Grand Totals
     19398       1294        458        244       2660     838353   ELF Image Totals
     19398       1294        458        244          0          0   ROM Totals

==============================================================================

    Total RO  Size (Code + RO Data)                19856 (  19.39kB)
    Total RW  Size (RW Data + ZI Data)              2904 (   2.84kB)
    Total ROM Size (Code + RO Data + RW Data)      20100 (  19.63kB)

==============================================================================

