<html>
<body>
<pre>
<h1>µVision Build Log</h1>
<h2>Tool Versions:</h2>
IDE-Version: ÂµVision V5.41.0.0
Copyright (C) 2024 ARM Ltd and ARM Germany GmbH. All rights reserved.
License Information: AA Ð¤·¶ìÚ, AA, LIC=14HV2-9WSHN-WFJI7-ESVKY-1VVYW-ME12R
 
Tool Versions:
Toolchain:       MDK-ARM Plus  Version: 5.41.0.0
Toolchain Path:  D:\Keil5\ARM\ARMCC\Bin
C Compiler:      Armcc.exe V5.06 update 5 (build 528)
Assembler:       Armasm.exe V5.06 update 5 (build 528)
Linker/Locator:  ArmLink.exe V5.06 update 5 (build 528)
Library Manager: ArmAr.exe V5.06 update 5 (build 528)
Hex Converter:   FromElf.exe V5.06 update 5 (build 528)
CPU DLL:         SARMCM3.DLL V5.41.0.0
Dialog DLL:      DCM.DLL V1.17.5.0
Target DLL:      STLink\ST-LINKIII-KEIL_SWO.dll V3.3.0.0
Dialog DLL:      TCM.DLL V1.56.4.0
 
<h2>Project:</h2>
E:\STM32Project\wdl\Sweeping6.0\MDK-ARM\SRobo.uvprojx
Project File Date:  06/02/2025

<h2>Output:</h2>
*** Using Compiler 'V5.06 update 5 (build 528)', folder: 'D:\Keil5\ARM\ARMCC\Bin'
Build target 'SRobo'
compiling main.c...
../app/hc05/hc05.h(50): warning:  #1-D: last line of file ends without a newline
  #endif
..\app\PID\PID.h(19): warning:  #1-D: last line of file ends without a newline
  #endif
../Core/Src/main.c(288): warning:  #188-D: enumerated type mixed with another type
  			robot_mode = HC05_GetControlMode();
../Core/Src/main.c(409): warning:  #167-D: argument of type "int *" is incompatible with parameter of type "uint32_t *"
          ResetRobotState(&x, &y, &distance_all, &rounds, crash_flag);
../Core/Src/main.c(424): warning:  #1035-D: single-precision operand implicitly converted to double-precision
      distance = ((left_speed + right_speed) / 2 * 1.25) * ROUND_TIME / 1000.0f; // ï¿½ï¿½ï¿½ï¿½ï¿½ï¿½ï¿½ï¿½ï¿½ï¿½ï¿½ï¿½ï¿½ï¿½ï¿½ï¿½ï¿½ï¿½ï¿½ï¿½
../Core/Src/main.c(427): warning:  #1035-D: single-precision operand implicitly converted to double-precision
      x += distance * sin(-yaw_deg * 
_PI / 180.0f);
../Core/Src/main.c(428): warning:  #1035-D: single-precision operand implicitly converted to double-precision
      y += distance * cos(-yaw_deg * 
_PI / 180.0f);
../Core/Src/main.c(447): warning:  #550-D: parameter "crash_flag"  was set but never used
  void ResetRobotState(float* x, float* y, float* distance_all, uint32_t* rounds, int crash_flag) {
../Core/Src/main.c(114): warning:  #177-D: variable "key0_last_tick"  was declared but never referenced
  static uint32_t key0_last_tick = 0;
../Core/Src/main.c(115): warning:  #177-D: variable "key1_last_tick"  was declared but never referenced
  static uint32_t key1_last_tick = 0;
../Core/Src/main.c(116): warning:  #177-D: variable "temp_speed_left"  was declared but never referenced
  static int8_t temp_speed_left = 0;
../Core/Src/main.c(117): warning:  #177-D: variable "temp_speed_right"  was declared but never referenced
  static int8_t temp_speed_right = 0;
../Core/Src/main.c: 12 warnings, 0 errors
linking...
Program Size: Code=25990 RO-data=746 RW-data=340 ZI-data=2676  
FromELF: creating hex file...
"SRobo\SRobo.axf" - 0 Error(s), 12 Warning(s).

<h2>Software Packages used:</h2>

Package Vendor: ARM
                https://www.keil.com/pack/ARM.CMSIS.6.1.0.pack
                ARM::CMSIS@6.1.0
                CMSIS (Common Microcontroller Software Interface Standard)
   * Component: CORE Version: 6.1.0

Package Vendor: Keil
                https://www.keil.com/pack/Keil.STM32F4xx_DFP.2.17.1.pack
                Keil::STM32F4xx_DFP@2.17.1
                STMicroelectronics STM32F4 Series Device Support, Drivers and Examples

<h2>Collection of Component include folders:</h2>
  ./RTE/_SRobo
  D:/Keil5/ARM/PACK/ARM/CMSIS/6.1.0/CMSIS/Core/Include
  D:/Keil5/ARM/PACK/Keil/STM32F4xx_DFP/2.17.1/Drivers/CMSIS/Device/ST/STM32F4xx/Include

<h2>Collection of Component Files used:</h2>

   * Component: ARM::CMSIS:CORE@6.1.0
      Include file:  CMSIS/Core/Include/tz_context.h
Build Time Elapsed:  00:00:03
</pre>
</body>
</html>
